#
# There is insufficient memory for the Java Runtime Environment to continue.
# Native memory allocation (malloc) failed to allocate 1349760 bytes. Error detail: Chunk::new
# Possible reasons:
#   The system is out of physical RAM or swap space
#   This process is running with CompressedOops enabled, and the Java Heap may be blocking the growth of the native heap
# Possible solutions:
#   Reduce memory load on the system
#   Increase physical memory or swap space
#   Check if swap backing store is full
#   Decrease Java heap size (-Xmx/-Xms)
#   Decrease number of Java threads
#   Decrease Java thread stack sizes (-Xss)
#   Set larger code cache with -XX:ReservedCodeCacheSize=
#   JVM is running with Unscaled Compressed Oops mode in which the Java heap is
#     placed in the first 4GB address space. The Java Heap base address is the
#     maximum limit for the native heap growth. Please use -XX:HeapBaseMinAddress
#     to set the Java Heap base and to place the Java Heap above 4GB virtual address.
# This output file may be truncated or incomplete.
#
#  Out of Memory Error (arena.cpp:168), pid=24376, tid=9484
#
# JRE version: OpenJDK Runtime Environment Temurin-21.0.10+7 (21.0.10+7) (build 21.0.10+7-LTS)
# Java VM: OpenJDK 64-Bit Server VM Temurin-21.0.10+7 (21.0.10+7-LTS, mixed mode, sharing, tiered, compressed oops, compressed class ptrs, g1 gc, windows-amd64)
# No core dump will be written. Minidumps are not enabled by default on client versions of Windows
#

---------------  S U M M A R Y ------------

Command Line: --add-opens=java.base/java.lang=ALL-UNNAMED --add-opens=java.base/java.lang.invoke=ALL-UNNAMED --add-opens=java.base/java.util=ALL-UNNAMED --add-opens=java.prefs/java.util.prefs=ALL-UNNAMED --add-exports=jdk.compiler/com.sun.tools.javac.api=ALL-UNNAMED --add-exports=jdk.compiler/com.sun.tools.javac.util=ALL-UNNAMED --add-opens=java.base/java.util=ALL-UNNAMED --add-opens=java.prefs/java.util.prefs=ALL-UNNAMED --add-opens=java.base/java.nio.charset=ALL-UNNAMED --add-opens=java.base/java.net=ALL-UNNAMED --add-opens=java.base/java.util.concurrent.atomic=ALL-UNNAMED --add-opens=java.xml/javax.xml.namespace=ALL-UNNAMED -XX:MaxMetaspaceSize=384m -XX:+HeapDumpOnOutOfMemoryError -Xms256m -Xmx512m -Dfile.encoding=UTF-8 -Duser.country=US -Duser.language=en -Duser.variant -javaagent:C:\Users\user\.gradle\wrapper\dists\gradle-8.14.4-bin\92wwslzcyst3phie3o264zltu\gradle-8.14.4\lib\agents\gradle-instrumentation-agent-8.14.4.jar org.gradle.launcher.daemon.bootstrap.GradleDaemon 8.14.4

Host: 11th Gen Intel(R) Core(TM) i5-1135G7 @ 2.40GHz, 8 cores, 7G,  Windows 11 , 64 bit Build 26100 (10.0.26100.8328)
Time: Thu May 14 18:33:36 2026 Korea Standard Time elapsed time: 30.856710 seconds (0d 0h 0m 30s)

---------------  T H R E A D  ---------------

Current thread (0x0000019045132a30):  JavaThread "C2 CompilerThread0" daemon [_thread_in_native, id=9484, stack(0x0000005585400000,0x0000005585500000) (1024K)]


Current CompileTask:
C2:30857 8139 %     4       org.gradle.internal.instantiation.generator.AbstractClassGenerator::inspectType @ 193 (602 bytes)

Stack: [0x0000005585400000,0x0000005585500000]
Native frames: (J=compiled Java code, j=interpreted, Vv=VM code, C=native code)
V  [jvm.dll+0x6d7a39]
V  [jvm.dll+0x8b4b26]
V  [jvm.dll+0x8b70de]
V  [jvm.dll+0x8b77c3]
V  [jvm.dll+0x284346]
V  [jvm.dll+0xc66ed]
V  [jvm.dll+0xc6c31]
V  [jvm.dll+0x3bec3b]
V  [jvm.dll+0x38b162]
V  [jvm.dll+0x38a5aa]
V  [jvm.dll+0x24c560]
V  [jvm.dll+0x24bb40]
V  [jvm.dll+0x1cb34e]
V  [jvm.dll+0x25b85d]
V  [jvm.dll+0x259dea]
V  [jvm.dll+0x3f857e]
V  [jvm.dll+0x85f59d]
V  [jvm.dll+0x6d626d]
C  [ucrtbase.dll+0x37b0]
C  [KERNEL32.DLL+0x2e957]
C  [ntdll.dll+0x427c]


---------------  P R O C E S S  ---------------

Threads class SMR info:
_java_thread_list=0x000001905f1f9110, length=70, elements={
0x000001902f788380, 0x0000019045125c00, 0x0000019045129390, 0x000001904512cb20,
0x000001904512d580, 0x000001904512dfe0, 0x0000019045132090, 0x0000019045132a30,
0x000001904513b100, 0x000001904524a850, 0x0000019045354300, 0x000001905ffd0080,
0x000001905fd9af50, 0x0000019045cfc8b0, 0x000001906004c8c0, 0x000001906003fce0,
0x000001906000f290, 0x000001905ff02a60, 0x000001905ff937d0, 0x000001905ff944f0,
0x000001905ff93e60, 0x000001905ff91070, 0x000001905ff91700, 0x000001905ff91d90,
0x000001905ff92ab0, 0x000001905ff93140, 0x0000019060b69bc0, 0x0000019060b69530,
0x0000019060b6af70, 0x0000019060b6b600, 0x0000019060b6bc90, 0x0000019060b68810,
0x0000019060b6ea80, 0x0000019060b6dd60, 0x0000019060b6c9b0, 0x0000019060b6f7a0,
0x0000019060b6c320, 0x00000190619a2880, 0x00000190619a14d0, 0x00000190619a1b60,
0x00000190619a2f10, 0x000001906199fa90, 0x00000190619a35a0, 0x00000190619a21f0,
0x00000190619a0120, 0x00000190619a3c30, 0x00000190619a07b0, 0x00000190619a42c0,
0x00000190619a0e40, 0x00000190619a4950, 0x00000190619a4fe0, 0x00000190619a70b0,
0x00000190619a5670, 0x00000190619a5d00, 0x00000190619a6390, 0x00000190619a6a20,
0x0000019061f35ff0, 0x0000019061f36d10, 0x00000190605ef680, 0x0000019061f36680,
0x0000019061f373a0, 0x0000019061f37a30, 0x0000019061f38750, 0x0000019061f35960,
0x0000019061f352d0, 0x0000019061f38de0, 0x0000019061f3c8f0, 0x0000019061f3c260,
0x0000019061f3aeb0, 0x0000019061f3b540
}

Java Threads: ( => current thread )
  0x000001902f788380 JavaThread "main"                              [_thread_blocked, id=24744, stack(0x0000005584600000,0x0000005584700000) (1024K)]
  0x0000019045125c00 JavaThread "Reference Handler"          daemon [_thread_blocked, id=22764, stack(0x0000005584e00000,0x0000005584f00000) (1024K)]
  0x0000019045129390 JavaThread "Finalizer"                  daemon [_thread_blocked, id=22928, stack(0x0000005584f00000,0x0000005585000000) (1024K)]
  0x000001904512cb20 JavaThread "Signal Dispatcher"          daemon [_thread_blocked, id=21324, stack(0x0000005585000000,0x0000005585100000) (1024K)]
  0x000001904512d580 JavaThread "Attach Listener"            daemon [_thread_blocked, id=14752, stack(0x0000005585100000,0x0000005585200000) (1024K)]
  0x000001904512dfe0 JavaThread "Service Thread"             daemon [_thread_blocked, id=22228, stack(0x0000005585200000,0x0000005585300000) (1024K)]
  0x0000019045132090 JavaThread "Monitor Deflation Thread"   daemon [_thread_blocked, id=24076, stack(0x0000005585300000,0x0000005585400000) (1024K)]
=>0x0000019045132a30 JavaThread "C2 CompilerThread0"         daemon [_thread_in_native, id=9484, stack(0x0000005585400000,0x0000005585500000) (1024K)]
  0x000001904513b100 JavaThread "C1 CompilerThread0"         daemon [_thread_blocked, id=22860, stack(0x0000005585500000,0x0000005585600000) (1024K)]
  0x000001904524a850 JavaThread "Common-Cleaner"             daemon [_thread_blocked, id=2112, stack(0x0000005585600000,0x0000005585700000) (1024K)]
  0x0000019045354300 JavaThread "Notification Thread"        daemon [_thread_blocked, id=21728, stack(0x0000005585700000,0x0000005585800000) (1024K)]
  0x000001905ffd0080 JavaThread "Daemon health stats"               [_thread_blocked, id=23800, stack(0x0000005585e00000,0x0000005585f00000) (1024K)]
  0x000001905fd9af50 JavaThread "Incoming local TCP Connector on port 57317"        [_thread_in_native, id=5576, stack(0x0000005585800000,0x0000005585900000) (1024K)]
  0x0000019045cfc8b0 JavaThread "Daemon periodic checks"            [_thread_blocked, id=16008, stack(0x0000005585f00000,0x0000005586000000) (1024K)]
  0x000001906004c8c0 JavaThread "Daemon"                            [_thread_blocked, id=21528, stack(0x0000005586000000,0x0000005586100000) (1024K)]
  0x000001906003fce0 JavaThread "Handler for socket connection from /127.0.0.1:57317 to /127.0.0.1:57318"        [_thread_in_native, id=21484, stack(0x0000005586100000,0x0000005586200000) (1024K)]
  0x000001906000f290 JavaThread "Cancel handler"                    [_thread_blocked, id=15600, stack(0x0000005586200000,0x0000005586300000) (1024K)]
  0x000001905ff02a60 JavaThread "Daemon worker"                     [_thread_blocked, id=25780, stack(0x0000005586300000,0x0000005586400000) (1024K)]
  0x000001905ff937d0 JavaThread "Asynchronous log dispatcher for DefaultDaemonConnection: socket connection from /127.0.0.1:57317 to /127.0.0.1:57318"        [_thread_blocked, id=14972, stack(0x0000005586400000,0x0000005586500000) (1024K)]
  0x000001905ff944f0 JavaThread "Stdin handler"                     [_thread_blocked, id=27432, stack(0x0000005586500000,0x0000005586600000) (1024K)]
  0x000001905ff93e60 JavaThread "Daemon client event forwarder"        [_thread_blocked, id=4236, stack(0x0000005586600000,0x0000005586700000) (1024K)]
  0x000001905ff91070 JavaThread "Cache worker for journal cache (C:\Users\user\.gradle\caches\journal-1)"        [_thread_blocked, id=16724, stack(0x0000005586700000,0x0000005586800000) (1024K)]
  0x000001905ff91700 JavaThread "File lock request listener"        [_thread_in_native, id=21772, stack(0x0000005586800000,0x0000005586900000) (1024K)]
  0x000001905ff91d90 JavaThread "Cache worker for file hash cache (C:\Users\user\.gradle\caches\8.14.4\fileHashes)"        [_thread_blocked, id=17904, stack(0x0000005586900000,0x0000005586a00000) (1024K)]
  0x000001905ff92ab0 JavaThread "Cache worker for file hash cache (D:\SignBridge_BE\.gradle\8.14.4\fileHashes)"        [_thread_blocked, id=26060, stack(0x0000005586e00000,0x0000005586f00000) (1024K)]
  0x000001905ff93140 JavaThread "Cache worker for Build Output Cleanup Cache (D:\SignBridge_BE\.gradle\buildOutputCleanup)"        [_thread_blocked, id=26064, stack(0x0000005586f00000,0x0000005587000000) (1024K)]
  0x0000019060b69bc0 JavaThread "File watcher server"        daemon [_thread_in_native, id=13676, stack(0x0000005587000000,0x0000005587100000) (1024K)]
  0x0000019060b69530 JavaThread "File watcher consumer"      daemon [_thread_blocked, id=22784, stack(0x0000005587100000,0x0000005587200000) (1024K)]
  0x0000019060b6af70 JavaThread "jar transforms"                    [_thread_blocked, id=17388, stack(0x0000005586a00000,0x0000005586b00000) (1024K)]
  0x0000019060b6b600 JavaThread "jar transforms Thread 2"           [_thread_blocked, id=24592, stack(0x0000005587200000,0x0000005587300000) (1024K)]
  0x0000019060b6bc90 JavaThread "Cache worker for checksums cache (D:\SignBridge_BE\.gradle\8.14.4\checksums)"        [_thread_blocked, id=19008, stack(0x0000005587300000,0x0000005587400000) (1024K)]
  0x0000019060b68810 JavaThread "Cache worker for file content cache (C:\Users\user\.gradle\caches\8.14.4\fileContent)"        [_thread_blocked, id=15856, stack(0x0000005587400000,0x0000005587500000) (1024K)]
  0x0000019060b6ea80 JavaThread "jar transforms Thread 3"           [_thread_blocked, id=18800, stack(0x0000005587600000,0x0000005587700000) (1024K)]
  0x0000019060b6dd60 JavaThread "jar transforms Thread 4"           [_thread_blocked, id=21736, stack(0x0000005587700000,0x0000005587800000) (1024K)]
  0x0000019060b6c9b0 JavaThread "Cache worker for cache directory md-supplier (C:\Users\user\.gradle\caches\8.14.4\md-supplier)"        [_thread_blocked, id=17172, stack(0x0000005587900000,0x0000005587a00000) (1024K)]
  0x0000019060b6f7a0 JavaThread "Cache worker for cache directory md-rule (C:\Users\user\.gradle\caches\8.14.4\md-rule)"        [_thread_blocked, id=25120, stack(0x0000005587a00000,0x0000005587b00000) (1024K)]
  0x0000019060b6c320 JavaThread "jar transforms Thread 5"           [_thread_blocked, id=25084, stack(0x0000005587500000,0x0000005587600000) (1024K)]
  0x00000190619a2880 JavaThread "Unconstrained build operations"        [_thread_blocked, id=27172, stack(0x0000005587800000,0x0000005587900000) (1024K)]
  0x00000190619a14d0 JavaThread "Unconstrained build operations Thread 2"        [_thread_blocked, id=21624, stack(0x0000005587b00000,0x0000005587c00000) (1024K)]
  0x00000190619a1b60 JavaThread "Unconstrained build operations Thread 3"        [_thread_blocked, id=26040, stack(0x0000005587c00000,0x0000005587d00000) (1024K)]
  0x00000190619a2f10 JavaThread "Unconstrained build operations Thread 4"        [_thread_blocked, id=6828, stack(0x0000005587d00000,0x0000005587e00000) (1024K)]
  0x000001906199fa90 JavaThread "Unconstrained build operations Thread 5"        [_thread_blocked, id=25416, stack(0x0000005587e00000,0x0000005587f00000) (1024K)]
  0x00000190619a35a0 JavaThread "Unconstrained build operations Thread 6"        [_thread_blocked, id=26680, stack(0x0000005587f00000,0x0000005588000000) (1024K)]
  0x00000190619a21f0 JavaThread "Unconstrained build operations Thread 7"        [_thread_blocked, id=740, stack(0x0000005588000000,0x0000005588100000) (1024K)]
  0x00000190619a0120 JavaThread "Unconstrained build operations Thread 8"        [_thread_blocked, id=9700, stack(0x0000005588100000,0x0000005588200000) (1024K)]
  0x00000190619a3c30 JavaThread "Unconstrained build operations Thread 9"        [_thread_blocked, id=16244, stack(0x0000005588200000,0x0000005588300000) (1024K)]
  0x00000190619a07b0 JavaThread "Unconstrained build operations Thread 10"        [_thread_blocked, id=4512, stack(0x0000005588300000,0x0000005588400000) (1024K)]
  0x00000190619a42c0 JavaThread "Unconstrained build operations Thread 11"        [_thread_blocked, id=2900, stack(0x0000005588400000,0x0000005588500000) (1024K)]
  0x00000190619a0e40 JavaThread "Unconstrained build operations Thread 12"        [_thread_blocked, id=24216, stack(0x0000005588500000,0x0000005588600000) (1024K)]
  0x00000190619a4950 JavaThread "Unconstrained build operations Thread 13"        [_thread_blocked, id=12020, stack(0x0000005588600000,0x0000005588700000) (1024K)]
  0x00000190619a4fe0 JavaThread "Unconstrained build operations Thread 14"        [_thread_blocked, id=10796, stack(0x0000005588700000,0x0000005588800000) (1024K)]
  0x00000190619a70b0 JavaThread "Unconstrained build operations Thread 15"        [_thread_blocked, id=7804, stack(0x0000005588800000,0x0000005588900000) (1024K)]
  0x00000190619a5670 JavaThread "Unconstrained build operations Thread 16"        [_thread_blocked, id=18760, stack(0x0000005588900000,0x0000005588a00000) (1024K)]
  0x00000190619a5d00 JavaThread "Unconstrained build operations Thread 17"        [_thread_blocked, id=24292, stack(0x0000005588a00000,0x0000005588b00000) (1024K)]
  0x00000190619a6390 JavaThread "Unconstrained build operations Thread 18"        [_thread_blocked, id=26524, stack(0x0000005588b00000,0x0000005588c00000) (1024K)]
  0x00000190619a6a20 JavaThread "Unconstrained build operations Thread 19"        [_thread_blocked, id=10888, stack(0x0000005588c00000,0x0000005588d00000) (1024K)]
  0x0000019061f35ff0 JavaThread "Unconstrained build operations Thread 20"        [_thread_blocked, id=22568, stack(0x0000005588d00000,0x0000005588e00000) (1024K)]
  0x0000019061f36d10 JavaThread "Unconstrained build operations Thread 21"        [_thread_blocked, id=21144, stack(0x0000005588e00000,0x0000005588f00000) (1024K)]
  0x00000190605ef680 JavaThread "C2 CompilerThread1"         daemon [_thread_blocked, id=2260, stack(0x0000005588f00000,0x0000005589000000) (1024K)]
  0x0000019061f36680 JavaThread "Memory manager"                    [_thread_blocked, id=15220, stack(0x0000005589000000,0x0000005589100000) (1024K)]
  0x0000019061f373a0 JavaThread "jar transforms Thread 6"           [_thread_blocked, id=3448, stack(0x0000005589100000,0x0000005589200000) (1024K)]
  0x0000019061f37a30 JavaThread "included builds"                   [_thread_in_native, id=7736, stack(0x0000005589200000,0x0000005589300000) (1024K)]
  0x0000019061f38750 JavaThread "Execution worker"                  [_thread_blocked, id=2296, stack(0x0000005589300000,0x0000005589400000) (1024K)]
  0x0000019061f35960 JavaThread "Execution worker Thread 2"         [_thread_blocked, id=12808, stack(0x0000005589400000,0x0000005589500000) (1024K)]
  0x0000019061f352d0 JavaThread "Execution worker Thread 3"         [_thread_blocked, id=22788, stack(0x0000005589500000,0x0000005589600000) (1024K)]
  0x0000019061f38de0 JavaThread "Execution worker Thread 4"         [_thread_blocked, id=10028, stack(0x0000005589600000,0x0000005589700000) (1024K)]
  0x0000019061f3c8f0 JavaThread "Execution worker Thread 5"         [_thread_blocked, id=26912, stack(0x0000005589700000,0x0000005589800000) (1024K)]
  0x0000019061f3c260 JavaThread "Execution worker Thread 6"         [_thread_blocked, id=5380, stack(0x0000005589800000,0x0000005589900000) (1024K)]
  0x0000019061f3aeb0 JavaThread "Execution worker Thread 7"         [_thread_blocked, id=21712, stack(0x0000005589900000,0x0000005589a00000) (1024K)]
  0x0000019061f3b540 JavaThread "Cache worker for execution history cache (D:\SignBridge_BE\.gradle\8.14.4\executionHistory)"        [_thread_blocked, id=12036, stack(0x0000005589a00000,0x0000005589b00000) (1024K)]
Total: 70

Other Threads:
  0x0000019045109770 VMThread "VM Thread"                           [id=12484, stack(0x0000005584d00000,0x0000005584e00000) (1024K)]
  0x00000190450fb140 WatcherThread "VM Periodic Task Thread"        [id=332, stack(0x0000005584c00000,0x0000005584d00000) (1024K)]
  0x000001902f7b46d0 WorkerThread "GC Thread#0"                     [id=26044, stack(0x0000005584700000,0x0000005584800000) (1024K)]
  0x00000190453e30d0 WorkerThread "GC Thread#1"                     [id=25040, stack(0x0000005585900000,0x0000005585a00000) (1024K)]
  0x00000190453e3480 WorkerThread "GC Thread#2"                     [id=12276, stack(0x0000005585a00000,0x0000005585b00000) (1024K)]
  0x00000190453e3830 WorkerThread "GC Thread#3"                     [id=23872, stack(0x0000005585b00000,0x0000005585c00000) (1024K)]
  0x00000190453e3be0 WorkerThread "GC Thread#4"                     [id=6080, stack(0x0000005585c00000,0x0000005585d00000) (1024K)]
  0x0000019045445a10 WorkerThread "GC Thread#5"                     [id=26648, stack(0x0000005585d00000,0x0000005585e00000) (1024K)]
  0x000001906200d5f0 WorkerThread "GC Thread#6"                     [id=17040, stack(0x0000005586b00000,0x0000005586c00000) (1024K)]
  0x000001906200dd50 WorkerThread "GC Thread#7"                     [id=11476, stack(0x0000005586c00000,0x0000005586d00000) (1024K)]
  0x000001902f7b65b0 ConcurrentGCThread "G1 Main Marker"            [id=22060, stack(0x0000005584800000,0x0000005584900000) (1024K)]
  0x000001902d50d790 WorkerThread "G1 Conc#0"                       [id=25688, stack(0x0000005584900000,0x0000005584a00000) (1024K)]
  0x000001906200c380 WorkerThread "G1 Conc#1"                       [id=17364, stack(0x0000005586d00000,0x0000005586e00000) (1024K)]
  0x000001902f83eb80 ConcurrentGCThread "G1 Refine#0"               [id=18756, stack(0x0000005584a00000,0x0000005584b00000) (1024K)]
  0x0000019044fc7850 ConcurrentGCThread "G1 Service"                [id=17772, stack(0x0000005584b00000,0x0000005584c00000) (1024K)]
Total: 15

Threads with active compile tasks:
C2 CompilerThread0  30914 8139 %     4       org.gradle.internal.instantiation.generator.AbstractClassGenerator::inspectType @ 193 (602 bytes)
Total: 1

VM state: not at safepoint (normal execution)

VM Mutex/Monitor currently owned by a thread: None

Heap address: 0x00000000e0000000, size: 512 MB, Compressed Oops mode: 32-bit

CDS archive(s) mapped at: [0x0000019046000000-0x0000019046ba0000-0x0000019046ba0000), size 12189696, SharedBaseAddress: 0x0000019046000000, ArchiveRelocationMode: 1.
Compressed class space mapped at: 0x0000019047000000-0x000001905b000000, reserved size: 335544320
Narrow klass base: 0x0000019046000000, Narrow klass shift: 0, Narrow klass range: 0x100000000

GC Precious Log:
 CardTable entry size: 512
 Card Set container configuration: InlinePtr #cards 5 size 8 Array Of Cards #cards 12 size 40 Howl #buckets 4 coarsen threshold 1843 Howl Bitmap #cards 512 size 80 coarsen threshold 460 Card regions per heap region 1 cards per card region 2048
 CPUs: 8 total, 8 available
 Memory: 7865M
 Large Page Support: Disabled
 NUMA Support: Disabled
 Compressed Oops: Enabled (32-bit)
 Heap Region Size: 1M
 Heap Min Capacity: 256M
 Heap Initial Capacity: 256M
 Heap Max Capacity: 512M
 Pre-touch: Disabled
 Parallel Workers: 8
 Concurrent Workers: 2
 Concurrent Refinement Workers: 8
 Periodic GC: Disabled

Heap:
 garbage-first heap   total 262144K, used 107618K [0x00000000e0000000, 0x0000000100000000)
  region size 1024K, 68 young (69632K), 15 survivors (15360K)
 Metaspace       used 61573K, committed 63552K, reserved 393216K
  class space    used 9035K, committed 9984K, reserved 327680K

Heap Regions: E=young(eden), S=young(survivor), O=old, HS=humongous(starts), HC=humongous(continues), CS=collection set, F=free, TAMS=top-at-mark-start, PB=parsable bottom
|   0|0x00000000e0000000, 0x00000000e0100000, 0x00000000e0100000|100%|HS|  |TAMS 0x00000000e0000000| PB 0x00000000e0000000| Complete 
|   1|0x00000000e0100000, 0x00000000e0200000, 0x00000000e0200000|100%|HC|  |TAMS 0x00000000e0100000| PB 0x00000000e0100000| Complete 
|   2|0x00000000e0200000, 0x00000000e0300000, 0x00000000e0300000|100%|HC|  |TAMS 0x00000000e0200000| PB 0x00000000e0200000| Complete 
|   3|0x00000000e0300000, 0x00000000e0400000, 0x00000000e0400000|100%| O|  |TAMS 0x00000000e0300000| PB 0x00000000e0300000| Untracked 
|   4|0x00000000e0400000, 0x00000000e0500000, 0x00000000e0500000|100%| O|  |TAMS 0x00000000e0400000| PB 0x00000000e0400000| Untracked 
|   5|0x00000000e0500000, 0x00000000e0600000, 0x00000000e0600000|100%| O|  |TAMS 0x00000000e0500000| PB 0x00000000e0500000| Untracked 
|   6|0x00000000e0600000, 0x00000000e0700000, 0x00000000e0700000|100%|HS|  |TAMS 0x00000000e0600000| PB 0x00000000e0600000| Complete 
|   7|0x00000000e0700000, 0x00000000e0800000, 0x00000000e0800000|100%| O|  |TAMS 0x00000000e0700000| PB 0x00000000e0700000| Untracked 
|   8|0x00000000e0800000, 0x00000000e0900000, 0x00000000e0900000|100%| O|  |TAMS 0x00000000e0800000| PB 0x00000000e0800000| Untracked 
|   9|0x00000000e0900000, 0x00000000e0a00000, 0x00000000e0a00000|100%| O|  |TAMS 0x00000000e0900000| PB 0x00000000e0900000| Untracked 
|  10|0x00000000e0a00000, 0x00000000e0b00000, 0x00000000e0b00000|100%| O|  |TAMS 0x00000000e0a00000| PB 0x00000000e0a00000| Untracked 
|  11|0x00000000e0b00000, 0x00000000e0c00000, 0x00000000e0c00000|100%| O|  |TAMS 0x00000000e0b00000| PB 0x00000000e0b00000| Untracked 
|  12|0x00000000e0c00000, 0x00000000e0d00000, 0x00000000e0d00000|100%| O|  |TAMS 0x00000000e0c00000| PB 0x00000000e0c00000| Untracked 
|  13|0x00000000e0d00000, 0x00000000e0e00000, 0x00000000e0e00000|100%| O|  |TAMS 0x00000000e0d00000| PB 0x00000000e0d00000| Untracked 
|  14|0x00000000e0e00000, 0x00000000e0f00000, 0x00000000e0f00000|100%| O|  |TAMS 0x00000000e0e00000| PB 0x00000000e0e00000| Untracked 
|  15|0x00000000e0f00000, 0x00000000e1000000, 0x00000000e1000000|100%| O|  |TAMS 0x00000000e0f00000| PB 0x00000000e0f00000| Untracked 
|  16|0x00000000e1000000, 0x00000000e1100000, 0x00000000e1100000|100%| O|  |TAMS 0x00000000e1000000| PB 0x00000000e1000000| Untracked 
|  17|0x00000000e1100000, 0x00000000e1200000, 0x00000000e1200000|100%| O|  |TAMS 0x00000000e1100000| PB 0x00000000e1100000| Untracked 
|  18|0x00000000e1200000, 0x00000000e1300000, 0x00000000e1300000|100%| O|  |TAMS 0x00000000e1200000| PB 0x00000000e1200000| Untracked 
|  19|0x00000000e1300000, 0x00000000e1400000, 0x00000000e1400000|100%| O|  |TAMS 0x00000000e1300000| PB 0x00000000e1300000| Untracked 
|  20|0x00000000e1400000, 0x00000000e1500000, 0x00000000e1500000|100%| O|  |TAMS 0x00000000e1400000| PB 0x00000000e1400000| Untracked 
|  21|0x00000000e1500000, 0x00000000e1600000, 0x00000000e1600000|100%| O|  |TAMS 0x00000000e1500000| PB 0x00000000e1500000| Untracked 
|  22|0x00000000e1600000, 0x00000000e1700000, 0x00000000e1700000|100%| O|  |TAMS 0x00000000e1600000| PB 0x00000000e1600000| Untracked 
|  23|0x00000000e1700000, 0x00000000e1800000, 0x00000000e1800000|100%| O|  |TAMS 0x00000000e1700000| PB 0x00000000e1700000| Untracked 
|  24|0x00000000e1800000, 0x00000000e1900000, 0x00000000e1900000|100%| O|  |TAMS 0x00000000e1800000| PB 0x00000000e1800000| Untracked 
|  25|0x00000000e1900000, 0x00000000e1a00000, 0x00000000e1a00000|100%| O|  |TAMS 0x00000000e1900000| PB 0x00000000e1900000| Untracked 
|  26|0x00000000e1a00000, 0x00000000e1b00000, 0x00000000e1b00000|100%| O|  |TAMS 0x00000000e1a00000| PB 0x00000000e1a00000| Untracked 
|  27|0x00000000e1b00000, 0x00000000e1c00000, 0x00000000e1c00000|100%| O|  |TAMS 0x00000000e1b00000| PB 0x00000000e1b00000| Untracked 
|  28|0x00000000e1c00000, 0x00000000e1d00000, 0x00000000e1d00000|100%| O|  |TAMS 0x00000000e1c00000| PB 0x00000000e1c00000| Untracked 
|  29|0x00000000e1d00000, 0x00000000e1e00000, 0x00000000e1e00000|100%| O|  |TAMS 0x00000000e1d00000| PB 0x00000000e1d00000| Untracked 
|  30|0x00000000e1e00000, 0x00000000e1e5a800, 0x00000000e1f00000| 35%| O|  |TAMS 0x00000000e1e00000| PB 0x00000000e1e00000| Untracked 
|  31|0x00000000e1f00000, 0x00000000e2000000, 0x00000000e2000000|100%| O|  |TAMS 0x00000000e1f00000| PB 0x00000000e1f00000| Untracked 
|  32|0x00000000e2000000, 0x00000000e2100000, 0x00000000e2100000|100%| O|  |TAMS 0x00000000e2000000| PB 0x00000000e2000000| Untracked 
|  33|0x00000000e2100000, 0x00000000e2200000, 0x00000000e2200000|100%| O|  |TAMS 0x00000000e2100000| PB 0x00000000e2100000| Untracked 
|  34|0x00000000e2200000, 0x00000000e2300000, 0x00000000e2300000|100%| O|  |TAMS 0x00000000e2200000| PB 0x00000000e2200000| Untracked 
|  35|0x00000000e2300000, 0x00000000e2400000, 0x00000000e2400000|100%| O|  |TAMS 0x00000000e2300000| PB 0x00000000e2300000| Untracked 
|  36|0x00000000e2400000, 0x00000000e2500000, 0x00000000e2500000|100%| O|  |TAMS 0x00000000e2400000| PB 0x00000000e2400000| Untracked 
|  37|0x00000000e2500000, 0x00000000e2600000, 0x00000000e2600000|100%| O|  |TAMS 0x00000000e2500000| PB 0x00000000e2500000| Untracked 
|  38|0x00000000e2600000, 0x00000000e2700000, 0x00000000e2700000|100%| O|Cm|TAMS 0x00000000e2600000| PB 0x00000000e2600000| Complete 
|  39|0x00000000e2700000, 0x00000000e2700000, 0x00000000e2800000|  0%| F|  |TAMS 0x00000000e2700000| PB 0x00000000e2700000| Untracked 
|  40|0x00000000e2800000, 0x00000000e2800000, 0x00000000e2900000|  0%| F|  |TAMS 0x00000000e2800000| PB 0x00000000e2800000| Untracked 
|  41|0x00000000e2900000, 0x00000000e2900000, 0x00000000e2a00000|  0%| F|  |TAMS 0x00000000e2900000| PB 0x00000000e2900000| Untracked 
|  42|0x00000000e2a00000, 0x00000000e2a00000, 0x00000000e2b00000|  0%| F|  |TAMS 0x00000000e2a00000| PB 0x00000000e2a00000| Untracked 
|  43|0x00000000e2b00000, 0x00000000e2b00000, 0x00000000e2c00000|  0%| F|  |TAMS 0x00000000e2b00000| PB 0x00000000e2b00000| Untracked 
|  44|0x00000000e2c00000, 0x00000000e2c00000, 0x00000000e2d00000|  0%| F|  |TAMS 0x00000000e2c00000| PB 0x00000000e2c00000| Untracked 
|  45|0x00000000e2d00000, 0x00000000e2d00000, 0x00000000e2e00000|  0%| F|  |TAMS 0x00000000e2d00000| PB 0x00000000e2d00000| Untracked 
|  46|0x00000000e2e00000, 0x00000000e2e00000, 0x00000000e2f00000|  0%| F|  |TAMS 0x00000000e2e00000| PB 0x00000000e2e00000| Untracked 
|  47|0x00000000e2f00000, 0x00000000e2f00000, 0x00000000e3000000|  0%| F|  |TAMS 0x00000000e2f00000| PB 0x00000000e2f00000| Untracked 
|  48|0x00000000e3000000, 0x00000000e3000000, 0x00000000e3100000|  0%| F|  |TAMS 0x00000000e3000000| PB 0x00000000e3000000| Untracked 
|  49|0x00000000e3100000, 0x00000000e3100000, 0x00000000e3200000|  0%| F|  |TAMS 0x00000000e3100000| PB 0x00000000e3100000| Untracked 
|  50|0x00000000e3200000, 0x00000000e3200000, 0x00000000e3300000|  0%| F|  |TAMS 0x00000000e3200000| PB 0x00000000e3200000| Untracked 
|  51|0x00000000e3300000, 0x00000000e3300000, 0x00000000e3400000|  0%| F|  |TAMS 0x00000000e3300000| PB 0x00000000e3300000| Untracked 
|  52|0x00000000e3400000, 0x00000000e3400000, 0x00000000e3500000|  0%| F|  |TAMS 0x00000000e3400000| PB 0x00000000e3400000| Untracked 
|  53|0x00000000e3500000, 0x00000000e3500000, 0x00000000e3600000|  0%| F|  |TAMS 0x00000000e3500000| PB 0x00000000e3500000| Untracked 
|  54|0x00000000e3600000, 0x00000000e3600000, 0x00000000e3700000|  0%| F|  |TAMS 0x00000000e3600000| PB 0x00000000e3600000| Untracked 
|  55|0x00000000e3700000, 0x00000000e3700000, 0x00000000e3800000|  0%| F|  |TAMS 0x00000000e3700000| PB 0x00000000e3700000| Untracked 
|  56|0x00000000e3800000, 0x00000000e3800000, 0x00000000e3900000|  0%| F|  |TAMS 0x00000000e3800000| PB 0x00000000e3800000| Untracked 
|  57|0x00000000e3900000, 0x00000000e3900000, 0x00000000e3a00000|  0%| F|  |TAMS 0x00000000e3900000| PB 0x00000000e3900000| Untracked 
|  58|0x00000000e3a00000, 0x00000000e3a00000, 0x00000000e3b00000|  0%| F|  |TAMS 0x00000000e3a00000| PB 0x00000000e3a00000| Untracked 
|  59|0x00000000e3b00000, 0x00000000e3b00000, 0x00000000e3c00000|  0%| F|  |TAMS 0x00000000e3b00000| PB 0x00000000e3b00000| Untracked 
|  60|0x00000000e3c00000, 0x00000000e3c00000, 0x00000000e3d00000|  0%| F|  |TAMS 0x00000000e3c00000| PB 0x00000000e3c00000| Untracked 
|  61|0x00000000e3d00000, 0x00000000e3d00000, 0x00000000e3e00000|  0%| F|  |TAMS 0x00000000e3d00000| PB 0x00000000e3d00000| Untracked 
|  62|0x00000000e3e00000, 0x00000000e3e00000, 0x00000000e3f00000|  0%| F|  |TAMS 0x00000000e3e00000| PB 0x00000000e3e00000| Untracked 
|  63|0x00000000e3f00000, 0x00000000e3f00000, 0x00000000e4000000|  0%| F|  |TAMS 0x00000000e3f00000| PB 0x00000000e3f00000| Untracked 
|  64|0x00000000e4000000, 0x00000000e4000000, 0x00000000e4100000|  0%| F|  |TAMS 0x00000000e4000000| PB 0x00000000e4000000| Untracked 
|  65|0x00000000e4100000, 0x00000000e4100000, 0x00000000e4200000|  0%| F|  |TAMS 0x00000000e4100000| PB 0x00000000e4100000| Untracked 
|  66|0x00000000e4200000, 0x00000000e4200000, 0x00000000e4300000|  0%| F|  |TAMS 0x00000000e4200000| PB 0x00000000e4200000| Untracked 
|  67|0x00000000e4300000, 0x00000000e4300000, 0x00000000e4400000|  0%| F|  |TAMS 0x00000000e4300000| PB 0x00000000e4300000| Untracked 
|  68|0x00000000e4400000, 0x00000000e4400000, 0x00000000e4500000|  0%| F|  |TAMS 0x00000000e4400000| PB 0x00000000e4400000| Untracked 
|  69|0x00000000e4500000, 0x00000000e4500000, 0x00000000e4600000|  0%| F|  |TAMS 0x00000000e4500000| PB 0x00000000e4500000| Untracked 
|  70|0x00000000e4600000, 0x00000000e4600000, 0x00000000e4700000|  0%| F|  |TAMS 0x00000000e4600000| PB 0x00000000e4600000| Untracked 
|  71|0x00000000e4700000, 0x00000000e4700000, 0x00000000e4800000|  0%| F|  |TAMS 0x00000000e4700000| PB 0x00000000e4700000| Untracked 
|  72|0x00000000e4800000, 0x00000000e4800000, 0x00000000e4900000|  0%| F|  |TAMS 0x00000000e4800000| PB 0x00000000e4800000| Untracked 
|  73|0x00000000e4900000, 0x00000000e4900000, 0x00000000e4a00000|  0%| F|  |TAMS 0x00000000e4900000| PB 0x00000000e4900000| Untracked 
|  74|0x00000000e4a00000, 0x00000000e4a00000, 0x00000000e4b00000|  0%| F|  |TAMS 0x00000000e4a00000| PB 0x00000000e4a00000| Untracked 
|  75|0x00000000e4b00000, 0x00000000e4b00000, 0x00000000e4c00000|  0%| F|  |TAMS 0x00000000e4b00000| PB 0x00000000e4b00000| Untracked 
|  76|0x00000000e4c00000, 0x00000000e4c00000, 0x00000000e4d00000|  0%| F|  |TAMS 0x00000000e4c00000| PB 0x00000000e4c00000| Untracked 
|  77|0x00000000e4d00000, 0x00000000e4d00000, 0x00000000e4e00000|  0%| F|  |TAMS 0x00000000e4d00000| PB 0x00000000e4d00000| Untracked 
|  78|0x00000000e4e00000, 0x00000000e4e00000, 0x00000000e4f00000|  0%| F|  |TAMS 0x00000000e4e00000| PB 0x00000000e4e00000| Untracked 
|  79|0x00000000e4f00000, 0x00000000e4f00000, 0x00000000e5000000|  0%| F|  |TAMS 0x00000000e4f00000| PB 0x00000000e4f00000| Untracked 
|  80|0x00000000e5000000, 0x00000000e5000000, 0x00000000e5100000|  0%| F|  |TAMS 0x00000000e5000000| PB 0x00000000e5000000| Untracked 
|  81|0x00000000e5100000, 0x00000000e5100000, 0x00000000e5200000|  0%| F|  |TAMS 0x00000000e5100000| PB 0x00000000e5100000| Untracked 
|  82|0x00000000e5200000, 0x00000000e5200000, 0x00000000e5300000|  0%| F|  |TAMS 0x00000000e5200000| PB 0x00000000e5200000| Untracked 
|  83|0x00000000e5300000, 0x00000000e5300000, 0x00000000e5400000|  0%| F|  |TAMS 0x00000000e5300000| PB 0x00000000e5300000| Untracked 
|  84|0x00000000e5400000, 0x00000000e5400000, 0x00000000e5500000|  0%| F|  |TAMS 0x00000000e5400000| PB 0x00000000e5400000| Untracked 
|  85|0x00000000e5500000, 0x00000000e5500000, 0x00000000e5600000|  0%| F|  |TAMS 0x00000000e5500000| PB 0x00000000e5500000| Untracked 
|  86|0x00000000e5600000, 0x00000000e5600000, 0x00000000e5700000|  0%| F|  |TAMS 0x00000000e5600000| PB 0x00000000e5600000| Untracked 
|  87|0x00000000e5700000, 0x00000000e5700000, 0x00000000e5800000|  0%| F|  |TAMS 0x00000000e5700000| PB 0x00000000e5700000| Untracked 
|  88|0x00000000e5800000, 0x00000000e5800000, 0x00000000e5900000|  0%| F|  |TAMS 0x00000000e5800000| PB 0x00000000e5800000| Untracked 
|  89|0x00000000e5900000, 0x00000000e5900000, 0x00000000e5a00000|  0%| F|  |TAMS 0x00000000e5900000| PB 0x00000000e5900000| Untracked 
|  90|0x00000000e5a00000, 0x00000000e5a00000, 0x00000000e5b00000|  0%| F|  |TAMS 0x00000000e5a00000| PB 0x00000000e5a00000| Untracked 
|  91|0x00000000e5b00000, 0x00000000e5b00000, 0x00000000e5c00000|  0%| F|  |TAMS 0x00000000e5b00000| PB 0x00000000e5b00000| Untracked 
|  92|0x00000000e5c00000, 0x00000000e5c00000, 0x00000000e5d00000|  0%| F|  |TAMS 0x00000000e5c00000| PB 0x00000000e5c00000| Untracked 
|  93|0x00000000e5d00000, 0x00000000e5d00000, 0x00000000e5e00000|  0%| F|  |TAMS 0x00000000e5d00000| PB 0x00000000e5d00000| Untracked 
|  94|0x00000000e5e00000, 0x00000000e5e00000, 0x00000000e5f00000|  0%| F|  |TAMS 0x00000000e5e00000| PB 0x00000000e5e00000| Untracked 
|  95|0x00000000e5f00000, 0x00000000e5f00000, 0x00000000e6000000|  0%| F|  |TAMS 0x00000000e5f00000| PB 0x00000000e5f00000| Untracked 
|  96|0x00000000e6000000, 0x00000000e6000000, 0x00000000e6100000|  0%| F|  |TAMS 0x00000000e6000000| PB 0x00000000e6000000| Untracked 
|  97|0x00000000e6100000, 0x00000000e6100000, 0x00000000e6200000|  0%| F|  |TAMS 0x00000000e6100000| PB 0x00000000e6100000| Untracked 
|  98|0x00000000e6200000, 0x00000000e6200000, 0x00000000e6300000|  0%| F|  |TAMS 0x00000000e6200000| PB 0x00000000e6200000| Untracked 
|  99|0x00000000e6300000, 0x00000000e6300000, 0x00000000e6400000|  0%| F|  |TAMS 0x00000000e6300000| PB 0x00000000e6300000| Untracked 
| 100|0x00000000e6400000, 0x00000000e6400000, 0x00000000e6500000|  0%| F|  |TAMS 0x00000000e6400000| PB 0x00000000e6400000| Untracked 
| 101|0x00000000e6500000, 0x00000000e6500000, 0x00000000e6600000|  0%| F|  |TAMS 0x00000000e6500000| PB 0x00000000e6500000| Untracked 
| 102|0x00000000e6600000, 0x00000000e6600000, 0x00000000e6700000|  0%| F|  |TAMS 0x00000000e6600000| PB 0x00000000e6600000| Untracked 
| 103|0x00000000e6700000, 0x00000000e6700000, 0x00000000e6800000|  0%| F|  |TAMS 0x00000000e6700000| PB 0x00000000e6700000| Untracked 
| 104|0x00000000e6800000, 0x00000000e6800000, 0x00000000e6900000|  0%| F|  |TAMS 0x00000000e6800000| PB 0x00000000e6800000| Untracked 
| 105|0x00000000e6900000, 0x00000000e6900000, 0x00000000e6a00000|  0%| F|  |TAMS 0x00000000e6900000| PB 0x00000000e6900000| Untracked 
| 106|0x00000000e6a00000, 0x00000000e6a00000, 0x00000000e6b00000|  0%| F|  |TAMS 0x00000000e6a00000| PB 0x00000000e6a00000| Untracked 
| 107|0x00000000e6b00000, 0x00000000e6b00000, 0x00000000e6c00000|  0%| F|  |TAMS 0x00000000e6b00000| PB 0x00000000e6b00000| Untracked 
| 108|0x00000000e6c00000, 0x00000000e6c00000, 0x00000000e6d00000|  0%| F|  |TAMS 0x00000000e6c00000| PB 0x00000000e6c00000| Untracked 
| 109|0x00000000e6d00000, 0x00000000e6d00000, 0x00000000e6e00000|  0%| F|  |TAMS 0x00000000e6d00000| PB 0x00000000e6d00000| Untracked 
| 110|0x00000000e6e00000, 0x00000000e6e00000, 0x00000000e6f00000|  0%| F|  |TAMS 0x00000000e6e00000| PB 0x00000000e6e00000| Untracked 
| 111|0x00000000e6f00000, 0x00000000e6f00000, 0x00000000e7000000|  0%| F|  |TAMS 0x00000000e6f00000| PB 0x00000000e6f00000| Untracked 
| 112|0x00000000e7000000, 0x00000000e7000000, 0x00000000e7100000|  0%| F|  |TAMS 0x00000000e7000000| PB 0x00000000e7000000| Untracked 
| 113|0x00000000e7100000, 0x00000000e7100000, 0x00000000e7200000|  0%| F|  |TAMS 0x00000000e7100000| PB 0x00000000e7100000| Untracked 
| 114|0x00000000e7200000, 0x00000000e7200000, 0x00000000e7300000|  0%| F|  |TAMS 0x00000000e7200000| PB 0x00000000e7200000| Untracked 
| 115|0x00000000e7300000, 0x00000000e7300000, 0x00000000e7400000|  0%| F|  |TAMS 0x00000000e7300000| PB 0x00000000e7300000| Untracked 
| 116|0x00000000e7400000, 0x00000000e7400000, 0x00000000e7500000|  0%| F|  |TAMS 0x00000000e7400000| PB 0x00000000e7400000| Untracked 
| 117|0x00000000e7500000, 0x00000000e7500000, 0x00000000e7600000|  0%| F|  |TAMS 0x00000000e7500000| PB 0x00000000e7500000| Untracked 
| 118|0x00000000e7600000, 0x00000000e7600000, 0x00000000e7700000|  0%| F|  |TAMS 0x00000000e7600000| PB 0x00000000e7600000| Untracked 
| 119|0x00000000e7700000, 0x00000000e7700000, 0x00000000e7800000|  0%| F|  |TAMS 0x00000000e7700000| PB 0x00000000e7700000| Untracked 
| 120|0x00000000e7800000, 0x00000000e7800000, 0x00000000e7900000|  0%| F|  |TAMS 0x00000000e7800000| PB 0x00000000e7800000| Untracked 
| 121|0x00000000e7900000, 0x00000000e7900000, 0x00000000e7a00000|  0%| F|  |TAMS 0x00000000e7900000| PB 0x00000000e7900000| Untracked 
| 122|0x00000000e7a00000, 0x00000000e7a00000, 0x00000000e7b00000|  0%| F|  |TAMS 0x00000000e7a00000| PB 0x00000000e7a00000| Untracked 
| 123|0x00000000e7b00000, 0x00000000e7b00000, 0x00000000e7c00000|  0%| F|  |TAMS 0x00000000e7b00000| PB 0x00000000e7b00000| Untracked 
| 124|0x00000000e7c00000, 0x00000000e7c00000, 0x00000000e7d00000|  0%| F|  |TAMS 0x00000000e7c00000| PB 0x00000000e7c00000| Untracked 
| 125|0x00000000e7d00000, 0x00000000e7d00000, 0x00000000e7e00000|  0%| F|  |TAMS 0x00000000e7d00000| PB 0x00000000e7d00000| Untracked 
| 126|0x00000000e7e00000, 0x00000000e7e00000, 0x00000000e7f00000|  0%| F|  |TAMS 0x00000000e7e00000| PB 0x00000000e7e00000| Untracked 
| 127|0x00000000e7f00000, 0x00000000e7f00000, 0x00000000e8000000|  0%| F|  |TAMS 0x00000000e7f00000| PB 0x00000000e7f00000| Untracked 
| 128|0x00000000e8000000, 0x00000000e8000000, 0x00000000e8100000|  0%| F|  |TAMS 0x00000000e8000000| PB 0x00000000e8000000| Untracked 
| 129|0x00000000e8100000, 0x00000000e8100000, 0x00000000e8200000|  0%| F|  |TAMS 0x00000000e8100000| PB 0x00000000e8100000| Untracked 
| 130|0x00000000e8200000, 0x00000000e8200000, 0x00000000e8300000|  0%| F|  |TAMS 0x00000000e8200000| PB 0x00000000e8200000| Untracked 
| 131|0x00000000e8300000, 0x00000000e8300000, 0x00000000e8400000|  0%| F|  |TAMS 0x00000000e8300000| PB 0x00000000e8300000| Untracked 
| 132|0x00000000e8400000, 0x00000000e8400000, 0x00000000e8500000|  0%| F|  |TAMS 0x00000000e8400000| PB 0x00000000e8400000| Untracked 
| 133|0x00000000e8500000, 0x00000000e8500000, 0x00000000e8600000|  0%| F|  |TAMS 0x00000000e8500000| PB 0x00000000e8500000| Untracked 
| 134|0x00000000e8600000, 0x00000000e8600000, 0x00000000e8700000|  0%| F|  |TAMS 0x00000000e8600000| PB 0x00000000e8600000| Untracked 
| 135|0x00000000e8700000, 0x00000000e8700000, 0x00000000e8800000|  0%| F|  |TAMS 0x00000000e8700000| PB 0x00000000e8700000| Untracked 
| 136|0x00000000e8800000, 0x00000000e8800000, 0x00000000e8900000|  0%| F|  |TAMS 0x00000000e8800000| PB 0x00000000e8800000| Untracked 
| 137|0x00000000e8900000, 0x00000000e8900000, 0x00000000e8a00000|  0%| F|  |TAMS 0x00000000e8900000| PB 0x00000000e8900000| Untracked 
| 138|0x00000000e8a00000, 0x00000000e8a00000, 0x00000000e8b00000|  0%| F|  |TAMS 0x00000000e8a00000| PB 0x00000000e8a00000| Untracked 
| 139|0x00000000e8b00000, 0x00000000e8b00000, 0x00000000e8c00000|  0%| F|  |TAMS 0x00000000e8b00000| PB 0x00000000e8b00000| Untracked 
| 140|0x00000000e8c00000, 0x00000000e8c00000, 0x00000000e8d00000|  0%| F|  |TAMS 0x00000000e8c00000| PB 0x00000000e8c00000| Untracked 
| 141|0x00000000e8d00000, 0x00000000e8d00000, 0x00000000e8e00000|  0%| F|  |TAMS 0x00000000e8d00000| PB 0x00000000e8d00000| Untracked 
| 142|0x00000000e8e00000, 0x00000000e8e00000, 0x00000000e8f00000|  0%| F|  |TAMS 0x00000000e8e00000| PB 0x00000000e8e00000| Untracked 
| 143|0x00000000e8f00000, 0x00000000e8f00000, 0x00000000e9000000|  0%| F|  |TAMS 0x00000000e8f00000| PB 0x00000000e8f00000| Untracked 
| 144|0x00000000e9000000, 0x00000000e9000000, 0x00000000e9100000|  0%| F|  |TAMS 0x00000000e9000000| PB 0x00000000e9000000| Untracked 
| 145|0x00000000e9100000, 0x00000000e9100000, 0x00000000e9200000|  0%| F|  |TAMS 0x00000000e9100000| PB 0x00000000e9100000| Untracked 
| 146|0x00000000e9200000, 0x00000000e9200000, 0x00000000e9300000|  0%| F|  |TAMS 0x00000000e9200000| PB 0x00000000e9200000| Untracked 
| 147|0x00000000e9300000, 0x00000000e9300000, 0x00000000e9400000|  0%| F|  |TAMS 0x00000000e9300000| PB 0x00000000e9300000| Untracked 
| 148|0x00000000e9400000, 0x00000000e9400000, 0x00000000e9500000|  0%| F|  |TAMS 0x00000000e9400000| PB 0x00000000e9400000| Untracked 
| 149|0x00000000e9500000, 0x00000000e9500000, 0x00000000e9600000|  0%| F|  |TAMS 0x00000000e9500000| PB 0x00000000e9500000| Untracked 
| 150|0x00000000e9600000, 0x00000000e9600000, 0x00000000e9700000|  0%| F|  |TAMS 0x00000000e9600000| PB 0x00000000e9600000| Untracked 
| 151|0x00000000e9700000, 0x00000000e9700000, 0x00000000e9800000|  0%| F|  |TAMS 0x00000000e9700000| PB 0x00000000e9700000| Untracked 
| 152|0x00000000e9800000, 0x00000000e9800000, 0x00000000e9900000|  0%| F|  |TAMS 0x00000000e9800000| PB 0x00000000e9800000| Untracked 
| 153|0x00000000e9900000, 0x00000000e9900000, 0x00000000e9a00000|  0%| F|  |TAMS 0x00000000e9900000| PB 0x00000000e9900000| Untracked 
| 154|0x00000000e9a00000, 0x00000000e9a00000, 0x00000000e9b00000|  0%| F|  |TAMS 0x00000000e9a00000| PB 0x00000000e9a00000| Untracked 
| 155|0x00000000e9b00000, 0x00000000e9b00000, 0x00000000e9c00000|  0%| F|  |TAMS 0x00000000e9b00000| PB 0x00000000e9b00000| Untracked 
| 156|0x00000000e9c00000, 0x00000000e9c00000, 0x00000000e9d00000|  0%| F|  |TAMS 0x00000000e9c00000| PB 0x00000000e9c00000| Untracked 
| 157|0x00000000e9d00000, 0x00000000e9d00000, 0x00000000e9e00000|  0%| F|  |TAMS 0x00000000e9d00000| PB 0x00000000e9d00000| Untracked 
| 158|0x00000000e9e00000, 0x00000000e9e00000, 0x00000000e9f00000|  0%| F|  |TAMS 0x00000000e9e00000| PB 0x00000000e9e00000| Untracked 
| 159|0x00000000e9f00000, 0x00000000e9f00000, 0x00000000ea000000|  0%| F|  |TAMS 0x00000000e9f00000| PB 0x00000000e9f00000| Untracked 
| 160|0x00000000ea000000, 0x00000000ea000000, 0x00000000ea100000|  0%| F|  |TAMS 0x00000000ea000000| PB 0x00000000ea000000| Untracked 
| 161|0x00000000ea100000, 0x00000000ea100000, 0x00000000ea200000|  0%| F|  |TAMS 0x00000000ea100000| PB 0x00000000ea100000| Untracked 
| 162|0x00000000ea200000, 0x00000000ea200000, 0x00000000ea300000|  0%| F|  |TAMS 0x00000000ea200000| PB 0x00000000ea200000| Untracked 
| 163|0x00000000ea300000, 0x00000000ea300000, 0x00000000ea400000|  0%| F|  |TAMS 0x00000000ea300000| PB 0x00000000ea300000| Untracked 
| 164|0x00000000ea400000, 0x00000000ea400000, 0x00000000ea500000|  0%| F|  |TAMS 0x00000000ea400000| PB 0x00000000ea400000| Untracked 
| 165|0x00000000ea500000, 0x00000000ea500000, 0x00000000ea600000|  0%| F|  |TAMS 0x00000000ea500000| PB 0x00000000ea500000| Untracked 
| 166|0x00000000ea600000, 0x00000000ea600000, 0x00000000ea700000|  0%| F|  |TAMS 0x00000000ea600000| PB 0x00000000ea600000| Untracked 
| 167|0x00000000ea700000, 0x00000000ea700000, 0x00000000ea800000|  0%| F|  |TAMS 0x00000000ea700000| PB 0x00000000ea700000| Untracked 
| 168|0x00000000ea800000, 0x00000000ea800000, 0x00000000ea900000|  0%| F|  |TAMS 0x00000000ea800000| PB 0x00000000ea800000| Untracked 
| 169|0x00000000ea900000, 0x00000000ea900000, 0x00000000eaa00000|  0%| F|  |TAMS 0x00000000ea900000| PB 0x00000000ea900000| Untracked 
| 170|0x00000000eaa00000, 0x00000000eaa00000, 0x00000000eab00000|  0%| F|  |TAMS 0x00000000eaa00000| PB 0x00000000eaa00000| Untracked 
| 171|0x00000000eab00000, 0x00000000eab00000, 0x00000000eac00000|  0%| F|  |TAMS 0x00000000eab00000| PB 0x00000000eab00000| Untracked 
| 172|0x00000000eac00000, 0x00000000eac00000, 0x00000000ead00000|  0%| F|  |TAMS 0x00000000eac00000| PB 0x00000000eac00000| Untracked 
| 173|0x00000000ead00000, 0x00000000ead00000, 0x00000000eae00000|  0%| F|  |TAMS 0x00000000ead00000| PB 0x00000000ead00000| Untracked 
| 174|0x00000000eae00000, 0x00000000eae00000, 0x00000000eaf00000|  0%| F|  |TAMS 0x00000000eae00000| PB 0x00000000eae00000| Untracked 
| 175|0x00000000eaf00000, 0x00000000eaf00000, 0x00000000eb000000|  0%| F|  |TAMS 0x00000000eaf00000| PB 0x00000000eaf00000| Untracked 
| 176|0x00000000eb000000, 0x00000000eb000000, 0x00000000eb100000|  0%| F|  |TAMS 0x00000000eb000000| PB 0x00000000eb000000| Untracked 
| 177|0x00000000eb100000, 0x00000000eb100000, 0x00000000eb200000|  0%| F|  |TAMS 0x00000000eb100000| PB 0x00000000eb100000| Untracked 
| 178|0x00000000eb200000, 0x00000000eb200000, 0x00000000eb300000|  0%| F|  |TAMS 0x00000000eb200000| PB 0x00000000eb200000| Untracked 
| 179|0x00000000eb300000, 0x00000000eb300000, 0x00000000eb400000|  0%| F|  |TAMS 0x00000000eb300000| PB 0x00000000eb300000| Untracked 
| 180|0x00000000eb400000, 0x00000000eb400000, 0x00000000eb500000|  0%| F|  |TAMS 0x00000000eb400000| PB 0x00000000eb400000| Untracked 
| 181|0x00000000eb500000, 0x00000000eb5be240, 0x00000000eb600000| 74%| S|CS|TAMS 0x00000000eb500000| PB 0x00000000eb500000| Complete 
| 182|0x00000000eb600000, 0x00000000eb700000, 0x00000000eb700000|100%| S|CS|TAMS 0x00000000eb600000| PB 0x00000000eb600000| Complete 
| 183|0x00000000eb700000, 0x00000000eb800000, 0x00000000eb800000|100%| S|CS|TAMS 0x00000000eb700000| PB 0x00000000eb700000| Complete 
| 184|0x00000000eb800000, 0x00000000eb900000, 0x00000000eb900000|100%| S|CS|TAMS 0x00000000eb800000| PB 0x00000000eb800000| Complete 
| 185|0x00000000eb900000, 0x00000000eba00000, 0x00000000eba00000|100%| S|CS|TAMS 0x00000000eb900000| PB 0x00000000eb900000| Complete 
| 186|0x00000000eba00000, 0x00000000ebb00000, 0x00000000ebb00000|100%| S|CS|TAMS 0x00000000eba00000| PB 0x00000000eba00000| Complete 
| 187|0x00000000ebb00000, 0x00000000ebc00000, 0x00000000ebc00000|100%| S|CS|TAMS 0x00000000ebb00000| PB 0x00000000ebb00000| Complete 
| 188|0x00000000ebc00000, 0x00000000ebd00000, 0x00000000ebd00000|100%| S|CS|TAMS 0x00000000ebc00000| PB 0x00000000ebc00000| Complete 
| 189|0x00000000ebd00000, 0x00000000ebe00000, 0x00000000ebe00000|100%| S|CS|TAMS 0x00000000ebd00000| PB 0x00000000ebd00000| Complete 
| 190|0x00000000ebe00000, 0x00000000ebf00000, 0x00000000ebf00000|100%| S|CS|TAMS 0x00000000ebe00000| PB 0x00000000ebe00000| Complete 
| 191|0x00000000ebf00000, 0x00000000ec000000, 0x00000000ec000000|100%| S|CS|TAMS 0x00000000ebf00000| PB 0x00000000ebf00000| Complete 
| 192|0x00000000ec000000, 0x00000000ec100000, 0x00000000ec100000|100%| S|CS|TAMS 0x00000000ec000000| PB 0x00000000ec000000| Complete 
| 193|0x00000000ec100000, 0x00000000ec200000, 0x00000000ec200000|100%| S|CS|TAMS 0x00000000ec100000| PB 0x00000000ec100000| Complete 
| 194|0x00000000ec200000, 0x00000000ec300000, 0x00000000ec300000|100%| S|CS|TAMS 0x00000000ec200000| PB 0x00000000ec200000| Complete 
| 195|0x00000000ec300000, 0x00000000ec400000, 0x00000000ec400000|100%| S|CS|TAMS 0x00000000ec300000| PB 0x00000000ec300000| Complete 
| 196|0x00000000ec400000, 0x00000000ec400000, 0x00000000ec500000|  0%| F|  |TAMS 0x00000000ec400000| PB 0x00000000ec400000| Untracked 
| 197|0x00000000ec500000, 0x00000000ec500000, 0x00000000ec600000|  0%| F|  |TAMS 0x00000000ec500000| PB 0x00000000ec500000| Untracked 
| 198|0x00000000ec600000, 0x00000000ec600000, 0x00000000ec700000|  0%| F|  |TAMS 0x00000000ec600000| PB 0x00000000ec600000| Untracked 
| 199|0x00000000ec700000, 0x00000000ec700000, 0x00000000ec800000|  0%| F|  |TAMS 0x00000000ec700000| PB 0x00000000ec700000| Untracked 
| 200|0x00000000ec800000, 0x00000000ec800000, 0x00000000ec900000|  0%| F|  |TAMS 0x00000000ec800000| PB 0x00000000ec800000| Untracked 
| 201|0x00000000ec900000, 0x00000000ec900000, 0x00000000eca00000|  0%| F|  |TAMS 0x00000000ec900000| PB 0x00000000ec900000| Untracked 
| 202|0x00000000eca00000, 0x00000000eca00000, 0x00000000ecb00000|  0%| F|  |TAMS 0x00000000eca00000| PB 0x00000000eca00000| Untracked 
| 203|0x00000000ecb00000, 0x00000000ecbf7448, 0x00000000ecc00000| 96%| E|  |TAMS 0x00000000ecb00000| PB 0x00000000ecb00000| Complete 
| 204|0x00000000ecc00000, 0x00000000ecd00000, 0x00000000ecd00000|100%| E|CS|TAMS 0x00000000ecc00000| PB 0x00000000ecc00000| Complete 
| 205|0x00000000ecd00000, 0x00000000ece00000, 0x00000000ece00000|100%| E|CS|TAMS 0x00000000ecd00000| PB 0x00000000ecd00000| Complete 
| 206|0x00000000ece00000, 0x00000000ecf00000, 0x00000000ecf00000|100%| E|CS|TAMS 0x00000000ece00000| PB 0x00000000ece00000| Complete 
| 207|0x00000000ecf00000, 0x00000000ed000000, 0x00000000ed000000|100%| E|CS|TAMS 0x00000000ecf00000| PB 0x00000000ecf00000| Complete 
| 208|0x00000000ed000000, 0x00000000ed100000, 0x00000000ed100000|100%| E|CS|TAMS 0x00000000ed000000| PB 0x00000000ed000000| Complete 
| 209|0x00000000ed100000, 0x00000000ed200000, 0x00000000ed200000|100%| E|CS|TAMS 0x00000000ed100000| PB 0x00000000ed100000| Complete 
| 210|0x00000000ed200000, 0x00000000ed300000, 0x00000000ed300000|100%| E|CS|TAMS 0x00000000ed200000| PB 0x00000000ed200000| Complete 
| 211|0x00000000ed300000, 0x00000000ed400000, 0x00000000ed400000|100%| E|CS|TAMS 0x00000000ed300000| PB 0x00000000ed300000| Complete 
| 212|0x00000000ed400000, 0x00000000ed500000, 0x00000000ed500000|100%| E|CS|TAMS 0x00000000ed400000| PB 0x00000000ed400000| Complete 
| 213|0x00000000ed500000, 0x00000000ed600000, 0x00000000ed600000|100%| E|CS|TAMS 0x00000000ed500000| PB 0x00000000ed500000| Complete 
| 214|0x00000000ed600000, 0x00000000ed700000, 0x00000000ed700000|100%| E|CS|TAMS 0x00000000ed600000| PB 0x00000000ed600000| Complete 
| 215|0x00000000ed700000, 0x00000000ed800000, 0x00000000ed800000|100%| E|CS|TAMS 0x00000000ed700000| PB 0x00000000ed700000| Complete 
| 216|0x00000000ed800000, 0x00000000ed900000, 0x00000000ed900000|100%| E|CS|TAMS 0x00000000ed800000| PB 0x00000000ed800000| Complete 
| 217|0x00000000ed900000, 0x00000000eda00000, 0x00000000eda00000|100%| E|CS|TAMS 0x00000000ed900000| PB 0x00000000ed900000| Complete 
| 218|0x00000000eda00000, 0x00000000edb00000, 0x00000000edb00000|100%| E|CS|TAMS 0x00000000eda00000| PB 0x00000000eda00000| Complete 
| 219|0x00000000edb00000, 0x00000000edc00000, 0x00000000edc00000|100%| E|CS|TAMS 0x00000000edb00000| PB 0x00000000edb00000| Complete 
| 220|0x00000000edc00000, 0x00000000edd00000, 0x00000000edd00000|100%| E|CS|TAMS 0x00000000edc00000| PB 0x00000000edc00000| Complete 
| 221|0x00000000edd00000, 0x00000000ede00000, 0x00000000ede00000|100%| E|CS|TAMS 0x00000000edd00000| PB 0x00000000edd00000| Complete 
| 222|0x00000000ede00000, 0x00000000edf00000, 0x00000000edf00000|100%| E|CS|TAMS 0x00000000ede00000| PB 0x00000000ede00000| Complete 
| 223|0x00000000edf00000, 0x00000000ee000000, 0x00000000ee000000|100%| E|CS|TAMS 0x00000000edf00000| PB 0x00000000edf00000| Complete 
| 224|0x00000000ee000000, 0x00000000ee100000, 0x00000000ee100000|100%| E|CS|TAMS 0x00000000ee000000| PB 0x00000000ee000000| Complete 
| 225|0x00000000ee100000, 0x00000000ee200000, 0x00000000ee200000|100%| E|CS|TAMS 0x00000000ee100000| PB 0x00000000ee100000| Complete 
| 226|0x00000000ee200000, 0x00000000ee300000, 0x00000000ee300000|100%| E|CS|TAMS 0x00000000ee200000| PB 0x00000000ee200000| Complete 
| 227|0x00000000ee300000, 0x00000000ee400000, 0x00000000ee400000|100%| E|CS|TAMS 0x00000000ee300000| PB 0x00000000ee300000| Complete 
| 228|0x00000000ee400000, 0x00000000ee500000, 0x00000000ee500000|100%| E|CS|TAMS 0x00000000ee400000| PB 0x00000000ee400000| Complete 
| 229|0x00000000ee500000, 0x00000000ee600000, 0x00000000ee600000|100%| E|CS|TAMS 0x00000000ee500000| PB 0x00000000ee500000| Complete 
| 230|0x00000000ee600000, 0x00000000ee700000, 0x00000000ee700000|100%| E|CS|TAMS 0x00000000ee600000| PB 0x00000000ee600000| Complete 
| 231|0x00000000ee700000, 0x00000000ee800000, 0x00000000ee800000|100%| E|CS|TAMS 0x00000000ee700000| PB 0x00000000ee700000| Complete 
| 232|0x00000000ee800000, 0x00000000ee900000, 0x00000000ee900000|100%| E|CS|TAMS 0x00000000ee800000| PB 0x00000000ee800000| Complete 
| 233|0x00000000ee900000, 0x00000000eea00000, 0x00000000eea00000|100%| E|CS|TAMS 0x00000000ee900000| PB 0x00000000ee900000| Complete 
| 234|0x00000000eea00000, 0x00000000eeb00000, 0x00000000eeb00000|100%| E|CS|TAMS 0x00000000eea00000| PB 0x00000000eea00000| Complete 
| 235|0x00000000eeb00000, 0x00000000eec00000, 0x00000000eec00000|100%| E|CS|TAMS 0x00000000eeb00000| PB 0x00000000eeb00000| Complete 
| 236|0x00000000eec00000, 0x00000000eed00000, 0x00000000eed00000|100%| E|CS|TAMS 0x00000000eec00000| PB 0x00000000eec00000| Complete 
| 237|0x00000000eed00000, 0x00000000eee00000, 0x00000000eee00000|100%| E|CS|TAMS 0x00000000eed00000| PB 0x00000000eed00000| Complete 
| 238|0x00000000eee00000, 0x00000000eef00000, 0x00000000eef00000|100%| E|CS|TAMS 0x00000000eee00000| PB 0x00000000eee00000| Complete 
| 239|0x00000000eef00000, 0x00000000ef000000, 0x00000000ef000000|100%| E|CS|TAMS 0x00000000eef00000| PB 0x00000000eef00000| Complete 
| 240|0x00000000ef000000, 0x00000000ef100000, 0x00000000ef100000|100%| E|CS|TAMS 0x00000000ef000000| PB 0x00000000ef000000| Complete 
| 241|0x00000000ef100000, 0x00000000ef200000, 0x00000000ef200000|100%| E|CS|TAMS 0x00000000ef100000| PB 0x00000000ef100000| Complete 
| 242|0x00000000ef200000, 0x00000000ef300000, 0x00000000ef300000|100%| E|CS|TAMS 0x00000000ef200000| PB 0x00000000ef200000| Complete 
| 243|0x00000000ef300000, 0x00000000ef400000, 0x00000000ef400000|100%| E|CS|TAMS 0x00000000ef300000| PB 0x00000000ef300000| Complete 
| 244|0x00000000ef400000, 0x00000000ef500000, 0x00000000ef500000|100%| E|CS|TAMS 0x00000000ef400000| PB 0x00000000ef400000| Complete 
| 245|0x00000000ef500000, 0x00000000ef600000, 0x00000000ef600000|100%| E|CS|TAMS 0x00000000ef500000| PB 0x00000000ef500000| Complete 
| 246|0x00000000ef600000, 0x00000000ef700000, 0x00000000ef700000|100%| E|CS|TAMS 0x00000000ef600000| PB 0x00000000ef600000| Complete 
| 247|0x00000000ef700000, 0x00000000ef800000, 0x00000000ef800000|100%| E|CS|TAMS 0x00000000ef700000| PB 0x00000000ef700000| Complete 
| 248|0x00000000ef800000, 0x00000000ef900000, 0x00000000ef900000|100%| E|CS|TAMS 0x00000000ef800000| PB 0x00000000ef800000| Complete 
| 249|0x00000000ef900000, 0x00000000efa00000, 0x00000000efa00000|100%| E|CS|TAMS 0x00000000ef900000| PB 0x00000000ef900000| Complete 
| 250|0x00000000efa00000, 0x00000000efb00000, 0x00000000efb00000|100%| E|CS|TAMS 0x00000000efa00000| PB 0x00000000efa00000| Complete 
| 251|0x00000000efb00000, 0x00000000efc00000, 0x00000000efc00000|100%| E|CS|TAMS 0x00000000efb00000| PB 0x00000000efb00000| Complete 
| 252|0x00000000efc00000, 0x00000000efd00000, 0x00000000efd00000|100%| E|CS|TAMS 0x00000000efc00000| PB 0x00000000efc00000| Complete 
| 253|0x00000000efd00000, 0x00000000efe00000, 0x00000000efe00000|100%| E|CS|TAMS 0x00000000efd00000| PB 0x00000000efd00000| Complete 
| 254|0x00000000efe00000, 0x00000000eff00000, 0x00000000eff00000|100%| E|CS|TAMS 0x00000000efe00000| PB 0x00000000efe00000| Complete 
| 255|0x00000000eff00000, 0x00000000f0000000, 0x00000000f0000000|100%| E|CS|TAMS 0x00000000eff00000| PB 0x00000000eff00000| Complete 

Card table byte_map: [0x0000019041db0000,0x0000019041eb0000] _byte_map_base: 0x00000190416b0000

Marking Bits: (CMBitMap*) 0x000001902f7b4cf0
 Bits: [0x0000019041eb0000, 0x00000190426b0000)

Polling page: 0x000001902d710000

Metaspace:

Usage:
  Non-class:     51.31 MB used.
      Class:      8.82 MB used.
       Both:     60.13 MB used.

Virtual space:
  Non-class space:       64.00 MB reserved,      52.31 MB ( 82%) committed,  1 nodes.
      Class space:      320.00 MB reserved,       9.75 MB (  3%) committed,  1 nodes.
             Both:      384.00 MB reserved,      62.06 MB ( 16%) committed. 

Chunk freelists:
   Non-Class:  10.95 MB
       Class:  6.28 MB
        Both:  17.23 MB

MaxMetaspaceSize: 384.00 MB
CompressedClassSpaceSize: 320.00 MB
Initial GC threshold: 21.00 MB
Current GC threshold: 98.56 MB
CDS: on
 - commit_granule_bytes: 65536.
 - commit_granule_words: 8192.
 - virtual_space_node_default_size: 8388608.
 - enlarge_chunks_in_place: 1.
 - use_allocation_guard: 0.


Internal statistics:

num_allocs_failed_limit: 9.
num_arena_births: 3500.
num_arena_deaths: 0.
num_vsnodes_births: 2.
num_vsnodes_deaths: 0.
num_space_committed: 993.
num_space_uncommitted: 0.
num_chunks_returned_to_freelist: 9.
num_chunks_taken_from_freelist: 6485.
num_chunk_merges: 9.
num_chunk_splits: 4200.
num_chunks_enlarged: 2568.
num_inconsistent_stats: 0.

CodeHeap 'non-profiled nmethods': size=120000Kb used=4609Kb max_used=4893Kb free=115390Kb
 bounds [0x000001903a450000, 0x000001903a920000, 0x0000019041980000]
CodeHeap 'profiled nmethods': size=120000Kb used=13707Kb max_used=14236Kb free=106292Kb
 bounds [0x0000019032980000, 0x0000019033770000, 0x0000019039eb0000]
CodeHeap 'non-nmethods': size=5760Kb used=2855Kb max_used=2893Kb free=2904Kb
 bounds [0x0000019039eb0000, 0x000001903a190000, 0x000001903a450000]
CodeCache: size=245760Kb, used=21171Kb, max_used=22022Kb, free=224586Kb
 total_blobs=8126, nmethods=7224, adapters=805, full_count=0
Compilation: enabled, stopped_count=0, restarted_count=0

Compilation events (20 events):
Event: 29.811 Thread 0x000001904513b100 8205       3       com.google.common.collect.ImmutableSet$Builder::<init> (31 bytes)
Event: 29.811 Thread 0x00000190605ef680 nmethod 8181 0x000001903a5fb390 code [0x000001903a5fb500, 0x000001903a5fb570]
Event: 29.811 Thread 0x00000190605ef680 8180       4       java.util.TreeMap::get (19 bytes)
Event: 29.811 Thread 0x000001904513b100 nmethod 8205 0x0000019033167a10 code [0x0000019033167c00, 0x00000190331681c8]
Event: 29.811 Thread 0x000001904513b100 8184       3       com.google.common.collect.AbstractListMultimap::<init> (6 bytes)
Event: 29.812 Thread 0x000001904513b100 nmethod 8184 0x0000019033167190 code [0x0000019033167380, 0x0000019033167828]
Event: 29.817 Thread 0x000001904513b100 8206       1       org.gradle.internal.resources.AbstractResourceLockRegistry$ThreadLockDetails::access$000 (5 bytes)
Event: 29.817 Thread 0x000001904513b100 nmethod 8206 0x000001903a4f7890 code [0x000001903a4f7a20, 0x000001903a4f7ad0]
Event: 29.820 Thread 0x000001904513b100 8207       3       com.esotericsoftware.kryo.io.Output::writeVarLong (1304 bytes)
Event: 29.821 Thread 0x000001904513b100 nmethod 8207 0x0000019033165490 code [0x00000190331657a0, 0x0000019033166a08]
Event: 29.821 Thread 0x00000190605ef680 nmethod 8180 0x000001903a4f6610 code [0x000001903a4f6820, 0x000001903a4f72e0]
Event: 29.821 Thread 0x00000190605ef680 8178       4       java.lang.StringLatin1::toChars (16 bytes)
Event: 29.822 Thread 0x00000190605ef680 nmethod 8178 0x000001903a4f6190 code [0x000001903a4f6320, 0x000001903a4f6558]
Event: 29.827 Thread 0x00000190605ef680 8211       4       java.util.jar.JarFile::getVersionedEntry (133 bytes)
Event: 29.828 Thread 0x000001904513b100 8212       3       java.lang.Thread::threadState (11 bytes)
Event: 29.828 Thread 0x000001904513b100 nmethod 8212 0x0000019033165090 code [0x0000019033165240, 0x0000019033165380]
Event: 29.828 Thread 0x000001904513b100 8213       3       jdk.internal.misc.VM::toThreadState (68 bytes)
Event: 29.829 Thread 0x000001904513b100 nmethod 8213 0x0000019033164a90 code [0x0000019033164c80, 0x0000019033164fe0]
Event: 29.830 Thread 0x000001904513b100 8214       1       org.gradle.internal.concurrent.AbstractManagedExecutor::access$000 (5 bytes)
Event: 29.830 Thread 0x000001904513b100 nmethod 8214 0x000001903a65a590 code [0x000001903a65a720, 0x000001903a65a7d0]

GC Heap History (16 events):
Event: 1.542 GC heap before
{Heap before GC invocations=0 (full 0):
 garbage-first heap   total 262144K, used 22528K [0x00000000e0000000, 0x0000000100000000)
  region size 1024K, 23 young (23552K), 0 survivors (0K)
 Metaspace       used 956K, committed 1088K, reserved 393216K
  class space    used 79K, committed 128K, reserved 327680K
}
Event: 1.548 GC heap after
{Heap after GC invocations=1 (full 0):
 garbage-first heap   total 262144K, used 1791K [0x00000000e0000000, 0x0000000100000000)
  region size 1024K, 2 young (2048K), 2 survivors (2048K)
 Metaspace       used 956K, committed 1088K, reserved 393216K
  class space    used 79K, committed 128K, reserved 327680K
}
Event: 3.017 GC heap before
{Heap before GC invocations=1 (full 0):
 garbage-first heap   total 262144K, used 38655K [0x00000000e0000000, 0x0000000100000000)
  region size 1024K, 36 young (36864K), 2 survivors (2048K)
 Metaspace       used 4425K, committed 4608K, reserved 393216K
  class space    used 563K, committed 640K, reserved 327680K
}
Event: 3.023 GC heap after
{Heap after GC invocations=2 (full 0):
 garbage-first heap   total 262144K, used 10816K [0x00000000e0000000, 0x0000000100000000)
  region size 1024K, 5 young (5120K), 5 survivors (5120K)
 Metaspace       used 4425K, committed 4608K, reserved 393216K
  class space    used 563K, committed 640K, reserved 327680K
}
Event: 3.683 GC heap before
{Heap before GC invocations=2 (full 0):
 garbage-first heap   total 262144K, used 59968K [0x00000000e0000000, 0x0000000100000000)
  region size 1024K, 51 young (52224K), 5 survivors (5120K)
 Metaspace       used 4729K, committed 4928K, reserved 393216K
  class space    used 611K, committed 704K, reserved 327680K
}
Event: 3.690 GC heap after
{Heap after GC invocations=3 (full 0):
 garbage-first heap   total 262144K, used 16323K [0x00000000e0000000, 0x0000000100000000)
  region size 1024K, 5 young (5120K), 5 survivors (5120K)
 Metaspace       used 4729K, committed 4928K, reserved 393216K
  class space    used 611K, committed 704K, reserved 327680K
}
Event: 6.840 GC heap before
{Heap before GC invocations=3 (full 0):
 garbage-first heap   total 262144K, used 114627K [0x00000000e0000000, 0x0000000100000000)
  region size 1024K, 102 young (104448K), 5 survivors (5120K)
 Metaspace       used 20890K, committed 21504K, reserved 393216K
  class space    used 3095K, committed 3392K, reserved 327680K
}
Event: 6.853 GC heap after
{Heap after GC invocations=4 (full 0):
 garbage-first heap   total 262144K, used 24190K [0x00000000e0000000, 0x0000000100000000)
  region size 1024K, 12 young (12288K), 12 survivors (12288K)
 Metaspace       used 20890K, committed 21504K, reserved 393216K
  class space    used 3095K, committed 3392K, reserved 327680K
}
Event: 9.972 GC heap before
{Heap before GC invocations=5 (full 0):
 garbage-first heap   total 262144K, used 167550K [0x00000000e0000000, 0x0000000100000000)
  region size 1024K, 153 young (156672K), 12 survivors (12288K)
 Metaspace       used 31512K, committed 32448K, reserved 393216K
  class space    used 4676K, committed 5120K, reserved 327680K
}
Event: 9.993 GC heap after
{Heap after GC invocations=6 (full 0):
 garbage-first heap   total 262144K, used 33967K [0x00000000e0000000, 0x0000000100000000)
  region size 1024K, 18 young (18432K), 18 survivors (18432K)
 Metaspace       used 31512K, committed 32448K, reserved 393216K
  class space    used 4676K, committed 5120K, reserved 327680K
}
Event: 11.676 GC heap before
{Heap before GC invocations=6 (full 0):
 garbage-first heap   total 262144K, used 143535K [0x00000000e0000000, 0x0000000100000000)
  region size 1024K, 126 young (129024K), 18 survivors (18432K)
 Metaspace       used 35016K, committed 35968K, reserved 393216K
  class space    used 5118K, committed 5568K, reserved 327680K
}
Event: 11.694 GC heap after
{Heap after GC invocations=7 (full 0):
 garbage-first heap   total 262144K, used 38876K [0x00000000e0000000, 0x0000000100000000)
  region size 1024K, 15 young (15360K), 15 survivors (15360K)
 Metaspace       used 35016K, committed 35968K, reserved 393216K
  class space    used 5118K, committed 5568K, reserved 327680K
}
Event: 23.316 GC heap before
{Heap before GC invocations=8 (full 0):
 garbage-first heap   total 262144K, used 186332K [0x00000000e0000000, 0x0000000100000000)
  region size 1024K, 153 young (156672K), 15 survivors (15360K)
 Metaspace       used 53022K, committed 54720K, reserved 393216K
  class space    used 7624K, committed 8448K, reserved 327680K
}
Event: 23.335 GC heap after
{Heap after GC invocations=9 (full 0):
 garbage-first heap   total 262144K, used 50162K [0x00000000e0000000, 0x0000000100000000)
  region size 1024K, 17 young (17408K), 17 survivors (17408K)
 Metaspace       used 53022K, committed 54720K, reserved 393216K
  class space    used 7624K, committed 8448K, reserved 327680K
}
Event: 24.859 GC heap before
{Heap before GC invocations=9 (full 0):
 garbage-first heap   total 262144K, used 110578K [0x00000000e0000000, 0x0000000100000000)
  region size 1024K, 77 young (78848K), 17 survivors (17408K)
 Metaspace       used 58431K, committed 60288K, reserved 393216K
  class space    used 8495K, committed 9408K, reserved 327680K
}
Event: 24.874 GC heap after
{Heap after GC invocations=10 (full 0):
 garbage-first heap   total 262144K, used 54370K [0x00000000e0000000, 0x0000000100000000)
  region size 1024K, 15 young (15360K), 15 survivors (15360K)
 Metaspace       used 58431K, committed 60288K, reserved 393216K
  class space    used 8495K, committed 9408K, reserved 327680K
}

Dll operation events (14 events):
Event: 0.032 Loaded shared library C:\Users\user\.vscode\extensions\redhat.java-1.54.0-win32-x64\jre\21.0.10-win32-x86_64\bin\java.dll
Event: 0.122 Loaded shared library C:\Users\user\.vscode\extensions\redhat.java-1.54.0-win32-x64\jre\21.0.10-win32-x86_64\bin\zip.dll
Event: 0.258 Loaded shared library C:\Users\user\.vscode\extensions\redhat.java-1.54.0-win32-x64\jre\21.0.10-win32-x86_64\bin\instrument.dll
Event: 0.294 Loaded shared library C:\Users\user\.vscode\extensions\redhat.java-1.54.0-win32-x64\jre\21.0.10-win32-x86_64\bin\net.dll
Event: 0.302 Loaded shared library C:\Users\user\.vscode\extensions\redhat.java-1.54.0-win32-x64\jre\21.0.10-win32-x86_64\bin\nio.dll
Event: 0.315 Loaded shared library C:\Users\user\.vscode\extensions\redhat.java-1.54.0-win32-x64\jre\21.0.10-win32-x86_64\bin\zip.dll
Event: 1.498 Loaded shared library C:\Users\user\.vscode\extensions\redhat.java-1.54.0-win32-x64\jre\21.0.10-win32-x86_64\bin\jimage.dll
Event: 2.027 Loaded shared library C:\Users\user\.vscode\extensions\redhat.java-1.54.0-win32-x64\jre\21.0.10-win32-x86_64\bin\verify.dll
Event: 2.262 Loaded shared library C:\Users\user\.gradle\native\1def1411415f61bf3af743bc5b6707747c0891f09f0c88961ee8f79bc544acac\windows-amd64\native-platform.dll
Event: 2.290 Loaded shared library C:\Users\user\.gradle\native\0.2.7\x86_64-windows-gnu\gradle-fileevents.dll
Event: 3.931 Loaded shared library C:\Users\user\.vscode\extensions\redhat.java-1.54.0-win32-x64\jre\21.0.10-win32-x86_64\bin\management.dll
Event: 3.937 Loaded shared library C:\Users\user\.vscode\extensions\redhat.java-1.54.0-win32-x64\jre\21.0.10-win32-x86_64\bin\management_ext.dll
Event: 4.190 Loaded shared library C:\Users\user\.vscode\extensions\redhat.java-1.54.0-win32-x64\jre\21.0.10-win32-x86_64\bin\extnet.dll
Event: 4.495 Loaded shared library C:\Users\user\.vscode\extensions\redhat.java-1.54.0-win32-x64\jre\21.0.10-win32-x86_64\bin\sunmscapi.dll

Deoptimization events (20 events):
Event: 25.583 Thread 0x000001905ff02a60 Uncommon trap: trap_request=0xffffff45 fr.pc=0x000001903a678634 relative=0x00000000000002f4
Event: 25.583 Thread 0x000001905ff02a60 Uncommon trap: reason=unstable_if action=reinterpret pc=0x000001903a678634 method=sun.reflect.generics.parser.SignatureParser.parseTypeSignature()Lsun/reflect/generics/tree/TypeSignature; @ 4 c2
Event: 25.583 Thread 0x000001905ff02a60 DEOPT PACKING pc=0x000001903a678634 sp=0x00000055863f9040
Event: 25.583 Thread 0x000001905ff02a60 DEOPT UNPACKING pc=0x0000019039f07ba2 sp=0x00000055863f8fe8 mode 2
Event: 25.601 Thread 0x000001905ff02a60 Uncommon trap: trap_request=0xffffff45 fr.pc=0x000001903a7bd60c relative=0x000000000000006c
Event: 25.601 Thread 0x000001905ff02a60 Uncommon trap: reason=unstable_if action=reinterpret pc=0x000001903a7bd60c method=java.lang.Class.getComponentType()Ljava/lang/Class; @ 4 c2
Event: 25.601 Thread 0x000001905ff02a60 DEOPT PACKING pc=0x000001903a7bd60c sp=0x00000055863f9980
Event: 25.601 Thread 0x000001905ff02a60 DEOPT UNPACKING pc=0x0000019039f07ba2 sp=0x00000055863f9910 mode 2
Event: 26.673 Thread 0x000001905ff02a60 Uncommon trap: trap_request=0xffffff45 fr.pc=0x000001903a67d4b4 relative=0x0000000000000094
Event: 26.673 Thread 0x000001905ff02a60 Uncommon trap: reason=unstable_if action=reinterpret pc=0x000001903a67d4b4 method=java.util.HashMap$HashMapSpliterator.getFence()I @ 37 c2
Event: 26.673 Thread 0x000001905ff02a60 DEOPT PACKING pc=0x000001903a67d4b4 sp=0x00000055863f9700
Event: 26.673 Thread 0x000001905ff02a60 DEOPT UNPACKING pc=0x0000019039f07ba2 sp=0x00000055863f9678 mode 2
Event: 29.815 Thread 0x000001905ff02a60 DEOPT PACKING pc=0x0000019032bc50e1 sp=0x00000055863fb470
Event: 29.815 Thread 0x000001905ff02a60 DEOPT UNPACKING pc=0x0000019039f086e2 sp=0x00000055863fa980 mode 0
Event: 29.816 Thread 0x0000019061f37a30 DEOPT PACKING pc=0x0000019032bc50e1 sp=0x00000055892fddc0
Event: 29.816 Thread 0x0000019061f37a30 DEOPT UNPACKING pc=0x0000019039f086e2 sp=0x00000055892fd2d0 mode 0
Event: 29.835 Thread 0x0000019061f3c8f0 Uncommon trap: trap_request=0xffffff45 fr.pc=0x000001903a610c48 relative=0x00000000000006c8
Event: 29.835 Thread 0x0000019061f3c8f0 Uncommon trap: reason=unstable_if action=reinterpret pc=0x000001903a610c48 method=java.util.HashMap$HashIterator.<init>(Ljava/util/HashMap;)V @ 45 c2
Event: 29.835 Thread 0x0000019061f3c8f0 DEOPT PACKING pc=0x000001903a610c48 sp=0x00000055897fef70
Event: 29.835 Thread 0x0000019061f3c8f0 DEOPT UNPACKING pc=0x0000019039f07ba2 sp=0x00000055897fee00 mode 2

Classes loaded (20 events):
Event: 25.383 Loading class java/io/PrintWriter$1
Event: 25.383 Loading class jdk/internal/access/JavaIOPrintWriterAccess
Event: 25.384 Loading class jdk/internal/access/JavaIOPrintWriterAccess done
Event: 25.384 Loading class java/io/PrintWriter$1 done
Event: 25.520 Loading class java/util/AbstractCollectionBeanInfo
Event: 25.520 Loading class java/util/AbstractCollectionBeanInfo done
Event: 25.520 Loading class java/util/AbstractCollectionBeanInfo
Event: 25.520 Loading class java/util/AbstractCollectionBeanInfo done
Event: 25.520 Loading class java/util/AbstractCollectionCustomizer
Event: 25.520 Loading class java/util/AbstractCollectionCustomizer done
Event: 25.520 Loading class java/util/AbstractCollectionCustomizer
Event: 25.520 Loading class java/util/AbstractCollectionCustomizer done
Event: 25.583 Loading class sun/reflect/generics/tree/LongSignature
Event: 25.584 Loading class sun/reflect/generics/tree/LongSignature done
Event: 25.600 Loading class java/util/AbstractList$RandomAccessSubList
Event: 25.600 Loading class java/util/AbstractList$SubList
Event: 25.600 Loading class java/util/AbstractList$SubList done
Event: 25.600 Loading class java/util/AbstractList$RandomAccessSubList done
Event: 25.601 Loading class java/util/AbstractList$SubList$1
Event: 25.601 Loading class java/util/AbstractList$SubList$1 done

Classes unloaded (0 events):
No events

Classes redefined (0 events):
No events

Internal exceptions (20 events):
Event: 25.556 Thread 0x000001905ff02a60 Exception <a 'java/lang/ClassNotFoundException'{0x00000000edd706e0}: org/gradle/api/internal/artifacts/dsl/dependencies/DefaultDependencyHandlerCustomizer> (0x00000000edd706e0) 
thrown [s\src\hotspot\share\classfile\systemDictionary.cpp, line 312]
Event: 25.558 Thread 0x000001905ff02a60 Exception <a 'java/lang/ClassNotFoundException'{0x00000000eddcefe0}: org/gradle/api/internal/artifacts/dsl/dependencies/DefaultDependencyHandler_DecoratedCustomizer> (0x00000000eddcefe0) 
thrown [s\src\hotspot\share\classfile\systemDictionary.cpp, line 312]
Event: 25.572 Thread 0x000001905ff02a60 Exception <a 'java/lang/ClassNotFoundException'{0x00000000ed980820}: org/gradle/api/internal/tasks/DefaultTaskContainer_DecoratedBeanInfo> (0x00000000ed980820) 
thrown [s\src\hotspot\share\classfile\systemDictionary.cpp, line 312]
Event: 25.572 Thread 0x000001905ff02a60 Exception <a 'java/lang/ClassNotFoundException'{0x00000000ed994ff0}: org/gradle/api/internal/tasks/DefaultTaskContainerBeanInfo> (0x00000000ed994ff0) 
thrown [s\src\hotspot\share\classfile\systemDictionary.cpp, line 312]
Event: 25.573 Thread 0x000001905ff02a60 Exception <a 'java/lang/ClassNotFoundException'{0x00000000ed9a97e0}: org/gradle/api/internal/tasks/DefaultTaskCollectionBeanInfo> (0x00000000ed9a97e0) 
thrown [s\src\hotspot\share\classfile\systemDictionary.cpp, line 312]
Event: 25.573 Thread 0x000001905ff02a60 Exception <a 'java/lang/ClassNotFoundException'{0x00000000ed9be268}: org/gradle/api/internal/DefaultNamedDomainObjectSetBeanInfo> (0x00000000ed9be268) 
thrown [s\src\hotspot\share\classfile\systemDictionary.cpp, line 312]
Event: 25.573 Thread 0x000001905ff02a60 Exception <a 'java/lang/ClassNotFoundException'{0x00000000ed9d2cd0}: org/gradle/api/internal/DefaultNamedDomainObjectSetCustomizer> (0x00000000ed9d2cd0) 
thrown [s\src\hotspot\share\classfile\systemDictionary.cpp, line 312]
Event: 25.577 Thread 0x000001905ff02a60 Exception <a 'java/lang/ClassNotFoundException'{0x00000000ed861378}: org/gradle/api/internal/tasks/DefaultTaskCollectionCustomizer> (0x00000000ed861378) 
thrown [s\src\hotspot\share\classfile\systemDictionary.cpp, line 312]
Event: 25.582 Thread 0x000001905ff02a60 Exception <a 'java/lang/ClassNotFoundException'{0x00000000ed716d48}: org/gradle/api/internal/tasks/DefaultTaskContainerCustomizer> (0x00000000ed716d48) 
thrown [s\src\hotspot\share\classfile\systemDictionary.cpp, line 312]
Event: 25.590 Thread 0x000001905ff02a60 Exception <a 'java/lang/ClassNotFoundException'{0x00000000ed6f0e90}: org/gradle/api/internal/tasks/DefaultTaskContainer_DecoratedCustomizer> (0x00000000ed6f0e90) 
thrown [s\src\hotspot\share\classfile\systemDictionary.cpp, line 312]
Event: 25.609 Thread 0x000001905ff02a60 Exception <a 'java/lang/ClassNotFoundException'{0x00000000ed5b43f0}: groovy/lang/ReferenceBeanInfo> (0x00000000ed5b43f0) 
thrown [s\src\hotspot\share\classfile\systemDictionary.cpp, line 312]
Event: 25.609 Thread 0x000001905ff02a60 Exception <a 'java/lang/ClassNotFoundException'{0x00000000ed5bfd68}: groovy/lang/ReferenceCustomizer> (0x00000000ed5bfd68) 
thrown [s\src\hotspot\share\classfile\systemDictionary.cpp, line 312]
Event: 26.673 Thread 0x000001905ff02a60 Implicit null exception at 0x000001903a67d479 to 0x000001903a67d4a4
Event: 26.683 Thread 0x000001905ff02a60 Exception <a 'java/lang/ClassNotFoundException'{0x00000000ed20e080}: org/gradle/api/DefaultTask_DecoratedBeanInfo> (0x00000000ed20e080) 
thrown [s\src\hotspot\share\classfile\systemDictionary.cpp, line 312]
Event: 26.683 Thread 0x000001905ff02a60 Exception <a 'java/lang/ClassNotFoundException'{0x00000000ed21ad40}: org/gradle/api/DefaultTaskBeanInfo> (0x00000000ed21ad40) 
thrown [s\src\hotspot\share\classfile\systemDictionary.cpp, line 312]
Event: 26.683 Thread 0x000001905ff02a60 Exception <a 'java/lang/ClassNotFoundException'{0x00000000ed227bc8}: org/gradle/api/internal/AbstractTaskBeanInfo> (0x00000000ed227bc8) 
thrown [s\src\hotspot\share\classfile\systemDictionary.cpp, line 312]
Event: 26.684 Thread 0x000001905ff02a60 Exception <a 'java/lang/ClassNotFoundException'{0x00000000ed234b40}: org/gradle/api/internal/AbstractTaskCustomizer> (0x00000000ed234b40) 
thrown [s\src\hotspot\share\classfile\systemDictionary.cpp, line 312]
Event: 26.687 Thread 0x000001905ff02a60 Exception <a 'java/lang/ClassNotFoundException'{0x00000000ed296d48}: org/gradle/api/DefaultTaskCustomizer> (0x00000000ed296d48) 
thrown [s\src\hotspot\share\classfile\systemDictionary.cpp, line 312]
Event: 26.690 Thread 0x000001905ff02a60 Exception <a 'java/lang/ClassNotFoundException'{0x00000000ed100b18}: org/gradle/api/DefaultTask_DecoratedCustomizer> (0x00000000ed100b18) 
thrown [s\src\hotspot\share\classfile\systemDictionary.cpp, line 312]
Event: 29.824 Thread 0x0000019061f37a30 Exception <a 'java/lang/NoSuchMethodError'{0x00000000ecd1b0c8}: 'java.lang.Object java.lang.invoke.DirectMethodHandle$Holder.newInvokeSpecial(java.lang.Object, java.lang.Object, int, java.lang.Object, java.lang.Object)'> (0x00000000ecd1b0c8) 
thrown [s\src\hotspot\share\interpreter\linkResolver.cpp, line 773]

ZGC Phase Switch (0 events):
No events

VM Operations (20 events):
Event: 24.339 Executing safepoint VM operation: ICBufferFull
Event: 24.339 Executing safepoint VM operation: ICBufferFull done
Event: 24.339 Executing safepoint VM operation: ICBufferFull
Event: 24.339 Executing safepoint VM operation: ICBufferFull done
Event: 24.653 Executing safepoint VM operation: ICBufferFull
Event: 24.653 Executing safepoint VM operation: ICBufferFull done
Event: 24.859 Executing safepoint VM operation: CollectForMetadataAllocation (Metadata GC Threshold)
Event: 24.874 Executing safepoint VM operation: CollectForMetadataAllocation (Metadata GC Threshold) done
Event: 24.919 Executing safepoint VM operation: G1PauseRemark
Event: 24.925 Executing safepoint VM operation: G1PauseRemark done
Event: 24.937 Executing safepoint VM operation: G1PauseCleanup
Event: 24.938 Executing safepoint VM operation: G1PauseCleanup done
Event: 25.949 Executing safepoint VM operation: Cleanup
Event: 25.950 Executing safepoint VM operation: Cleanup done
Event: 26.959 Executing safepoint VM operation: Cleanup
Event: 26.959 Executing safepoint VM operation: Cleanup done
Event: 27.960 Executing safepoint VM operation: Cleanup
Event: 27.960 Executing safepoint VM operation: Cleanup done
Event: 29.975 Executing safepoint VM operation: Cleanup
Event: 29.975 Executing safepoint VM operation: Cleanup done

Memory protections (0 events):
No events

Nmethod flushes (20 events):
Event: 24.923 Thread 0x0000019045109770 flushing  nmethod 0x0000019032b38210
Event: 24.923 Thread 0x0000019045109770 flushing  nmethod 0x0000019032bd2510
Event: 24.923 Thread 0x0000019045109770 flushing  nmethod 0x0000019032bd2d90
Event: 24.923 Thread 0x0000019045109770 flushing  nmethod 0x0000019032bd4710
Event: 24.923 Thread 0x0000019045109770 flushing  nmethod 0x0000019032df2010
Event: 24.923 Thread 0x0000019045109770 flushing  nmethod 0x0000019032e1ff10
Event: 24.923 Thread 0x0000019045109770 flushing  nmethod 0x0000019033017310
Event: 24.923 Thread 0x0000019045109770 flushing  nmethod 0x0000019033017b90
Event: 24.923 Thread 0x0000019045109770 flushing  nmethod 0x0000019033018610
Event: 24.923 Thread 0x0000019045109770 flushing  nmethod 0x0000019033018f10
Event: 24.923 Thread 0x0000019045109770 flushing  nmethod 0x0000019033019390
Event: 24.923 Thread 0x0000019045109770 flushing  nmethod 0x0000019033019b10
Event: 24.923 Thread 0x0000019045109770 flushing  nmethod 0x000001903308b790
Event: 24.923 Thread 0x0000019045109770 flushing  nmethod 0x000001903308d510
Event: 24.923 Thread 0x0000019045109770 flushing  nmethod 0x0000019033096910
Event: 24.923 Thread 0x0000019045109770 flushing  nmethod 0x00000190330e5e10
Event: 24.923 Thread 0x0000019045109770 flushing  nmethod 0x00000190330f1e90
Event: 24.923 Thread 0x0000019045109770 flushing  nmethod 0x0000019033288790
Event: 24.923 Thread 0x0000019045109770 flushing  nmethod 0x00000190332fba10
Event: 24.923 Thread 0x0000019045109770 flushing  nmethod 0x0000019033301890

Events (20 events):
Event: 24.106 Thread 0x000001905ff02a60 Thread added: 0x00000190619a4950
Event: 24.109 Thread 0x000001905ff02a60 Thread added: 0x00000190619a4fe0
Event: 24.226 Thread 0x000001905ff02a60 Thread added: 0x00000190619a70b0
Event: 24.227 Thread 0x000001905ff02a60 Thread added: 0x00000190619a5670
Event: 24.228 Thread 0x000001905ff02a60 Thread added: 0x00000190619a5d00
Event: 24.230 Thread 0x000001905ff02a60 Thread added: 0x00000190619a6390
Event: 24.231 Thread 0x000001905ff02a60 Thread added: 0x00000190619a6a20
Event: 24.232 Thread 0x000001905ff02a60 Thread added: 0x0000019061f35ff0
Event: 24.233 Thread 0x000001905ff02a60 Thread added: 0x0000019061f36d10
Event: 24.296 Thread 0x000001904513b100 Thread added: 0x00000190605ef680
Event: 24.773 Thread 0x000001905ff02a60 Thread added: 0x0000019061f36680
Event: 25.453 Thread 0x000001905ff02a60 Thread added: 0x0000019061f373a0
Event: 29.815 Thread 0x000001905ff02a60 Thread added: 0x0000019061f37a30
Event: 29.829 Thread 0x0000019061f37a30 Thread added: 0x0000019061f38750
Event: 29.829 Thread 0x0000019061f37a30 Thread added: 0x0000019061f35960
Event: 29.829 Thread 0x0000019061f37a30 Thread added: 0x0000019061f352d0
Event: 29.829 Thread 0x0000019061f37a30 Thread added: 0x0000019061f38de0
Event: 29.830 Thread 0x0000019061f37a30 Thread added: 0x0000019061f3c8f0
Event: 29.830 Thread 0x0000019061f37a30 Thread added: 0x0000019061f3c260
Event: 29.830 Thread 0x0000019061f37a30 Thread added: 0x0000019061f3aeb0


Dynamic libraries:
0x00007ff61e960000 - 0x00007ff61e96e000 	C:\Users\user\.vscode\extensions\redhat.java-1.54.0-win32-x64\jre\21.0.10-win32-x86_64\bin\java.exe
0x00007ffb09b60000 - 0x00007ffb09dc7000 	C:\WINDOWS\SYSTEM32\ntdll.dll
0x00007ffb083f0000 - 0x00007ffb084b9000 	C:\WINDOWS\System32\KERNEL32.DLL
0x00007ffb06590000 - 0x00007ffb06987000 	C:\WINDOWS\System32\KERNELBASE.dll
0x00007ffb06e40000 - 0x00007ffb06f8b000 	C:\WINDOWS\System32\ucrtbase.dll
0x00007ffadf830000 - 0x00007ffadf848000 	C:\Users\user\.vscode\extensions\redhat.java-1.54.0-win32-x64\jre\21.0.10-win32-x86_64\bin\jli.dll
0x00007ffb096e0000 - 0x00007ffb098a6000 	C:\WINDOWS\System32\USER32.dll
0x00007ffb078b0000 - 0x00007ffb078d7000 	C:\WINDOWS\System32\win32u.dll
0x00007ffb08370000 - 0x00007ffb0839b000 	C:\WINDOWS\System32\GDI32.dll
0x00007ffb06a40000 - 0x00007ffb06b6c000 	C:\WINDOWS\System32\gdi32full.dll
0x00007ffb06990000 - 0x00007ffb06a33000 	C:\WINDOWS\System32\msvcp_win.dll
0x00007ffadfa60000 - 0x00007ffadfa7e000 	C:\Users\user\.vscode\extensions\redhat.java-1.54.0-win32-x64\jre\21.0.10-win32-x86_64\bin\VCRUNTIME140.dll
0x00007ffae9e70000 - 0x00007ffaea102000 	C:\WINDOWS\WinSxS\amd64_microsoft.windows.common-controls_6595b64144ccf1df_6.0.26100.8457_none_3e0b2faee331e92d\COMCTL32.dll
0x00007ffb07f70000 - 0x00007ffb08019000 	C:\WINDOWS\System32\msvcrt.dll
0x00007ffb08020000 - 0x00007ffb08052000 	C:\WINDOWS\System32\IMM32.DLL
0x00007ffb01720000 - 0x00007ffb0172c000 	C:\Users\user\.vscode\extensions\redhat.java-1.54.0-win32-x64\jre\21.0.10-win32-x86_64\bin\vcruntime140_1.dll
0x00007ffa8d790000 - 0x00007ffa8d81d000 	C:\Users\user\.vscode\extensions\redhat.java-1.54.0-win32-x64\jre\21.0.10-win32-x86_64\bin\msvcp140.dll
0x00007ffa50630000 - 0x00007ffa513d1000 	C:\Users\user\.vscode\extensions\redhat.java-1.54.0-win32-x64\jre\21.0.10-win32-x86_64\bin\server\jvm.dll
0x00007ffb09090000 - 0x00007ffb09146000 	C:\WINDOWS\System32\ADVAPI32.dll
0x00007ffb08700000 - 0x00007ffb087a7000 	C:\WINDOWS\System32\sechost.dll
0x00007ffb098c0000 - 0x00007ffb099d8000 	C:\WINDOWS\System32\RPCRT4.dll
0x00007ffb08250000 - 0x00007ffb082d0000 	C:\WINDOWS\System32\WS2_32.dll
0x00007ffb063f0000 - 0x00007ffb0644e000 	C:\WINDOWS\SYSTEM32\POWRPROF.dll
0x00007ffafeaf0000 - 0x00007ffafeb26000 	C:\WINDOWS\SYSTEM32\WINMM.dll
0x00007ffafe210000 - 0x00007ffafe21b000 	C:\WINDOWS\SYSTEM32\VERSION.dll
0x00007ffb063d0000 - 0x00007ffb063e4000 	C:\WINDOWS\SYSTEM32\UMPDC.dll
0x00007ffb05320000 - 0x00007ffb0533b000 	C:\WINDOWS\SYSTEM32\kernel.appcore.dll
0x00007ffaf7800000 - 0x00007ffaf780a000 	C:\Users\user\.vscode\extensions\redhat.java-1.54.0-win32-x64\jre\21.0.10-win32-x86_64\bin\jimage.dll
0x00007ffb04500000 - 0x00007ffb04742000 	C:\WINDOWS\SYSTEM32\DBGHELP.DLL
0x00007ffb09350000 - 0x00007ffb096d3000 	C:\WINDOWS\System32\combase.dll
0x00007ffb079d0000 - 0x00007ffb07aa9000 	C:\WINDOWS\System32\OLEAUT32.dll
0x00007ffad7e10000 - 0x00007ffad7e4b000 	C:\WINDOWS\SYSTEM32\dbgcore.DLL
0x00007ffb07800000 - 0x00007ffb078a8000 	C:\WINDOWS\System32\bcryptPrimitives.dll
0x00007ffaf7740000 - 0x00007ffaf774f000 	C:\Users\user\.vscode\extensions\redhat.java-1.54.0-win32-x64\jre\21.0.10-win32-x86_64\bin\instrument.dll
0x00007ffadf190000 - 0x00007ffadf1b0000 	C:\Users\user\.vscode\extensions\redhat.java-1.54.0-win32-x64\jre\21.0.10-win32-x86_64\bin\java.dll
0x00007ffb08910000 - 0x00007ffb0907e000 	C:\WINDOWS\System32\SHELL32.dll
0x00007ffb06f90000 - 0x00007ffb077fc000 	C:\WINDOWS\System32\windows.storage.dll
0x00007ffb09150000 - 0x00007ffb09246000 	C:\WINDOWS\System32\SHCORE.dll
0x00007ffb07960000 - 0x00007ffb079c6000 	C:\WINDOWS\System32\shlwapi.dll
0x00007ffb064b0000 - 0x00007ffb064d9000 	C:\WINDOWS\SYSTEM32\profapi.dll
0x00007ffadf170000 - 0x00007ffadf188000 	C:\Users\user\.vscode\extensions\redhat.java-1.54.0-win32-x64\jre\21.0.10-win32-x86_64\bin\zip.dll
0x00007ffae8b00000 - 0x00007ffae8b10000 	C:\Users\user\.vscode\extensions\redhat.java-1.54.0-win32-x64\jre\21.0.10-win32-x86_64\bin\net.dll
0x00007ffaf8ca0000 - 0x00007ffaf8dc9000 	C:\WINDOWS\SYSTEM32\WINHTTP.dll
0x00007ffb05890000 - 0x00007ffb058fc000 	C:\WINDOWS\system32\mswsock.dll
0x00007ffadf050000 - 0x00007ffadf066000 	C:\Users\user\.vscode\extensions\redhat.java-1.54.0-win32-x64\jre\21.0.10-win32-x86_64\bin\nio.dll
0x00007ffaf7730000 - 0x00007ffaf7740000 	C:\Users\user\.vscode\extensions\redhat.java-1.54.0-win32-x64\jre\21.0.10-win32-x86_64\bin\verify.dll
0x00007ffadd240000 - 0x00007ffadd267000 	C:\Users\user\.gradle\native\1def1411415f61bf3af743bc5b6707747c0891f09f0c88961ee8f79bc544acac\windows-amd64\native-platform.dll
0x00007ffa70dd0000 - 0x00007ffa70e48000 	C:\Users\user\.gradle\native\0.2.7\x86_64-windows-gnu\gradle-fileevents.dll
0x00007ffadc2c0000 - 0x00007ffadc2ca000 	C:\Users\user\.vscode\extensions\redhat.java-1.54.0-win32-x64\jre\21.0.10-win32-x86_64\bin\management.dll
0x00007ffadc2b0000 - 0x00007ffadc2bc000 	C:\Users\user\.vscode\extensions\redhat.java-1.54.0-win32-x64\jre\21.0.10-win32-x86_64\bin\management_ext.dll
0x00007ffb086f0000 - 0x00007ffb086f8000 	C:\WINDOWS\System32\PSAPI.DLL
0x00007ffb04e60000 - 0x00007ffb04e92000 	C:\WINDOWS\SYSTEM32\IPHLPAPI.DLL
0x00007ffb08240000 - 0x00007ffb0824a000 	C:\WINDOWS\System32\NSI.dll
0x00007ffaea230000 - 0x00007ffaea239000 	C:\Users\user\.vscode\extensions\redhat.java-1.54.0-win32-x64\jre\21.0.10-win32-x86_64\bin\extnet.dll
0x00007ffb05b70000 - 0x00007ffb05b8b000 	C:\WINDOWS\SYSTEM32\CRYPTSP.dll
0x00007ffb05280000 - 0x00007ffb052b9000 	C:\WINDOWS\system32\rsaenh.dll
0x00007ffb05940000 - 0x00007ffb05973000 	C:\WINDOWS\SYSTEM32\USERENV.dll
0x00007ffb06480000 - 0x00007ffb064aa000 	C:\WINDOWS\SYSTEM32\bcrypt.dll
0x00007ffb05b90000 - 0x00007ffb05b9c000 	C:\WINDOWS\SYSTEM32\CRYPTBASE.dll
0x00007ffad0fe0000 - 0x00007ffad0fee000 	C:\Users\user\.vscode\extensions\redhat.java-1.54.0-win32-x64\jre\21.0.10-win32-x86_64\bin\sunmscapi.dll
0x00007ffb06b70000 - 0x00007ffb06ce8000 	C:\WINDOWS\System32\CRYPT32.dll
0x00007ffb05d90000 - 0x00007ffb05dc0000 	C:\WINDOWS\SYSTEM32\ncrypt.dll
0x00007ffb05d40000 - 0x00007ffb05d7f000 	C:\WINDOWS\SYSTEM32\NTASN1.dll
0x00007ffaf73a0000 - 0x00007ffaf73a8000 	C:\WINDOWS\system32\wshunix.dll

JVMTI agents:
C:\Users\user\.gradle\wrapper\dists\gradle-8.14.4-bin\92wwslzcyst3phie3o264zltu\gradle-8.14.4\lib\agents\gradle-instrumentation-agent-8.14.4.jar path:C:\Users\user\.vscode\extensions\redhat.java-1.54.0-win32-x64\jre\21.0.10-win32-x86_64\bin\instrument.dll, loaded, initialized, instrumentlib options:none

dbghelp: loaded successfully - version: 4.0.5 - missing functions: none
symbol engine: initialized successfully - sym options: 0x614 - pdb path: .;C:\Users\user\.vscode\extensions\redhat.java-1.54.0-win32-x64\jre\21.0.10-win32-x86_64\bin;C:\WINDOWS\SYSTEM32;C:\WINDOWS\WinSxS\amd64_microsoft.windows.common-controls_6595b64144ccf1df_6.0.26100.8457_none_3e0b2faee331e92d;C:\Users\user\.vscode\extensions\redhat.java-1.54.0-win32-x64\jre\21.0.10-win32-x86_64\bin\server;C:\Users\user\.gradle\native\1def1411415f61bf3af743bc5b6707747c0891f09f0c88961ee8f79bc544acac\windows-amd64;C:\Users\user\.gradle\native\0.2.7\x86_64-windows-gnu

VM Arguments:
jvm_args: --add-opens=java.base/java.lang=ALL-UNNAMED --add-opens=java.base/java.lang.invoke=ALL-UNNAMED --add-opens=java.base/java.util=ALL-UNNAMED --add-opens=java.prefs/java.util.prefs=ALL-UNNAMED --add-exports=jdk.compiler/com.sun.tools.javac.api=ALL-UNNAMED --add-exports=jdk.compiler/com.sun.tools.javac.util=ALL-UNNAMED --add-opens=java.base/java.util=ALL-UNNAMED --add-opens=java.prefs/java.util.prefs=ALL-UNNAMED --add-opens=java.base/java.nio.charset=ALL-UNNAMED --add-opens=java.base/java.net=ALL-UNNAMED --add-opens=java.base/java.util.concurrent.atomic=ALL-UNNAMED --add-opens=java.xml/javax.xml.namespace=ALL-UNNAMED -XX:MaxMetaspaceSize=384m -XX:+HeapDumpOnOutOfMemoryError -Xms256m -Xmx512m -Dfile.encoding=UTF-8 -Duser.country=US -Duser.language=en -Duser.variant -javaagent:C:\Users\user\.gradle\wrapper\dists\gradle-8.14.4-bin\92wwslzcyst3phie3o264zltu\gradle-8.14.4\lib\agents\gradle-instrumentation-agent-8.14.4.jar 
java_command: org.gradle.launcher.daemon.bootstrap.GradleDaemon 8.14.4
java_class_path (initial): C:\Users\user\.gradle\wrapper\dists\gradle-8.14.4-bin\92wwslzcyst3phie3o264zltu\gradle-8.14.4\lib\gradle-daemon-main-8.14.4.jar
Launcher Type: SUN_STANDARD

[Global flags]
     intx CICompilerCount                          = 4                                         {product} {ergonomic}
   size_t CompressedClassSpaceSize                 = 335544320                                 {product} {ergonomic}
     uint ConcGCThreads                            = 2                                         {product} {ergonomic}
     uint G1ConcRefinementThreads                  = 8                                         {product} {ergonomic}
   size_t G1HeapRegionSize                         = 1048576                                   {product} {ergonomic}
    uintx GCDrainStackTargetSize                   = 64                                        {product} {ergonomic}
     bool HeapDumpOnOutOfMemoryError               = true                                   {manageable} {command line}
   size_t InitialHeapSize                          = 268435456                                 {product} {command line}
   size_t MarkStackSize                            = 4194304                                   {product} {ergonomic}
   size_t MaxHeapSize                              = 536870912                                 {product} {command line}
   size_t MaxMetaspaceSize                         = 402653184                                 {product} {command line}
   size_t MaxNewSize                               = 321912832                                 {product} {ergonomic}
   size_t MinHeapDeltaBytes                        = 1048576                                   {product} {ergonomic}
   size_t MinHeapSize                              = 268435456                                 {product} {command line}
    uintx NonNMethodCodeHeapSize                   = 5839372                                {pd product} {ergonomic}
    uintx NonProfiledCodeHeapSize                  = 122909434                              {pd product} {ergonomic}
    uintx ProfiledCodeHeapSize                     = 122909434                              {pd product} {ergonomic}
    uintx ReservedCodeCacheSize                    = 251658240                              {pd product} {ergonomic}
     bool SegmentedCodeCache                       = true                                      {product} {ergonomic}
   size_t SoftMaxHeapSize                          = 536870912                              {manageable} {ergonomic}
     bool UseCompressedOops                        = true                           {product lp64_product} {ergonomic}
     bool UseG1GC                                  = true                                      {product} {ergonomic}
     bool UseLargePagesIndividualAllocation        = false                                  {pd product} {ergonomic}

Logging:
Log output configuration:
 #0: stdout all=warning uptime,level,tags foldmultilines=false
 #1: stderr all=off uptime,level,tags foldmultilines=false

Release file:
JAVA_VERSION="21.0.10" 
MODULES="java.base java.compiler java.datatransfer java.xml java.prefs java.desktop java.instrument java.logging java.management java.security.sasl java.naming java.rmi java.management.rmi java.net.http java.scripting java.security.jgss java.transaction.xa java.sql java.sql.rowset java.xml.crypto java.se java.smartcardio jdk.accessibility jdk.internal.jvmstat jdk.attach jdk.charsets jdk.internal.opt jdk.zipfs jdk.compiler jdk.crypto.ec jdk.crypto.cryptoki jdk.crypto.mscapi jdk.dynalink jdk.internal.ed jdk.editpad jdk.hotspot.agent jdk.httpserver jdk.internal.le jdk.internal.vm.ci jdk.internal.vm.compiler jdk.internal.vm.compiler.management jdk.jartool jdk.javadoc jdk.jcmd jdk.management jdk.management.agent jdk.jconsole jdk.jdeps jdk.jdwp.agent jdk.jdi jdk.jfr jdk.jshell jdk.jsobject jdk.jstatd jdk.localedata jdk.management.jfr jdk.naming.dns jdk.naming.rmi jdk.net jdk.nio.mapmode jdk.random jdk.sctp jdk.security.auth jdk.security.jgss jdk.unsupported jdk.unsupported.desktop jdk.xml.dom" 

Environment Variables:
JAVA_HOME=C:\Program Files\Java\jdk-17
CLASSPATH=.;C:\Program Files\Java\jdk-17\lib\tools.jar
PATH=C:\Emgu\emgucv-windows-universal 2.4.10.1940\bin\x64;C:\Users\user\AppData\Local\Programs\Python\Python310;C:\Users\user\AppData\Local\Programs\Python\Python312;C:\Python313\Scripts\;C:\Python313\;C:\Program Files\Java\jdk-17\bin;C:\Program Files\Java\jdk-21\bin;C:\Program Files\Java\jdk-20\bin;C:\Program Files\Java\jdk-11.0.16.1\bin;C:\oraclexe\app\oracle\product\11.2.0\server\bin;C:\Program Files\Common Files\Oracle\Java\javapath;C:\Users\user\eclipse-workspace\.metadata\.log.;C:\windows\system32;C:\windows;C:\windows\System32\Wbem;C:\windows\System32\WindowsPowerShell\v1.0\;C:\windows\System32\OpenSSH\;C:\Program Files (x86)\NVIDIA Corporation\PhysX\Common;C:\Program Files\NVIDIA Corporation\NVIDIA NvDLISR;C:\WINDOWS\system32;C:\WINDOWS;C:\WINDOWS\System32\Wbem;C:\WINDOWS\System32\WindowsPowerShell\v1.0\;C:\WINDOWS\System32\OpenSSH\;C:\Program Files\PuTTY\;C:\Program Files (x86)\Microsoft SQL Server\160\Tools\Binn\;C:\Program Files\Microsoft SQL Server\160\Tools\Binn\;C:\Program Files\Microsoft SQL Server\Client SDK\ODBC\170\Tools\Binn\;C:\Program Files\Microsoft SQL Server\160\DTS\Binn\;C:\ProgramData\chocolatey\bin;C:\ngrok;C:\Program Files\nodejs\;C:\Program Files\Docker\Docker\resources\bin;C:\Program Files\Git\cmd;C:\Users\user\AppData\Local\Programs\Python\Python310\Scripts;C:\Emgu\emgucv-windows-universal 2.4.10.1940\bin\x64;C:\Users\user\AppData\Local\Programs\Python\Python310;C:\Users\user\AppData\Local\Programs\Python\Python312;C:\Python313\Scripts\;C:\Python313\;C:\Program Files\Java\jdk-17\bin;C:\Program Files\Java\jdk-21\bin;C:\Program Files\Java\jdk-20\bin;C:\Program Files\Java\jdk-11.0.16.1\bin;C:\oraclexe\app\oracle\product\11.2.0\server\bin;C:\Program Files\Common Files\Oracle\Java\javapath;C:\Users\user\eclipse-workspace\.metadata\.log.;C:\windows\system32;C:\windows;C:\windows\System32\Wbem;C:\windows\System32\WindowsPowerShell\v1.0\;C:\windows\System32\OpenSSH\;C:\Program Files (x86)\NVIDIA Corporation\PhysX\Common;C:\Program Files\NVIDIA Corporation\NVIDIA NvDLISR;C:\WINDOWS\system32;C:\WINDOWS;C:\WINDOWS\System32\Wbem;C:\WINDOWS\System32\WindowsPowerShell\v1.0\;C:\WINDOWS\System32\OpenSSH\;C:\Program Files\PuTTY\;C:\Program Files (x86)\Microsoft SQL Server\160\Tools\Binn\;C:\Program Files\Microsoft SQL Server\160\Tools\Binn\;C:\Program Files\Microsoft SQL Server\Client SDK\ODBC\170\Tools\Binn\;C:\Program Files\Microsoft SQL Server\160\DTS\Binn\;C:\ProgramData\chocolatey\bin;C:\ngrok;C:\Program Files\nodejs\;C:\Program Files\Docker\Docker\resources\bin;C:\Program Files\Git\cmd;C:\Users\user\AppData\Local\Programs\Python\Python310\Scripts;C:\Users\user\AppData\Local\Microsoft\WindowsApps;C:\Users\user\AppData\Local\Programs\Python\Python310;C:\Users\user\AppData\Local\Programs\Python\Python310\Scripts;C:\Users\user\AppData\Local\Programs\Python\Launcher\;C:\Users\user\AppData\Local\Programs\Microsoft VS Code\bin;C:\Users\user\AppData\Local\GitHubDesktop\bin;C:\Users\user\AppData\Roaming\npm;E:\Antigravity\bin;;D:\SignBridge\node_modules\.bin;C:\Users\user\AppData\Roaming\npm;C:\Users\user\AppData\Roaming\npm
USERNAME=user
OS=Windows_NT
PROCESSOR_IDENTIFIER=Intel64 Family 6 Model 140 Stepping 1, GenuineIntel
TMP=C:\Users\user\AppData\Local\Temp
TEMP=C:\Users\user\AppData\Local\Temp




Periodic native trim disabled

---------------  S Y S T E M  ---------------

OS:
 Windows 11 , 64 bit Build 26100 (10.0.26100.8328)
OS uptime: 0 days 8:28 hours
Hyper-V role detected

CPU: total 8 (initial active 8) (4 cores per cpu, 2 threads per core) family 6 model 140 stepping 1 microcode 0xb4, cx8, cmov, fxsr, ht, mmx, 3dnowpref, sse, sse2, sse3, ssse3, sse4.1, sse4.2, popcnt, lzcnt, tsc, tscinvbit, avx, avx2, aes, erms, clmul, bmi1, bmi2, adx, avx512f, avx512dq, avx512cd, avx512bw, avx512vl, sha, fma, vzeroupper, avx512_vpopcntdq, avx512_vpclmulqdq, avx512_vaes, avx512_vnni, clflush, clflushopt, clwb, avx512_vbmi2, avx512_vbmi, hv, rdtscp, rdpid, fsrm, gfni, avx512_bitalg, f16c, cet_ibt, cet_ss, avx512_ifma
Processor Information for processor 0
  Max Mhz: 2419, Current Mhz: 1007, Mhz Limit: 2419
Processor Information for processor 1
  Max Mhz: 2419, Current Mhz: 1007, Mhz Limit: 2419
Processor Information for processor 2
  Max Mhz: 2419, Current Mhz: 1007, Mhz Limit: 2419
Processor Information for processor 3
  Max Mhz: 2419, Current Mhz: 1007, Mhz Limit: 2419
Processor Information for processor 4
  Max Mhz: 2419, Current Mhz: 2419, Mhz Limit: 2419
Processor Information for processor 5
  Max Mhz: 2419, Current Mhz: 2419, Mhz Limit: 2419
Processor Information for processor 6
  Max Mhz: 2419, Current Mhz: 1007, Mhz Limit: 2419
Processor Information for processor 7
  Max Mhz: 2419, Current Mhz: 1007, Mhz Limit: 2419

Memory: 4k page, system-wide physical 7865M (715M free)
TotalPageFile size 32441M (AvailPageFile size 4M)
current process WorkingSet (physical memory assigned to process): 368M, peak: 383M
current process commit charge ("private bytes"): 501M, peak: 513M

vm_info: OpenJDK 64-Bit Server VM (21.0.10+7-LTS) for windows-amd64 JRE (21.0.10+7-LTS), built on 2026-01-20T00:00:00Z by "admin" with MS VC++ 17.12 (VS2022)

END.
