#
# There is insufficient memory for the Java Runtime Environment to continue.
# Native memory allocation (malloc) failed to allocate 1399216 bytes. Error detail: Chunk::new
# Possible reasons:
#   The system is out of physical RAM or swap space
#   This process is running with CompressedOops enabled, and the Java Heap may be blocking the growth of the native heap
# Possible solutions:
#   Reduce memory load on the system
#   Increase physical memory or swap space
#   Check if swap backing store is full
#   Decrease Java heap size (-Xmx/-Xms)
#   Decrease number of Java threads
#   Decrease Java thread stack sizes (-Xss)
#   Set larger code cache with -XX:ReservedCodeCacheSize=
#   JVM is running with Unscaled Compressed Oops mode in which the Java heap is
#     placed in the first 4GB address space. The Java Heap base address is the
#     maximum limit for the native heap growth. Please use -XX:HeapBaseMinAddress
#     to set the Java Heap base and to place the Java Heap above 4GB virtual address.
# This output file may be truncated or incomplete.
#
#  Out of Memory Error (arena.cpp:168), pid=24584, tid=17736
#
# JRE version: OpenJDK Runtime Environment Temurin-21.0.10+7 (21.0.10+7) (build 21.0.10+7-LTS)
# Java VM: OpenJDK 64-Bit Server VM Temurin-21.0.10+7 (21.0.10+7-LTS, mixed mode, sharing, tiered, compressed oops, compressed class ptrs, parallel gc, windows-amd64)
# No core dump will be written. Minidumps are not enabled by default on client versions of Windows
#

---------------  S U M M A R Y ------------

Command Line: --add-modules=ALL-SYSTEM --add-opens=java.base/java.util=ALL-UNNAMED --add-opens=java.base/java.lang=ALL-UNNAMED --add-opens=java.base/sun.nio.fs=ALL-UNNAMED -Declipse.application=org.eclipse.jdt.ls.core.id1 -Dosgi.bundles.defaultStartLevel=4 -Declipse.product=org.eclipse.jdt.ls.core.product -Djava.import.generatesMetadataFilesAtProjectRoot=false -DDetectVMInstallationsJob.disabled=true -Dfile.encoding=utf8 -XX:+UseParallelGC -XX:GCTimeRatio=4 -XX:AdaptiveSizePolicyWeight=90 -Dsun.zip.disableMemoryMapping=true -Xmx2G -Xms100m -Xlog:disable -javaagent:c:\Users\user\.vscode\extensions\redhat.java-1.54.0-win32-x64\lombok\lombok-1.18.39-4050.jar -XX:+HeapDumpOnOutOfMemoryError -XX:HeapDumpPath=c:\Users\user\AppData\Roaming\Code\User\workspaceStorage\e95794477d9dae20136f1a5bcfe74657\redhat.java -Daether.dependencyCollector.impl=bf c:\Users\user\.vscode\extensions\redhat.java-1.54.0-win32-x64\server\plugins\org.eclipse.equinox.launcher_1.7.100.v20251111-0406.jar -configuration c:\Users\user\AppData\Roaming\Code\User\globalStorage\redhat.java\1.54.0\config_win -data c:\Users\user\AppData\Roaming\Code\User\workspaceStorage\e95794477d9dae20136f1a5bcfe74657\redhat.java\jdt_ws --pipe=\\.\pipe\lsp-18589cb2007d400430eb7881d5058651-sock

Host: 11th Gen Intel(R) Core(TM) i5-1135G7 @ 2.40GHz, 8 cores, 7G,  Windows 11 , 64 bit Build 26100 (10.0.26100.8328)
Time: Thu May 14 18:39:39 2026 Korea Standard Time elapsed time: 16.648908 seconds (0d 0h 0m 16s)

---------------  T H R E A D  ---------------

Current thread (0x000001890538b9f0):  JavaThread "C2 CompilerThread1" daemon [_thread_in_native, id=17736, stack(0x0000000509a00000,0x0000000509b00000) (1024K)]


Current CompileTask:
C2:16649 11066       4       org.eclipse.jdt.internal.core.JarPackageFragmentRoot::initRawPackageInfo (292 bytes)

Stack: [0x0000000509a00000,0x0000000509b00000]
Native frames: (J=compiled Java code, j=interpreted, Vv=VM code, C=native code)
V  [jvm.dll+0x6d7a39]
V  [jvm.dll+0x8b4b26]
V  [jvm.dll+0x8b70de]
V  [jvm.dll+0x8b77c3]
V  [jvm.dll+0x284346]
V  [jvm.dll+0xc66ed]
V  [jvm.dll+0xc6c31]
V  [jvm.dll+0x3bec3b]
V  [jvm.dll+0x38b162]
V  [jvm.dll+0x38a5aa]
V  [jvm.dll+0x24c560]
V  [jvm.dll+0x24bb40]
V  [jvm.dll+0x1cb34e]
V  [jvm.dll+0x25b85d]
V  [jvm.dll+0x259dea]
V  [jvm.dll+0x3f857e]
V  [jvm.dll+0x85f59d]
V  [jvm.dll+0x6d626d]
C  [ucrtbase.dll+0x37b0]
C  [KERNEL32.DLL+0x2e957]
C  [ntdll.dll+0x427c]


---------------  P R O C E S S  ---------------

Threads class SMR info:
_java_thread_list=0x0000018911b3dd80, length=70, elements={
0x00000189227c30d0, 0x000001892273c3d0, 0x000001892273cfd0, 0x0000018922743000,
0x0000018922745a70, 0x000001892274a010, 0x0000018922750320, 0x0000018922757e70,
0x0000018922759760, 0x0000018904207430, 0x0000018904388690, 0x0000018904c2e7c0,
0x0000018904e78ad0, 0x0000018904700bb0, 0x00000189048a57f0, 0x00000189053a0f30,
0x00000189056eb020, 0x00000189052ee5d0, 0x0000018905498800, 0x000001890549b5f0,
0x000001890549bc80, 0x000001890549a240, 0x000001890538b9f0, 0x000001890549af60,
0x0000018905499520, 0x0000018905498e90, 0x0000018905499bb0, 0x000001890698a8b0,
0x0000018906989500, 0x000001890698af40, 0x0000018906988150, 0x00000189069887e0,
0x000001890698a220, 0x000001890698b5d0, 0x000001890698c2f0, 0x0000018906989b90,
0x000001890698bc60, 0x0000018906988e70, 0x000001890698e3c0, 0x000001890698f0e0,
0x000001890698ea50, 0x000001890698c980, 0x000001890698d010, 0x000001890698dd30,
0x000001890806c270, 0x000001890806b550, 0x000001890806bbe0, 0x000001890806a1a0,
0x000001890806c900, 0x0000018908069480, 0x000001890806cf90, 0x0000018908069b10,
0x000001890806d620, 0x000001890806dcb0, 0x000001890806a830, 0x0000018908c76860,
0x000001890806f060, 0x000001890806e9d0, 0x000001890806f6f0, 0x000001890806fd80,
0x0000018908070410, 0x0000018908070aa0, 0x0000018907e881f0, 0x0000018907e88f10,
0x0000018907e8a2c0, 0x0000018907e8a950, 0x0000018907e89c30, 0x0000018907e8ddd0,
0x0000018907e8d0b0, 0x0000018907e8d740
}

Java Threads: ( => current thread )
  0x00000189227c30d0 JavaThread "main"                              [_thread_blocked, id=14808, stack(0x0000000507a00000,0x0000000507b00000) (1024K)]
  0x000001892273c3d0 JavaThread "Reference Handler"          daemon [_thread_blocked, id=14932, stack(0x0000000507e00000,0x0000000507f00000) (1024K)]
  0x000001892273cfd0 JavaThread "Finalizer"                  daemon [_thread_blocked, id=11432, stack(0x0000000507f00000,0x0000000508000000) (1024K)]
  0x0000018922743000 JavaThread "Signal Dispatcher"          daemon [_thread_blocked, id=23064, stack(0x0000000508000000,0x0000000508100000) (1024K)]
  0x0000018922745a70 JavaThread "Attach Listener"            daemon [_thread_blocked, id=15320, stack(0x0000000508100000,0x0000000508200000) (1024K)]
  0x000001892274a010 JavaThread "Service Thread"             daemon [_thread_blocked, id=20196, stack(0x0000000508200000,0x0000000508300000) (1024K)]
  0x0000018922750320 JavaThread "Monitor Deflation Thread"   daemon [_thread_blocked, id=2236, stack(0x0000000508300000,0x0000000508400000) (1024K)]
  0x0000018922757e70 JavaThread "C2 CompilerThread0"         daemon [_thread_in_native, id=25148, stack(0x0000000508400000,0x0000000508500000) (1024K)]
  0x0000018922759760 JavaThread "C1 CompilerThread0"         daemon [_thread_blocked, id=17980, stack(0x0000000508500000,0x0000000508600000) (1024K)]
  0x0000018904207430 JavaThread "Common-Cleaner"             daemon [_thread_blocked, id=24860, stack(0x0000000508600000,0x0000000508700000) (1024K)]
  0x0000018904388690 JavaThread "Notification Thread"        daemon [_thread_blocked, id=1164, stack(0x0000000508800000,0x0000000508900000) (1024K)]
  0x0000018904c2e7c0 JavaThread "Active Thread: Equinox Container: a33eb9e1-2bb0-4c56-8771-e4a080c7f457"        [_thread_blocked, id=15124, stack(0x0000000509000000,0x0000000509100000) (1024K)]
  0x0000018904e78ad0 JavaThread "Refresh Thread: Equinox Container: a33eb9e1-2bb0-4c56-8771-e4a080c7f457" daemon [_thread_blocked, id=21176, stack(0x0000000509200000,0x0000000509300000) (1024K)]
  0x0000018904700bb0 JavaThread "Framework Event Dispatcher: Equinox Container: a33eb9e1-2bb0-4c56-8771-e4a080c7f457" daemon [_thread_blocked, id=21380, stack(0x0000000509300000,0x0000000509400000) (1024K)]
  0x00000189048a57f0 JavaThread "Start Level: Equinox Container: a33eb9e1-2bb0-4c56-8771-e4a080c7f457" daemon [_thread_blocked, id=14396, stack(0x0000000509400000,0x0000000509500000) (1024K)]
  0x00000189053a0f30 JavaThread "Bundle File Closer"         daemon [_thread_blocked, id=25144, stack(0x0000000509500000,0x0000000509600000) (1024K)]
  0x00000189056eb020 JavaThread "SCR Component Actor"        daemon [_thread_blocked, id=14708, stack(0x0000000508700000,0x0000000508800000) (1024K)]
  0x00000189052ee5d0 JavaThread "Worker-JM"                         [_thread_blocked, id=23464, stack(0x0000000509600000,0x0000000509700000) (1024K)]
  0x0000018905498800 JavaThread "JNA Cleaner"                daemon [_thread_blocked, id=5212, stack(0x0000000508900000,0x0000000508a00000) (1024K)]
  0x000001890549b5f0 JavaThread "Worker-0: Initialize Workspace"        [_thread_blocked, id=11352, stack(0x0000000509700000,0x0000000509800000) (1024K)]
  0x000001890549bc80 JavaThread "Worker-1"                          [_thread_blocked, id=3984, stack(0x0000000509800000,0x0000000509900000) (1024K)]
  0x000001890549a240 JavaThread "Worker-2"                          [_thread_blocked, id=12996, stack(0x0000000509900000,0x0000000509a00000) (1024K)]
=>0x000001890538b9f0 JavaThread "C2 CompilerThread1"         daemon [_thread_in_native, id=17736, stack(0x0000000509a00000,0x0000000509b00000) (1024K)]
  0x000001890549af60 JavaThread "Java indexing"              daemon [_thread_blocked, id=11944, stack(0x0000000509c00000,0x0000000509d00000) (1024K)]
  0x0000018905499520 JavaThread "Worker-3: Initialize workspace"        [_thread_in_native, id=4724, stack(0x0000000509f00000,0x000000050a000000) (1024K)]
  0x0000018905498e90 JavaThread "Worker-4: Publish Diagnostics"        [_thread_in_Java, id=24336, stack(0x000000050a000000,0x000000050a100000) (1024K)]
  0x0000018905499bb0 JavaThread "Worker-5"                          [_thread_blocked, id=5568, stack(0x000000050a100000,0x000000050a200000) (1024K)]
  0x000001890698a8b0 JavaThread "Worker-6"                          [_thread_blocked, id=19732, stack(0x000000050a200000,0x000000050a300000) (1024K)]
  0x0000018906989500 JavaThread "Worker-7"                          [_thread_blocked, id=6500, stack(0x000000050a300000,0x000000050a400000) (1024K)]
  0x000001890698af40 JavaThread "Thread-1"                   daemon [_thread_in_native, id=6180, stack(0x000000050a400000,0x000000050a500000) (1024K)]
  0x0000018906988150 JavaThread "Thread-2"                   daemon [_thread_in_native, id=1208, stack(0x000000050a500000,0x000000050a600000) (1024K)]
  0x00000189069887e0 JavaThread "Thread-3"                   daemon [_thread_in_native, id=20424, stack(0x000000050a600000,0x000000050a700000) (1024K)]
  0x000001890698a220 JavaThread "Thread-4"                   daemon [_thread_in_native, id=17968, stack(0x000000050a700000,0x000000050a800000) (1024K)]
  0x000001890698b5d0 JavaThread "Thread-5"                   daemon [_thread_in_native, id=19544, stack(0x000000050a800000,0x000000050a900000) (1024K)]
  0x000001890698c2f0 JavaThread "Thread-6"                   daemon [_thread_in_native, id=4784, stack(0x000000050a900000,0x000000050aa00000) (1024K)]
  0x0000018906989b90 JavaThread "Thread-7"                   daemon [_thread_in_native, id=16356, stack(0x000000050aa00000,0x000000050ab00000) (1024K)]
  0x000001890698bc60 JavaThread "Thread-8"                   daemon [_thread_in_native, id=24544, stack(0x000000050ab00000,0x000000050ac00000) (1024K)]
  0x0000018906988e70 JavaThread "Thread-9"                   daemon [_thread_in_native, id=26232, stack(0x000000050ac00000,0x000000050ad00000) (1024K)]
  0x000001890698e3c0 JavaThread "pool-2-thread-1"                   [_thread_blocked, id=27316, stack(0x000000050ad00000,0x000000050ae00000) (1024K)]
  0x000001890698f0e0 JavaThread "WorkspaceEventsHandler"            [_thread_blocked, id=21248, stack(0x000000050ae00000,0x000000050af00000) (1024K)]
  0x000001890698ea50 JavaThread "pool-1-thread-1"                   [_thread_blocked, id=4636, stack(0x000000050af00000,0x000000050b000000) (1024K)]
  0x000001890698c980 JavaThread "LocalFile Deleter"          daemon [_thread_blocked, id=11496, stack(0x000000050b000000,0x000000050b100000) (1024K)]
  0x000001890698d010 JavaThread "LocalFile Deleter"          daemon [_thread_blocked, id=18656, stack(0x000000050b100000,0x000000050b200000) (1024K)]
  0x000001890698dd30 JavaThread "LocalFile Deleter"          daemon [_thread_blocked, id=2020, stack(0x000000050b200000,0x000000050b300000) (1024K)]
  0x000001890806c270 JavaThread "LocalFile Deleter"          daemon [_thread_blocked, id=12212, stack(0x000000050b300000,0x000000050b400000) (1024K)]
  0x000001890806b550 JavaThread "LocalFile Deleter"          daemon [_thread_blocked, id=25164, stack(0x000000050b400000,0x000000050b500000) (1024K)]
  0x000001890806bbe0 JavaThread "LocalFile Deleter"          daemon [_thread_blocked, id=11772, stack(0x000000050b500000,0x000000050b600000) (1024K)]
  0x000001890806a1a0 JavaThread "LocalFile Deleter"          daemon [_thread_blocked, id=9168, stack(0x000000050b600000,0x000000050b700000) (1024K)]
  0x000001890806c900 JavaThread "LocalFile Deleter"          daemon [_thread_blocked, id=27236, stack(0x000000050b700000,0x000000050b800000) (1024K)]
  0x0000018908069480 JavaThread "Compiler Source File Reader" daemon [_thread_blocked, id=19972, stack(0x000000050b800000,0x000000050b900000) (1024K)]
  0x000001890806cf90 JavaThread "Compiler Source File Reader" daemon [_thread_blocked, id=26892, stack(0x000000050b900000,0x000000050ba00000) (1024K)]
  0x0000018908069b10 JavaThread "Compiler Source File Reader" daemon [_thread_blocked, id=26296, stack(0x000000050ba00000,0x000000050bb00000) (1024K)]
  0x000001890806d620 JavaThread "Compiler Source File Reader" daemon [_thread_blocked, id=24164, stack(0x000000050bb00000,0x000000050bc00000) (1024K)]
  0x000001890806dcb0 JavaThread "Compiler Source File Reader" daemon [_thread_blocked, id=11964, stack(0x000000050bc00000,0x000000050bd00000) (1024K)]
  0x000001890806a830 JavaThread "Compiler Source File Reader" daemon [_thread_blocked, id=20432, stack(0x000000050bd00000,0x000000050be00000) (1024K)]
  0x0000018908c76860 JavaThread "C2 CompilerThread2"         daemon [_thread_in_native, id=7984, stack(0x0000000509b00000,0x0000000509c00000) (1024K)]
  0x000001890806f060 JavaThread "ForkJoinPool.commonPool-worker-1" daemon [_thread_in_vm, id=17176, stack(0x000000050be00000,0x000000050bf00000) (1024K)]
  0x000001890806e9d0 JavaThread "ForkJoinPool.commonPool-worker-2" daemon [_thread_blocked, id=25240, stack(0x000000050bf00000,0x000000050c000000) (1024K)]
  0x000001890806f6f0 JavaThread "ForkJoinPool.commonPool-worker-3" daemon [_thread_blocked, id=18376, stack(0x000000050c000000,0x000000050c100000) (1024K)]
  0x000001890806fd80 JavaThread "ForkJoinPool.commonPool-worker-4" daemon [_thread_blocked, id=18292, stack(0x000000050c100000,0x000000050c200000) (1024K)]
  0x0000018908070410 JavaThread "ForkJoinPool.commonPool-worker-5" daemon [_thread_in_native, id=16044, stack(0x000000050c200000,0x000000050c300000) (1024K)]
  0x0000018908070aa0 JavaThread "ForkJoinPool.commonPool-worker-6" daemon [_thread_blocked, id=3712, stack(0x000000050c300000,0x000000050c400000) (1024K)]
  0x0000018907e881f0 JavaThread "ForkJoinPool.commonPool-worker-7" daemon [_thread_blocked, id=13172, stack(0x000000050c400000,0x000000050c500000) (1024K)]
  0x0000018907e88f10 JavaThread "Compiler Processing Task"   daemon [_thread_blocked, id=26952, stack(0x000000050c500000,0x000000050c600000) (1024K)]
  0x0000018907e8a2c0 JavaThread "Compiler Class File Writer" daemon [_thread_blocked, id=7564, stack(0x000000050c600000,0x000000050c700000) (1024K)]
  0x0000018907e8a950 JavaThread "Compiler Class File Writer" daemon [_thread_blocked, id=24236, stack(0x000000050c700000,0x000000050c800000) (1024K)]
  0x0000018907e89c30 JavaThread "Compiler Class File Writer" daemon [_thread_blocked, id=5200, stack(0x000000050c800000,0x000000050c900000) (1024K)]
  0x0000018907e8ddd0 JavaThread "Compiler Class File Writer" daemon [_thread_blocked, id=16324, stack(0x000000050c900000,0x000000050ca00000) (1024K)]
  0x0000018907e8d0b0 JavaThread "Compiler Class File Writer" daemon [_thread_blocked, id=17500, stack(0x000000050ca00000,0x000000050cb00000) (1024K)]
  0x0000018907e8d740 JavaThread "Compiler Class File Writer" daemon [_thread_blocked, id=23748, stack(0x000000050cb00000,0x000000050cc00000) (1024K)]
Total: 70

Other Threads:
  0x0000018922861b90 VMThread "VM Thread"                           [id=22140, stack(0x0000000507d00000,0x0000000507e00000) (1024K)]
  0x000001892264c950 WatcherThread "VM Periodic Task Thread"        [id=23780, stack(0x0000000507c00000,0x0000000507d00000) (1024K)]
  0x00000189227e1490 WorkerThread "GC Thread#0"                     [id=14712, stack(0x0000000507b00000,0x0000000507c00000) (1024K)]
  0x0000018904b76f20 WorkerThread "GC Thread#1"                     [id=5004, stack(0x0000000508a00000,0x0000000508b00000) (1024K)]
  0x0000018904b772d0 WorkerThread "GC Thread#2"                     [id=12812, stack(0x0000000508b00000,0x0000000508c00000) (1024K)]
  0x0000018904b77680 WorkerThread "GC Thread#3"                     [id=7816, stack(0x0000000508c00000,0x0000000508d00000) (1024K)]
  0x0000018904b77a30 WorkerThread "GC Thread#4"                     [id=13456, stack(0x0000000508d00000,0x0000000508e00000) (1024K)]
  0x0000018904b76060 WorkerThread "GC Thread#5"                     [id=19700, stack(0x0000000508e00000,0x0000000508f00000) (1024K)]
  0x0000018904b76410 WorkerThread "GC Thread#6"                     [id=17728, stack(0x0000000508f00000,0x0000000509000000) (1024K)]
  0x00000189045c5c90 WorkerThread "GC Thread#7"                     [id=19340, stack(0x0000000509100000,0x0000000509200000) (1024K)]
Total: 10

Threads with active compile tasks:
C2 CompilerThread0  16712 11115       4       org.eclipse.jdt.internal.core.util.WeakHashSet::add (105 bytes)
C2 CompilerThread1  16713 11066       4       org.eclipse.jdt.internal.core.JarPackageFragmentRoot::initRawPackageInfo (292 bytes)
C2 CompilerThread2  16713 10385       4       org.eclipse.jdt.internal.compiler.lookup.LookupEnvironment::getTypeFromTypeSignature (770 bytes)
Total: 3

VM state: synchronizing (normal execution)

VM Mutex/Monitor currently owned by a thread:  ([mutex/lock_event])
[0x00007ffa512ee560] Threads_lock - owner thread: 0x0000018922861b90
[0x00007ffa512ee660] Heap_lock - owner thread: 0x0000018905498e90

Heap address: 0x0000000080000000, size: 2048 MB, Compressed Oops mode: 32-bit

CDS archive(s) mapped at: [0x000001893a000000-0x000001893aba0000-0x000001893aba0000), size 12189696, SharedBaseAddress: 0x000001893a000000, ArchiveRelocationMode: 1.
Compressed class space mapped at: 0x000001893b000000-0x000001897b000000, reserved size: 1073741824
Narrow klass base: 0x000001893a000000, Narrow klass shift: 0, Narrow klass range: 0x100000000

GC Precious Log:
 CardTable entry size: 512
 CPUs: 8 total, 8 available
 Memory: 7865M
 Large Page Support: Disabled
 NUMA Support: Disabled
 Compressed Oops: Enabled (32-bit)
 Alignments: Space 512K, Generation 512K, Heap 2M
 Heap Min Capacity: 100M
 Heap Initial Capacity: 100M
 Heap Max Capacity: 2G
 Pre-touch: Disabled
 Parallel Workers: 8

Heap:
 PSYoungGen      total 15360K, used 15347K [0x00000000d5580000, 0x00000000d6800000, 0x0000000100000000)
  eden space 14848K, 100% used [0x00000000d5580000,0x00000000d6400000,0x00000000d6400000)
  from space 512K, 97% used [0x00000000d6700000,0x00000000d677cf90,0x00000000d6780000)
  to   space 512K, 0% used [0x00000000d6780000,0x00000000d6780000,0x00000000d6800000)
 ParOldGen       total 74240K, used 74170K [0x0000000080000000, 0x0000000084880000, 0x00000000d5580000)
  object space 74240K, 99% used [0x0000000080000000,0x000000008486e8d8,0x0000000084880000)
 Metaspace       used 63490K, committed 64960K, reserved 1114112K
  class space    used 6600K, committed 7168K, reserved 1048576K

Card table byte_map: [0x0000018922160000,0x0000018922570000] _byte_map_base: 0x0000018921d60000

Marking Bits: (ParMarkBitMap*) 0x00007ffa512f3450
 Begin Bits: [0x0000018934c70000, 0x0000018936c70000)
 End Bits:   [0x0000018936c70000, 0x0000018938c70000)

Polling page: 0x0000018920610000

Metaspace:

Usage:
  Non-class:     55.56 MB used.
      Class:      6.45 MB used.
       Both:     62.00 MB used.

Virtual space:
  Non-class space:       64.00 MB reserved,      56.44 MB ( 88%) committed,  1 nodes.
      Class space:        1.00 GB reserved,       7.00 MB ( <1%) committed,  1 nodes.
             Both:        1.06 GB reserved,      63.44 MB (  6%) committed. 

Chunk freelists:
   Non-Class:  7.36 MB
       Class:  8.98 MB
        Both:  16.34 MB

MaxMetaspaceSize: unlimited
CompressedClassSpaceSize: 1.00 GB
Initial GC threshold: 21.00 MB
Current GC threshold: 97.31 MB
CDS: on
 - commit_granule_bytes: 65536.
 - commit_granule_words: 8192.
 - virtual_space_node_default_size: 8388608.
 - enlarge_chunks_in_place: 1.
 - use_allocation_guard: 0.


Internal statistics:

num_allocs_failed_limit: 9.
num_arena_births: 1066.
num_arena_deaths: 14.
num_vsnodes_births: 2.
num_vsnodes_deaths: 0.
num_space_committed: 1015.
num_space_uncommitted: 0.
num_chunks_returned_to_freelist: 23.
num_chunks_taken_from_freelist: 4088.
num_chunk_merges: 12.
num_chunk_splits: 2469.
num_chunks_enlarged: 1398.
num_inconsistent_stats: 0.

CodeHeap 'non-profiled nmethods': size=120000Kb used=7094Kb max_used=7094Kb free=112905Kb
 bounds [0x000001892d490000, 0x000001892db80000, 0x00000189349c0000]
CodeHeap 'profiled nmethods': size=120000Kb used=23488Kb max_used=23488Kb free=96511Kb
 bounds [0x00000189259c0000, 0x00000189270c0000, 0x000001892cef0000]
CodeHeap 'non-nmethods': size=5760Kb used=1447Kb max_used=1574Kb free=4312Kb
 bounds [0x000001892cef0000, 0x000001892d160000, 0x000001892d490000]
CodeCache: size=245760Kb, used=32029Kb, max_used=32156Kb, free=213728Kb
 total_blobs=11014, nmethods=10264, adapters=654, full_count=0
Compilation: enabled, stopped_count=0, restarted_count=0

Compilation events (20 events):
Event: 15.583 Thread 0x0000018922759760 11094       3       org.eclipse.jdt.internal.core.SourceMethod::equals (43 bytes)
Event: 15.583 Thread 0x0000018922759760 nmethod 11094 0x0000018927096690 code [0x0000018927096880, 0x0000018927096d08]
Event: 15.584 Thread 0x0000018922759760 11095  s    3       org.eclipse.jdt.internal.core.JavaModelManager$PerProjectInfo::getResolvedClasspath (17 bytes)
Event: 15.584 Thread 0x0000018922759760 nmethod 11095 0x0000018927096e10 code [0x0000018927096fc0, 0x0000018927097240]
Event: 15.584 Thread 0x0000018922759760 11096       3       org.eclipse.jdt.internal.core.ExternalFoldersManager::isInternalPathForExternalFolder (13 bytes)
Event: 15.584 Thread 0x0000018922759760 nmethod 11096 0x0000018927097310 code [0x00000189270974e0, 0x0000018927097740]
Event: 15.584 Thread 0x0000018922759760 11097       3       org.eclipse.jdt.internal.core.JavaProject$$Lambda/0x000001893b4754f8::apply (8 bytes)
Event: 15.585 Thread 0x0000018922759760 nmethod 11097 0x0000018927097910 code [0x0000018927097b80, 0x0000018927098800]
Event: 15.585 Thread 0x0000018922759760 11101   !   3       org.eclipse.jdt.internal.compiler.classfmt.ClassFileReader::<init> (1968 bytes)
Event: 15.588 Thread 0x0000018922757e70 11104       4       org.eclipse.core.runtime.Path::computeSegments (163 bytes)
Event: 15.596 Thread 0x0000018922759760 nmethod 11101 0x0000018927098b90 code [0x00000189270995a0, 0x00000189270a14c8]
Event: 15.596 Thread 0x0000018922759760 11098       3       org.eclipse.jdt.internal.core.JavaProject::lambda$1 (19 bytes)
Event: 15.596 Thread 0x0000018922759760 nmethod 11098 0x00000189270a7010 code [0x00000189270a7260, 0x00000189270a7d48]
Event: 15.597 Thread 0x0000018922759760 11099   !   3       org.eclipse.jdt.internal.core.JrtPackageFragmentRoot::getModule (27 bytes)
Event: 15.597 Thread 0x0000018922759760 nmethod 11099 0x00000189270a8090 code [0x00000189270a82c0, 0x00000189270a8b38]
Event: 15.597 Thread 0x0000018922759760 11100       3       org.eclipse.jdt.internal.core.JavaProject$ModuleLookup::recordRoot (16 bytes)
Event: 15.597 Thread 0x0000018922759760 nmethod 11100 0x00000189270a8e10 code [0x00000189270a8fc0, 0x00000189270a91a0]
Event: 15.597 Thread 0x0000018922759760 11103       3       org.eclipse.jdt.internal.core.JavaProject$ModuleLookup::getRoot (22 bytes)
Event: 15.597 Thread 0x0000018922759760 nmethod 11103 0x00000189270a9290 code [0x00000189270a9480, 0x00000189270a9918]
Event: 15.641 Thread 0x0000018922759760 11107   !   3       org.eclipse.jdt.internal.core.OpenableElementInfo::setChildren (29 bytes)

GC Heap History (20 events):
Event: 13.870 GC heap before
{Heap before GC invocations=44 (full 3):
 PSYoungGen      total 18432K, used 18404K [0x00000000d5580000, 0x00000000d7d80000, 0x0000000100000000)
  eden space 14848K, 99% used [0x00000000d5580000,0x00000000d63ff320,0x00000000d6400000)
  from space 3584K, 99% used [0x00000000d6e00000,0x00000000d7179de8,0x00000000d7180000)
  to   space 10240K, 0% used [0x00000000d6400000,0x00000000d6400000,0x00000000d6e00000)
 ParOldGen       total 68608K, used 64038K [0x0000000080000000, 0x0000000084300000, 0x00000000d5580000)
  object space 68608K, 93% used [0x0000000080000000,0x0000000083e898d8,0x0000000084300000)
 Metaspace       used 60408K, committed 61760K, reserved 1114112K
  class space    used 6282K, committed 6848K, reserved 1048576K
}
Event: 13.874 GC heap after
{Heap after GC invocations=44 (full 3):
 PSYoungGen      total 16896K, used 1780K [0x00000000d5580000, 0x00000000d6e80000, 0x0000000100000000)
  eden space 14848K, 0% used [0x00000000d5580000,0x00000000d5580000,0x00000000d6400000)
  from space 2048K, 86% used [0x00000000d6400000,0x00000000d65bd3b8,0x00000000d6600000)
  to   space 4608K, 0% used [0x00000000d6a00000,0x00000000d6a00000,0x00000000d6e80000)
 ParOldGen       total 68608K, used 64719K [0x0000000080000000, 0x0000000084300000, 0x00000000d5580000)
  object space 68608K, 94% used [0x0000000080000000,0x0000000083f33f70,0x0000000084300000)
 Metaspace       used 60408K, committed 61760K, reserved 1114112K
  class space    used 6282K, committed 6848K, reserved 1048576K
}
Event: 14.084 GC heap before
{Heap before GC invocations=45 (full 3):
 PSYoungGen      total 16896K, used 16628K [0x00000000d5580000, 0x00000000d6e80000, 0x0000000100000000)
  eden space 14848K, 100% used [0x00000000d5580000,0x00000000d6400000,0x00000000d6400000)
  from space 2048K, 86% used [0x00000000d6400000,0x00000000d65bd3b8,0x00000000d6600000)
  to   space 4608K, 0% used [0x00000000d6a00000,0x00000000d6a00000,0x00000000d6e80000)
 ParOldGen       total 68608K, used 64719K [0x0000000080000000, 0x0000000084300000, 0x00000000d5580000)
  object space 68608K, 94% used [0x0000000080000000,0x0000000083f33f70,0x0000000084300000)
 Metaspace       used 61158K, committed 62464K, reserved 1114112K
  class space    used 6381K, committed 6912K, reserved 1048576K
}
Event: 14.089 GC heap after
{Heap after GC invocations=45 (full 3):
 PSYoungGen      total 15872K, used 776K [0x00000000d5580000, 0x00000000d6b00000, 0x0000000100000000)
  eden space 14848K, 0% used [0x00000000d5580000,0x00000000d5580000,0x00000000d6400000)
  from space 1024K, 75% used [0x00000000d6a00000,0x00000000d6ac21d8,0x00000000d6b00000)
  to   space 2048K, 0% used [0x00000000d6700000,0x00000000d6700000,0x00000000d6900000)
 ParOldGen       total 68608K, used 66373K [0x0000000080000000, 0x0000000084300000, 0x00000000d5580000)
  object space 68608K, 96% used [0x0000000080000000,0x00000000840d14a0,0x0000000084300000)
 Metaspace       used 61158K, committed 62464K, reserved 1114112K
  class space    used 6381K, committed 6912K, reserved 1048576K
}
Event: 14.596 GC heap before
{Heap before GC invocations=46 (full 3):
 PSYoungGen      total 15872K, used 15624K [0x00000000d5580000, 0x00000000d6b00000, 0x0000000100000000)
  eden space 14848K, 100% used [0x00000000d5580000,0x00000000d6400000,0x00000000d6400000)
  from space 1024K, 75% used [0x00000000d6a00000,0x00000000d6ac21d8,0x00000000d6b00000)
  to   space 2048K, 0% used [0x00000000d6700000,0x00000000d6700000,0x00000000d6900000)
 ParOldGen       total 68608K, used 66493K [0x0000000080000000, 0x0000000084300000, 0x00000000d5580000)
  object space 68608K, 96% used [0x0000000080000000,0x00000000840ef448,0x0000000084300000)
 Metaspace       used 62052K, committed 63360K, reserved 1114112K
  class space    used 6492K, committed 7040K, reserved 1048576K
}
Event: 14.598 GC heap after
{Heap after GC invocations=46 (full 3):
 PSYoungGen      total 16896K, used 621K [0x00000000d5580000, 0x00000000d6a80000, 0x0000000100000000)
  eden space 14848K, 0% used [0x00000000d5580000,0x00000000d5580000,0x00000000d6400000)
  from space 2048K, 30% used [0x00000000d6700000,0x00000000d679b620,0x00000000d6900000)
  to   space 1024K, 0% used [0x00000000d6980000,0x00000000d6980000,0x00000000d6a80000)
 ParOldGen       total 68608K, used 66807K [0x0000000080000000, 0x0000000084300000, 0x00000000d5580000)
  object space 68608K, 97% used [0x0000000080000000,0x000000008413dd28,0x0000000084300000)
 Metaspace       used 62052K, committed 63360K, reserved 1114112K
  class space    used 6492K, committed 7040K, reserved 1048576K
}
Event: 14.890 GC heap before
{Heap before GC invocations=47 (full 3):
 PSYoungGen      total 16896K, used 15469K [0x00000000d5580000, 0x00000000d6a80000, 0x0000000100000000)
  eden space 14848K, 100% used [0x00000000d5580000,0x00000000d6400000,0x00000000d6400000)
  from space 2048K, 30% used [0x00000000d6700000,0x00000000d679b620,0x00000000d6900000)
  to   space 1024K, 0% used [0x00000000d6980000,0x00000000d6980000,0x00000000d6a80000)
 ParOldGen       total 68608K, used 66811K [0x0000000080000000, 0x0000000084300000, 0x00000000d5580000)
  object space 68608K, 97% used [0x0000000080000000,0x000000008413ed60,0x0000000084300000)
 Metaspace       used 62744K, committed 64128K, reserved 1114112K
  class space    used 6556K, committed 7104K, reserved 1048576K
}
Event: 14.892 GC heap after
{Heap after GC invocations=47 (full 3):
 PSYoungGen      total 15872K, used 1005K [0x00000000d5580000, 0x00000000d6a80000, 0x0000000100000000)
  eden space 14848K, 0% used [0x00000000d5580000,0x00000000d5580000,0x00000000d6400000)
  from space 1024K, 98% used [0x00000000d6980000,0x00000000d6a7b460,0x00000000d6a80000)
  to   space 2048K, 0% used [0x00000000d6680000,0x00000000d6680000,0x00000000d6880000)
 ParOldGen       total 68608K, used 67405K [0x0000000080000000, 0x0000000084300000, 0x00000000d5580000)
  object space 68608K, 98% used [0x0000000080000000,0x00000000841d3560,0x0000000084300000)
 Metaspace       used 62744K, committed 64128K, reserved 1114112K
  class space    used 6556K, committed 7104K, reserved 1048576K
}
Event: 14.987 GC heap before
{Heap before GC invocations=48 (full 3):
 PSYoungGen      total 15872K, used 15829K [0x00000000d5580000, 0x00000000d6a80000, 0x0000000100000000)
  eden space 14848K, 99% used [0x00000000d5580000,0x00000000d63fa0f0,0x00000000d6400000)
  from space 1024K, 98% used [0x00000000d6980000,0x00000000d6a7b460,0x00000000d6a80000)
  to   space 2048K, 0% used [0x00000000d6680000,0x00000000d6680000,0x00000000d6880000)
 ParOldGen       total 68608K, used 67437K [0x0000000080000000, 0x0000000084300000, 0x00000000d5580000)
  object space 68608K, 98% used [0x0000000080000000,0x00000000841db698,0x0000000084300000)
 Metaspace       used 62949K, committed 64320K, reserved 1114112K
  class space    used 6573K, committed 7104K, reserved 1048576K
}
Event: 14.994 GC heap after
{Heap after GC invocations=48 (full 3):
 PSYoungGen      total 16896K, used 2035K [0x00000000d5580000, 0x00000000d6d00000, 0x0000000100000000)
  eden space 14848K, 0% used [0x00000000d5580000,0x00000000d5580000,0x00000000d6400000)
  from space 2048K, 99% used [0x00000000d6680000,0x00000000d687cd98,0x00000000d6880000)
  to   space 4608K, 0% used [0x00000000d6880000,0x00000000d6880000,0x00000000d6d00000)
 ParOldGen       total 69632K, used 69390K [0x0000000080000000, 0x0000000084400000, 0x00000000d5580000)
  object space 69632K, 99% used [0x0000000080000000,0x00000000843c3a28,0x0000000084400000)
 Metaspace       used 62949K, committed 64320K, reserved 1114112K
  class space    used 6573K, committed 7104K, reserved 1048576K
}
Event: 15.136 GC heap before
{Heap before GC invocations=49 (full 3):
 PSYoungGen      total 16896K, used 16883K [0x00000000d5580000, 0x00000000d6d00000, 0x0000000100000000)
  eden space 14848K, 100% used [0x00000000d5580000,0x00000000d6400000,0x00000000d6400000)
  from space 2048K, 99% used [0x00000000d6680000,0x00000000d687cd98,0x00000000d6880000)
  to   space 4608K, 0% used [0x00000000d6880000,0x00000000d6880000,0x00000000d6d00000)
 ParOldGen       total 69632K, used 69392K [0x0000000080000000, 0x0000000084400000, 0x00000000d5580000)
  object space 69632K, 99% used [0x0000000080000000,0x00000000843c43c8,0x0000000084400000)
 Metaspace       used 63359K, committed 64832K, reserved 1114112K
  class space    used 6593K, committed 7168K, reserved 1048576K
}
Event: 15.141 GC heap after
{Heap after GC invocations=49 (full 3):
 PSYoungGen      total 15872K, used 869K [0x00000000d5580000, 0x00000000d6980000, 0x0000000100000000)
  eden space 14848K, 0% used [0x00000000d5580000,0x00000000d5580000,0x00000000d6400000)
  from space 1024K, 84% used [0x00000000d6880000,0x00000000d6959710,0x00000000d6980000)
  to   space 2048K, 0% used [0x00000000d6580000,0x00000000d6580000,0x00000000d6780000)
 ParOldGen       total 71680K, used 71344K [0x0000000080000000, 0x0000000084600000, 0x00000000d5580000)
  object space 71680K, 99% used [0x0000000080000000,0x00000000845ac3c8,0x0000000084600000)
 Metaspace       used 63359K, committed 64832K, reserved 1114112K
  class space    used 6593K, committed 7168K, reserved 1048576K
}
Event: 15.296 GC heap before
{Heap before GC invocations=50 (full 3):
 PSYoungGen      total 15872K, used 15717K [0x00000000d5580000, 0x00000000d6980000, 0x0000000100000000)
  eden space 14848K, 100% used [0x00000000d5580000,0x00000000d6400000,0x00000000d6400000)
  from space 1024K, 84% used [0x00000000d6880000,0x00000000d6959710,0x00000000d6980000)
  to   space 2048K, 0% used [0x00000000d6580000,0x00000000d6580000,0x00000000d6780000)
 ParOldGen       total 71680K, used 71344K [0x0000000080000000, 0x0000000084600000, 0x00000000d5580000)
  object space 71680K, 99% used [0x0000000080000000,0x00000000845ac3c8,0x0000000084600000)
 Metaspace       used 63430K, committed 64896K, reserved 1114112K
  class space    used 6597K, committed 7168K, reserved 1048576K
}
Event: 15.298 GC heap after
{Heap after GC invocations=50 (full 3):
 PSYoungGen      total 16896K, used 936K [0x00000000d5580000, 0x00000000d6900000, 0x0000000100000000)
  eden space 14848K, 0% used [0x00000000d5580000,0x00000000d5580000,0x00000000d6400000)
  from space 2048K, 45% used [0x00000000d6580000,0x00000000d666a020,0x00000000d6780000)
  to   space 1536K, 0% used [0x00000000d6780000,0x00000000d6780000,0x00000000d6900000)
 ParOldGen       total 72192K, used 71822K [0x0000000080000000, 0x0000000084680000, 0x00000000d5580000)
  object space 72192K, 99% used [0x0000000080000000,0x0000000084623b58,0x0000000084680000)
 Metaspace       used 63430K, committed 64896K, reserved 1114112K
  class space    used 6597K, committed 7168K, reserved 1048576K
}
Event: 15.402 GC heap before
{Heap before GC invocations=51 (full 3):
 PSYoungGen      total 16896K, used 15784K [0x00000000d5580000, 0x00000000d6900000, 0x0000000100000000)
  eden space 14848K, 100% used [0x00000000d5580000,0x00000000d6400000,0x00000000d6400000)
  from space 2048K, 45% used [0x00000000d6580000,0x00000000d666a020,0x00000000d6780000)
  to   space 1536K, 0% used [0x00000000d6780000,0x00000000d6780000,0x00000000d6900000)
 ParOldGen       total 72192K, used 71822K [0x0000000080000000, 0x0000000084680000, 0x00000000d5580000)
  object space 72192K, 99% used [0x0000000080000000,0x0000000084623b58,0x0000000084680000)
 Metaspace       used 63434K, committed 64896K, reserved 1114112K
  class space    used 6597K, committed 7168K, reserved 1048576K
}
Event: 15.404 GC heap after
{Heap after GC invocations=51 (full 3):
 PSYoungGen      total 15872K, used 795K [0x00000000d5580000, 0x00000000d6880000, 0x0000000100000000)
  eden space 14848K, 0% used [0x00000000d5580000,0x00000000d5580000,0x00000000d6400000)
  from space 1024K, 77% used [0x00000000d6780000,0x00000000d6846e38,0x00000000d6880000)
  to   space 1024K, 0% used [0x00000000d6680000,0x00000000d6680000,0x00000000d6780000)
 ParOldGen       total 72704K, used 72468K [0x0000000080000000, 0x0000000084700000, 0x00000000d5580000)
  object space 72704K, 99% used [0x0000000080000000,0x00000000846c51a0,0x0000000084700000)
 Metaspace       used 63434K, committed 64896K, reserved 1114112K
  class space    used 6597K, committed 7168K, reserved 1048576K
}
Event: 15.459 GC heap before
{Heap before GC invocations=52 (full 3):
 PSYoungGen      total 15872K, used 15643K [0x00000000d5580000, 0x00000000d6880000, 0x0000000100000000)
  eden space 14848K, 100% used [0x00000000d5580000,0x00000000d6400000,0x00000000d6400000)
  from space 1024K, 77% used [0x00000000d6780000,0x00000000d6846e38,0x00000000d6880000)
  to   space 1024K, 0% used [0x00000000d6680000,0x00000000d6680000,0x00000000d6780000)
 ParOldGen       total 72704K, used 72468K [0x0000000080000000, 0x0000000084700000, 0x00000000d5580000)
  object space 72704K, 99% used [0x0000000080000000,0x00000000846c51a0,0x0000000084700000)
 Metaspace       used 63434K, committed 64896K, reserved 1114112K
  class space    used 6597K, committed 7168K, reserved 1048576K
}
Event: 15.462 GC heap after
{Heap after GC invocations=52 (full 3):
 PSYoungGen      total 15872K, used 613K [0x00000000d5580000, 0x00000000d6800000, 0x0000000100000000)
  eden space 14848K, 0% used [0x00000000d5580000,0x00000000d5580000,0x00000000d6400000)
  from space 1024K, 59% used [0x00000000d6680000,0x00000000d6719548,0x00000000d6780000)
  to   space 512K, 0% used [0x00000000d6780000,0x00000000d6780000,0x00000000d6800000)
 ParOldGen       total 73216K, used 72796K [0x0000000080000000, 0x0000000084780000, 0x00000000d5580000)
  object space 73216K, 99% used [0x0000000080000000,0x00000000847170c0,0x0000000084780000)
 Metaspace       used 63434K, committed 64896K, reserved 1114112K
  class space    used 6597K, committed 7168K, reserved 1048576K
}
Event: 15.541 GC heap before
{Heap before GC invocations=53 (full 3):
 PSYoungGen      total 15872K, used 15461K [0x00000000d5580000, 0x00000000d6800000, 0x0000000100000000)
  eden space 14848K, 100% used [0x00000000d5580000,0x00000000d6400000,0x00000000d6400000)
  from space 1024K, 59% used [0x00000000d6680000,0x00000000d6719548,0x00000000d6780000)
  to   space 512K, 0% used [0x00000000d6780000,0x00000000d6780000,0x00000000d6800000)
 ParOldGen       total 73216K, used 72796K [0x0000000080000000, 0x0000000084780000, 0x00000000d5580000)
  object space 73216K, 99% used [0x0000000080000000,0x00000000847170c0,0x0000000084780000)
 Metaspace       used 63436K, committed 64896K, reserved 1114112K
  class space    used 6597K, committed 7168K, reserved 1048576K
}
Event: 15.544 GC heap after
{Heap after GC invocations=53 (full 3):
 PSYoungGen      total 15360K, used 424K [0x00000000d5580000, 0x00000000d6800000, 0x0000000100000000)
  eden space 14848K, 0% used [0x00000000d5580000,0x00000000d5580000,0x00000000d6400000)
  from space 512K, 82% used [0x00000000d6780000,0x00000000d67ea300,0x00000000d6800000)
  to   space 512K, 0% used [0x00000000d6700000,0x00000000d6700000,0x00000000d6780000)
 ParOldGen       total 73728K, used 73290K [0x0000000080000000, 0x0000000084800000, 0x00000000d5580000)
  object space 73728K, 99% used [0x0000000080000000,0x0000000084792998,0x0000000084800000)
 Metaspace       used 63436K, committed 64896K, reserved 1114112K
  class space    used 6597K, committed 7168K, reserved 1048576K
}

Dll operation events (10 events):
Event: 0.019 Loaded shared library c:\Users\user\.vscode\extensions\redhat.java-1.54.0-win32-x64\jre\21.0.10-win32-x86_64\bin\java.dll
Event: 0.043 Loaded shared library c:\Users\user\.vscode\extensions\redhat.java-1.54.0-win32-x64\jre\21.0.10-win32-x86_64\bin\zip.dll
Event: 0.101 Loaded shared library C:\Users\user\.vscode\extensions\redhat.java-1.54.0-win32-x64\jre\21.0.10-win32-x86_64\bin\instrument.dll
Event: 0.109 Loaded shared library C:\Users\user\.vscode\extensions\redhat.java-1.54.0-win32-x64\jre\21.0.10-win32-x86_64\bin\net.dll
Event: 0.114 Loaded shared library C:\Users\user\.vscode\extensions\redhat.java-1.54.0-win32-x64\jre\21.0.10-win32-x86_64\bin\nio.dll
Event: 0.117 Loaded shared library C:\Users\user\.vscode\extensions\redhat.java-1.54.0-win32-x64\jre\21.0.10-win32-x86_64\bin\zip.dll
Event: 0.134 Loaded shared library C:\Users\user\.vscode\extensions\redhat.java-1.54.0-win32-x64\jre\21.0.10-win32-x86_64\bin\jimage.dll
Event: 0.221 Loaded shared library c:\Users\user\.vscode\extensions\redhat.java-1.54.0-win32-x64\jre\21.0.10-win32-x86_64\bin\verify.dll
Event: 1.470 Loaded shared library C:\Users\user\AppData\Roaming\Code\User\globalStorage\redhat.java\1.54.0\config_win\org.eclipse.equinox.launcher\org.eclipse.equinox.launcher.win32.win32.x86_64_1.3.0.v20260203-2149\eclipse_11919.dll
Event: 5.202 Loaded shared library C:\Users\user\AppData\Local\Temp\jna-3599307\jna10722547489594470101.dll

Deoptimization events (20 events):
Event: 15.167 Thread 0x000001890806f060 DEOPT PACKING pc=0x00000189266940a6 sp=0x000000050befda60
Event: 15.167 Thread 0x000001890806f060 DEOPT UNPACKING pc=0x000001892cf478e2 sp=0x000000050befcf50 mode 0
Event: 15.236 Thread 0x0000018908070410 Uncommon trap: trap_request=0xffffff45 fr.pc=0x000001892d770d44 relative=0x0000000000000364
Event: 15.236 Thread 0x0000018908070410 Uncommon trap: reason=unstable_if action=reinterpret pc=0x000001892d770d44 method=org.eclipse.jdt.internal.core.util.WeakHashSet.addValue(Lorg/eclipse/jdt/internal/core/util/WeakHashSet$HashableWeakReference;)V @ 6 c2
Event: 15.236 Thread 0x0000018908070410 DEOPT PACKING pc=0x000001892d770d44 sp=0x000000050c2fddc0
Event: 15.236 Thread 0x0000018908070410 DEOPT UNPACKING pc=0x000001892cf46da2 sp=0x000000050c2fdd60 mode 2
Event: 15.295 Thread 0x000001890806f060 DEOPT PACKING pc=0x0000018926cf1db2 sp=0x000000050befd610
Event: 15.295 Thread 0x000001890806f060 DEOPT UNPACKING pc=0x000001892cf478e2 sp=0x000000050befcb88 mode 0
Event: 15.434 Thread 0x000001890806f060 Uncommon trap: trap_request=0xffffff6e fr.pc=0x000001892db703d8 relative=0x0000000000000198
Event: 15.434 Thread 0x000001890806f060 Uncommon trap: reason=loop_limit_check action=maybe_recompile pc=0x000001892db703d8 method=org.eclipse.jdt.internal.core.util.HashSetOfArray.hashCode([Ljava/lang/Object;I)I @ 27 c2
Event: 15.434 Thread 0x000001890806f060 DEOPT PACKING pc=0x000001892db703d8 sp=0x000000050befddd0
Event: 15.434 Thread 0x000001890806f060 DEOPT UNPACKING pc=0x000001892cf46da2 sp=0x000000050befdd58 mode 2
Event: 15.466 Thread 0x0000018905499520 Uncommon trap: trap_request=0xffffff45 fr.pc=0x000001892db51f5c relative=0x000000000000183c
Event: 15.487 Thread 0x0000018905499520 Uncommon trap: reason=unstable_if action=reinterpret pc=0x000001892db51f5c method=org.eclipse.jdt.internal.core.util.WeakHashSet.cleanupGarbageCollectedValues()V @ 68 c2
Event: 15.487 Thread 0x0000018905499520 DEOPT PACKING pc=0x000001892db51f5c sp=0x0000000509ffe820
Event: 15.490 Thread 0x0000018905499520 DEOPT UNPACKING pc=0x000001892cf46da2 sp=0x0000000509ffe6c0 mode 2
Event: 15.524 Thread 0x0000018908070410 Uncommon trap: trap_request=0xffffff45 fr.pc=0x000001892db61408 relative=0x0000000000007ee8
Event: 15.524 Thread 0x0000018908070410 Uncommon trap: reason=unstable_if action=reinterpret pc=0x000001892db61408 method=org.eclipse.jdt.internal.compiler.classfmt.ClassFileReader.<init>([B[CZ)V @ 964 c2
Event: 15.524 Thread 0x0000018908070410 DEOPT PACKING pc=0x000001892db61408 sp=0x000000050c2fdea0
Event: 15.524 Thread 0x0000018908070410 DEOPT UNPACKING pc=0x000001892cf46da2 sp=0x000000050c2fde60 mode 2

Classes loaded (20 events):
Event: 14.457 Loading class java/nio/charset/CharacterCodingException
Event: 14.458 Loading class java/nio/charset/CharacterCodingException done
Event: 14.458 Loading class java/io/SequenceInputStream
Event: 14.458 Loading class java/io/SequenceInputStream done
Event: 14.584 Loading class java/util/concurrent/CompletableFuture$UniApply
Event: 14.585 Loading class java/util/concurrent/CompletableFuture$UniApply done
Event: 14.585 Loading class java/util/concurrent/CompletableFuture$UniExceptionally
Event: 14.585 Loading class java/util/concurrent/CompletableFuture$UniExceptionally done
Event: 14.638 Loading class javax/xml/transform/TransformerConfigurationException
Event: 14.638 Loading class javax/xml/transform/TransformerConfigurationException done
Event: 14.721 Loading class java/util/Hashtable$KeySet
Event: 14.721 Loading class java/util/Hashtable$KeySet done
Event: 14.768 Loading class java/util/stream/DistinctOps
Event: 14.768 Loading class java/util/stream/DistinctOps done
Event: 14.768 Loading class java/util/stream/DistinctOps$1
Event: 14.768 Loading class java/util/stream/DistinctOps$1 done
Event: 14.785 Loading class java/util/stream/DistinctOps$1$2
Event: 14.785 Loading class java/util/stream/DistinctOps$1$2 done
Event: 15.060 Loading class java/lang/UnsupportedClassVersionError
Event: 15.060 Loading class java/lang/UnsupportedClassVersionError done

Classes unloaded (7 events):
Event: 5.630 Thread 0x0000018922861b90 Unloading class 0x000001893b1acc00 'java/lang/invoke/LambdaForm$MH+0x000001893b1acc00'
Event: 5.630 Thread 0x0000018922861b90 Unloading class 0x000001893b1ac800 'java/lang/invoke/LambdaForm$MH+0x000001893b1ac800'
Event: 5.630 Thread 0x0000018922861b90 Unloading class 0x000001893b1ac400 'java/lang/invoke/LambdaForm$MH+0x000001893b1ac400'
Event: 5.630 Thread 0x0000018922861b90 Unloading class 0x000001893b1ac000 'java/lang/invoke/LambdaForm$MH+0x000001893b1ac000'
Event: 5.630 Thread 0x0000018922861b90 Unloading class 0x000001893b1abc00 'java/lang/invoke/LambdaForm$BMH+0x000001893b1abc00'
Event: 5.630 Thread 0x0000018922861b90 Unloading class 0x000001893b1ab800 'java/lang/invoke/LambdaForm$DMH+0x000001893b1ab800'
Event: 5.630 Thread 0x0000018922861b90 Unloading class 0x000001893b1aa800 'java/lang/invoke/LambdaForm$DMH+0x000001893b1aa800'

Classes redefined (0 events):
No events

Internal exceptions (20 events):
Event: 14.594 Thread 0x000001890698ea50 Exception <a 'java/lang/IncompatibleClassChangeError'{0x00000000d6381a98}: Found class java.lang.Object, but interface was expected> (0x00000000d6381a98) 
thrown [s\src\hotspot\share\interpreter\linkResolver.cpp, line 840]
Event: 14.602 Thread 0x000001890698ea50 Exception <a 'java/lang/IncompatibleClassChangeError'{0x00000000d55fa860}: Found class java.lang.Object, but interface was expected> (0x00000000d55fa860) 
thrown [s\src\hotspot\share\interpreter\linkResolver.cpp, line 840]
Event: 14.739 Thread 0x000001890806e9d0 Exception <a 'sun/nio/fs/WindowsException'{0x00000000d5d1dc10}> (0x00000000d5d1dc10) 
thrown [s\src\hotspot\share\prims\jni.cpp, line 520]
Event: 14.739 Thread 0x000001890806e9d0 Exception <a 'sun/nio/fs/WindowsException'{0x00000000d5d1e780}> (0x00000000d5d1e780) 
thrown [s\src\hotspot\share\prims\jni.cpp, line 520]
Event: 14.740 Thread 0x000001890806e9d0 Exception <a 'sun/nio/fs/WindowsException'{0x00000000d5d1fa68}> (0x00000000d5d1fa68) 
thrown [s\src\hotspot\share\prims\jni.cpp, line 520]
Event: 14.740 Thread 0x000001890806e9d0 Exception <a 'sun/nio/fs/WindowsException'{0x00000000d5d64c28}> (0x00000000d5d64c28) 
thrown [s\src\hotspot\share\prims\jni.cpp, line 520]
Event: 14.747 Thread 0x000001890806e9d0 Exception <a 'java/io/FileNotFoundException'{0x00000000d5e41270}> (0x00000000d5e41270) 
thrown [s\src\hotspot\share\prims\jni.cpp, line 520]
Event: 14.748 Thread 0x000001890806e9d0 Exception <a 'java/io/FileNotFoundException'{0x00000000d5e42290}> (0x00000000d5e42290) 
thrown [s\src\hotspot\share\prims\jni.cpp, line 520]
Event: 14.756 Thread 0x000001890806e9d0 Exception <a 'sun/nio/fs/WindowsException'{0x00000000d5f8f058}> (0x00000000d5f8f058) 
thrown [s\src\hotspot\share\prims\jni.cpp, line 520]
Event: 14.756 Thread 0x000001890806e9d0 Exception <a 'sun/nio/fs/WindowsException'{0x00000000d5f8fba8}> (0x00000000d5f8fba8) 
thrown [s\src\hotspot\share\prims\jni.cpp, line 520]
Event: 14.801 Thread 0x0000018905499520 Exception <a 'sun/nio/fs/WindowsException'{0x00000000d5c03bc0}> (0x00000000d5c03bc0) 
thrown [s\src\hotspot\share\prims\jni.cpp, line 520]
Event: 14.801 Thread 0x0000018905499520 Exception <a 'sun/nio/fs/WindowsException'{0x00000000d5c04460}> (0x00000000d5c04460) 
thrown [s\src\hotspot\share\prims\jni.cpp, line 520]
Event: 14.802 Thread 0x0000018905499520 Exception <a 'sun/nio/fs/WindowsException'{0x00000000d61dd988}> (0x00000000d61dd988) 
thrown [s\src\hotspot\share\prims\jni.cpp, line 520]
Event: 14.802 Thread 0x0000018905499520 Exception <a 'sun/nio/fs/WindowsException'{0x00000000d61de228}> (0x00000000d61de228) 
thrown [s\src\hotspot\share\prims\jni.cpp, line 520]
Event: 14.803 Thread 0x0000018905499520 Exception <a 'sun/nio/fs/WindowsException'{0x00000000d61dfc88}> (0x00000000d61dfc88) 
thrown [s\src\hotspot\share\prims\jni.cpp, line 520]
Event: 14.803 Thread 0x0000018905499520 Exception <a 'sun/nio/fs/WindowsException'{0x00000000d61e0788}> (0x00000000d61e0788) 
thrown [s\src\hotspot\share\prims\jni.cpp, line 520]
Event: 14.909 Thread 0x0000018908070aa0 Implicit null exception at 0x000001892d950c04 to 0x000001892d9519d8
Event: 14.964 Thread 0x0000018905498e90 Exception <a 'java/lang/NoSuchMethodError'{0x00000000d62e18d0}: 'java.lang.Object java.lang.invoke.DirectMethodHandle$Holder.invokeSpecial(java.lang.Object, java.lang.Object, int, long)'> (0x00000000d62e18d0) 
thrown [s\src\hotspot\share\interpreter\linkResolver.cpp, line 773]
Event: 15.122 Thread 0x000001890806f060 Exception <a 'java/lang/NoSuchMethodError'{0x00000000d60b1368}: 'int java.lang.invoke.Invokers$Holder.invokeExact_MT(java.lang.Object, java.lang.Object)'> (0x00000000d60b1368) 
thrown [s\src\hotspot\share\interpreter\linkResolver.cpp, line 773]
Event: 15.236 Thread 0x0000018908070410 Implicit null exception at 0x000001892d770a21 to 0x000001892d770d34

ZGC Phase Switch (0 events):
No events

VM Operations (20 events):
Event: 14.987 Executing safepoint VM operation: ParallelGCFailedAllocation (Allocation Failure)
Event: 14.987 Executing safepoint VM operation: ParallelGCFailedAllocation (Allocation Failure) done
Event: 14.987 Executing safepoint VM operation: ParallelGCSystemGC (GCLocker Initiated GC)
Event: 14.995 Executing safepoint VM operation: ParallelGCSystemGC (GCLocker Initiated GC) done
Event: 15.074 Executing non-safepoint VM operation: HandshakeAllThreads (Deoptimize)
Event: 15.108 Executing non-safepoint VM operation: HandshakeAllThreads (Deoptimize) done
Event: 15.136 Executing safepoint VM operation: ParallelGCFailedAllocation (Allocation Failure)
Event: 15.141 Executing safepoint VM operation: ParallelGCFailedAllocation (Allocation Failure) done
Event: 15.263 Executing non-safepoint VM operation: HandshakeAllThreads (Deoptimize)
Event: 15.263 Executing non-safepoint VM operation: HandshakeAllThreads (Deoptimize) done
Event: 15.295 Executing safepoint VM operation: ParallelGCFailedAllocation (Allocation Failure)
Event: 15.298 Executing safepoint VM operation: ParallelGCFailedAllocation (Allocation Failure) done
Event: 15.401 Executing safepoint VM operation: ParallelGCFailedAllocation (Allocation Failure)
Event: 15.404 Executing safepoint VM operation: ParallelGCFailedAllocation (Allocation Failure) done
Event: 15.459 Executing safepoint VM operation: ParallelGCFailedAllocation (Allocation Failure)
Event: 15.462 Executing safepoint VM operation: ParallelGCFailedAllocation (Allocation Failure) done
Event: 15.526 Executing safepoint VM operation: ParallelGCFailedAllocation (Allocation Failure)
Event: 15.544 Executing safepoint VM operation: ParallelGCFailedAllocation (Allocation Failure) done
Event: 16.548 Executing safepoint VM operation: Cleanup
Event: 16.548 Executing safepoint VM operation: Cleanup done

Memory protections (0 events):
No events

Nmethod flushes (20 events):
Event: 12.354 Thread 0x0000018922861b90 flushing  nmethod 0x000001892633dc10
Event: 12.354 Thread 0x0000018922861b90 flushing  nmethod 0x000001892635d010
Event: 12.354 Thread 0x0000018922861b90 flushing  nmethod 0x0000018926360790
Event: 12.354 Thread 0x0000018922861b90 flushing  nmethod 0x000001892636f790
Event: 12.354 Thread 0x0000018922861b90 flushing  nmethod 0x0000018926371910
Event: 12.354 Thread 0x0000018922861b90 flushing  nmethod 0x0000018926378e10
Event: 12.354 Thread 0x0000018922861b90 flushing  nmethod 0x000001892638ed10
Event: 12.354 Thread 0x0000018922861b90 flushing  nmethod 0x00000189263a8810
Event: 12.354 Thread 0x0000018922861b90 flushing  nmethod 0x00000189263ac810
Event: 12.354 Thread 0x0000018922861b90 flushing  nmethod 0x00000189263ad190
Event: 12.354 Thread 0x0000018922861b90 flushing  nmethod 0x00000189263ad790
Event: 12.354 Thread 0x0000018922861b90 flushing  nmethod 0x00000189263b0090
Event: 12.354 Thread 0x0000018922861b90 flushing  nmethod 0x00000189263d0910
Event: 12.354 Thread 0x0000018922861b90 flushing  nmethod 0x00000189263d8690
Event: 12.354 Thread 0x0000018922861b90 flushing  nmethod 0x00000189263d8c10
Event: 12.354 Thread 0x0000018922861b90 flushing  nmethod 0x00000189263e5210
Event: 12.354 Thread 0x0000018922861b90 flushing  nmethod 0x00000189263f3e10
Event: 12.354 Thread 0x0000018922861b90 flushing  nmethod 0x0000018926454810
Event: 12.354 Thread 0x0000018922861b90 flushing  nmethod 0x0000018926458710
Event: 12.354 Thread 0x0000018922861b90 flushing  nmethod 0x0000018926486390

Events (20 events):
Event: 8.486 Thread 0x000001890549bc80 Thread added: 0x000001890806dcb0
Event: 8.487 Thread 0x000001890549bc80 Thread added: 0x000001890806a830
Event: 9.200 Thread 0x0000018905637a40 Thread exited: 0x0000018905637a40
Event: 9.527 Thread 0x0000018922759760 Thread added: 0x0000018908c76860
Event: 10.948 Thread 0x000001890698a8b0 Thread added: 0x000001890806f060
Event: 10.948 Thread 0x000001890698a8b0 Thread added: 0x000001890806e9d0
Event: 10.949 Thread 0x000001890806e9d0 Thread added: 0x000001890806f6f0
Event: 10.952 Thread 0x000001890806f060 Thread added: 0x000001890806fd80
Event: 10.953 Thread 0x000001890806f6f0 Thread added: 0x0000018908070410
Event: 10.966 Thread 0x0000018908070410 Thread added: 0x0000018908070aa0
Event: 10.966 Thread 0x000001890806fd80 Thread added: 0x0000018907e881f0
Event: 11.915 Thread 0x0000018906989500 Thread added: 0x0000018907e88f10
Event: 12.032 Thread 0x0000018906989500 Thread added: 0x0000018907e8a2c0
Event: 12.158 Thread 0x0000018906989500 Thread added: 0x0000018907e8a950
Event: 12.173 Thread 0x0000018906989500 Thread added: 0x0000018907e89c30
Event: 12.200 Thread 0x0000018906989500 Thread added: 0x0000018907e8ddd0
Event: 12.240 Thread 0x0000018906989500 Thread added: 0x0000018907e8d0b0
Event: 12.257 Thread 0x0000018906989500 Thread added: 0x0000018907e8d740
Event: 13.837 Thread 0x000001890549b5f0 Thread added: 0x0000018907e8afe0
Event: 13.893 Thread 0x0000018907e8afe0 Thread exited: 0x0000018907e8afe0


Dynamic libraries:
0x00007ff61e960000 - 0x00007ff61e96e000 	c:\Users\user\.vscode\extensions\redhat.java-1.54.0-win32-x64\jre\21.0.10-win32-x86_64\bin\java.exe
0x00007ffb09b60000 - 0x00007ffb09dc7000 	C:\WINDOWS\SYSTEM32\ntdll.dll
0x00007ffb083f0000 - 0x00007ffb084b9000 	C:\WINDOWS\System32\KERNEL32.DLL
0x00007ffb06590000 - 0x00007ffb06987000 	C:\WINDOWS\System32\KERNELBASE.dll
0x00007ffb06e40000 - 0x00007ffb06f8b000 	C:\WINDOWS\System32\ucrtbase.dll
0x00007ffaea310000 - 0x00007ffaea32e000 	c:\Users\user\.vscode\extensions\redhat.java-1.54.0-win32-x64\jre\21.0.10-win32-x86_64\bin\VCRUNTIME140.dll
0x00007ffaf7730000 - 0x00007ffaf7748000 	c:\Users\user\.vscode\extensions\redhat.java-1.54.0-win32-x64\jre\21.0.10-win32-x86_64\bin\jli.dll
0x00007ffb096e0000 - 0x00007ffb098a6000 	C:\WINDOWS\System32\USER32.dll
0x00007ffb078b0000 - 0x00007ffb078d7000 	C:\WINDOWS\System32\win32u.dll
0x00007ffb08370000 - 0x00007ffb0839b000 	C:\WINDOWS\System32\GDI32.dll
0x00007ffb06a40000 - 0x00007ffb06b6c000 	C:\WINDOWS\System32\gdi32full.dll
0x00007ffb06990000 - 0x00007ffb06a33000 	C:\WINDOWS\System32\msvcp_win.dll
0x00007ffae9e70000 - 0x00007ffaea102000 	C:\WINDOWS\WinSxS\amd64_microsoft.windows.common-controls_6595b64144ccf1df_6.0.26100.8457_none_3e0b2faee331e92d\COMCTL32.dll
0x00007ffb07f70000 - 0x00007ffb08019000 	C:\WINDOWS\System32\msvcrt.dll
0x00007ffb08020000 - 0x00007ffb08052000 	C:\WINDOWS\System32\IMM32.DLL
0x00007ffb01720000 - 0x00007ffb0172c000 	c:\Users\user\.vscode\extensions\redhat.java-1.54.0-win32-x64\jre\21.0.10-win32-x86_64\bin\vcruntime140_1.dll
0x00007ffad1d00000 - 0x00007ffad1d8d000 	c:\Users\user\.vscode\extensions\redhat.java-1.54.0-win32-x64\jre\21.0.10-win32-x86_64\bin\msvcp140.dll
0x00007ffa50630000 - 0x00007ffa513d1000 	c:\Users\user\.vscode\extensions\redhat.java-1.54.0-win32-x64\jre\21.0.10-win32-x86_64\bin\server\jvm.dll
0x00007ffb09090000 - 0x00007ffb09146000 	C:\WINDOWS\System32\ADVAPI32.dll
0x00007ffb08700000 - 0x00007ffb087a7000 	C:\WINDOWS\System32\sechost.dll
0x00007ffb098c0000 - 0x00007ffb099d8000 	C:\WINDOWS\System32\RPCRT4.dll
0x00007ffb08250000 - 0x00007ffb082d0000 	C:\WINDOWS\System32\WS2_32.dll
0x00007ffb063f0000 - 0x00007ffb0644e000 	C:\WINDOWS\SYSTEM32\POWRPROF.dll
0x00007ffafeaf0000 - 0x00007ffafeb26000 	C:\WINDOWS\SYSTEM32\WINMM.dll
0x00007ffafe210000 - 0x00007ffafe21b000 	C:\WINDOWS\SYSTEM32\VERSION.dll
0x00007ffb063d0000 - 0x00007ffb063e4000 	C:\WINDOWS\SYSTEM32\UMPDC.dll
0x00007ffb05320000 - 0x00007ffb0533b000 	C:\WINDOWS\SYSTEM32\kernel.appcore.dll
0x00007ffaf7800000 - 0x00007ffaf780a000 	c:\Users\user\.vscode\extensions\redhat.java-1.54.0-win32-x64\jre\21.0.10-win32-x86_64\bin\jimage.dll
0x00007ffb04500000 - 0x00007ffb04742000 	C:\WINDOWS\SYSTEM32\DBGHELP.DLL
0x00007ffb09350000 - 0x00007ffb096d3000 	C:\WINDOWS\System32\combase.dll
0x00007ffb079d0000 - 0x00007ffb07aa9000 	C:\WINDOWS\System32\OLEAUT32.dll
0x00007ffad7e10000 - 0x00007ffad7e4b000 	C:\WINDOWS\SYSTEM32\dbgcore.DLL
0x00007ffb07800000 - 0x00007ffb078a8000 	C:\WINDOWS\System32\bcryptPrimitives.dll
0x00007ffadf170000 - 0x00007ffadf17f000 	c:\Users\user\.vscode\extensions\redhat.java-1.54.0-win32-x64\jre\21.0.10-win32-x86_64\bin\instrument.dll
0x00007ffaea220000 - 0x00007ffaea240000 	c:\Users\user\.vscode\extensions\redhat.java-1.54.0-win32-x64\jre\21.0.10-win32-x86_64\bin\java.dll
0x00007ffb08910000 - 0x00007ffb0907e000 	C:\WINDOWS\System32\SHELL32.dll
0x00007ffb06f90000 - 0x00007ffb077fc000 	C:\WINDOWS\System32\windows.storage.dll
0x00007ffb09150000 - 0x00007ffb09246000 	C:\WINDOWS\System32\SHCORE.dll
0x00007ffb07960000 - 0x00007ffb079c6000 	C:\WINDOWS\System32\shlwapi.dll
0x00007ffb064b0000 - 0x00007ffb064d9000 	C:\WINDOWS\SYSTEM32\profapi.dll
0x00007ffadfa60000 - 0x00007ffadfa78000 	c:\Users\user\.vscode\extensions\redhat.java-1.54.0-win32-x64\jre\21.0.10-win32-x86_64\bin\zip.dll
0x00007ffae8b00000 - 0x00007ffae8b10000 	C:\Users\user\.vscode\extensions\redhat.java-1.54.0-win32-x64\jre\21.0.10-win32-x86_64\bin\net.dll
0x00007ffaf8ca0000 - 0x00007ffaf8dc9000 	C:\WINDOWS\SYSTEM32\WINHTTP.dll
0x00007ffb05890000 - 0x00007ffb058fc000 	C:\WINDOWS\system32\mswsock.dll
0x00007ffadf860000 - 0x00007ffadf876000 	C:\Users\user\.vscode\extensions\redhat.java-1.54.0-win32-x64\jre\21.0.10-win32-x86_64\bin\nio.dll
0x00007ffaea300000 - 0x00007ffaea310000 	c:\Users\user\.vscode\extensions\redhat.java-1.54.0-win32-x64\jre\21.0.10-win32-x86_64\bin\verify.dll
0x00007ffa8c010000 - 0x00007ffa8c055000 	C:\Users\user\AppData\Roaming\Code\User\globalStorage\redhat.java\1.54.0\config_win\org.eclipse.equinox.launcher\org.eclipse.equinox.launcher.win32.win32.x86_64_1.3.0.v20260203-2149\eclipse_11919.dll
0x00007ffb08550000 - 0x00007ffb086e7000 	C:\WINDOWS\System32\ole32.dll
0x00007ffb05b70000 - 0x00007ffb05b8b000 	C:\WINDOWS\SYSTEM32\CRYPTSP.dll
0x00007ffb05280000 - 0x00007ffb052b9000 	C:\WINDOWS\system32\rsaenh.dll
0x00007ffb05940000 - 0x00007ffb05973000 	C:\WINDOWS\SYSTEM32\USERENV.dll
0x00007ffb06480000 - 0x00007ffb064aa000 	C:\WINDOWS\SYSTEM32\bcrypt.dll
0x00007ffb05b90000 - 0x00007ffb05b9c000 	C:\WINDOWS\SYSTEM32\CRYPTBASE.dll
0x00007ffb04e60000 - 0x00007ffb04e92000 	C:\WINDOWS\SYSTEM32\IPHLPAPI.DLL
0x00007ffb08240000 - 0x00007ffb0824a000 	C:\WINDOWS\System32\NSI.dll
0x00007ffad1e80000 - 0x00007ffad1ec9000 	C:\Users\user\AppData\Local\Temp\jna-3599307\jna10722547489594470101.dll
0x00007ffb086f0000 - 0x00007ffb086f8000 	C:\WINDOWS\System32\PSAPI.DLL
0x00007ffafe900000 - 0x00007ffafe91d000 	C:\WINDOWS\SYSTEM32\dhcpcsvc6.DLL
0x00007ffafe300000 - 0x00007ffafe325000 	C:\WINDOWS\SYSTEM32\dhcpcsvc.DLL

JVMTI agents:
c:\Users\user\.vscode\extensions\redhat.java-1.54.0-win32-x64\lombok\lombok-1.18.39-4050.jar path:c:\Users\user\.vscode\extensions\redhat.java-1.54.0-win32-x64\jre\21.0.10-win32-x86_64\bin\instrument.dll, loaded, initialized, instrumentlib options:none

dbghelp: loaded successfully - version: 4.0.5 - missing functions: none
symbol engine: initialized successfully - sym options: 0x614 - pdb path: .;c:\Users\user\.vscode\extensions\redhat.java-1.54.0-win32-x64\jre\21.0.10-win32-x86_64\bin;C:\WINDOWS\SYSTEM32;C:\WINDOWS\WinSxS\amd64_microsoft.windows.common-controls_6595b64144ccf1df_6.0.26100.8457_none_3e0b2faee331e92d;c:\Users\user\.vscode\extensions\redhat.java-1.54.0-win32-x64\jre\21.0.10-win32-x86_64\bin\server;C:\Users\user\AppData\Roaming\Code\User\globalStorage\redhat.java\1.54.0\config_win\org.eclipse.equinox.launcher\org.eclipse.equinox.launcher.win32.win32.x86_64_1.3.0.v20260203-2149;C:\Users\user\AppData\Local\Temp\jna-3599307

VM Arguments:
jvm_args: --add-modules=ALL-SYSTEM --add-opens=java.base/java.util=ALL-UNNAMED --add-opens=java.base/java.lang=ALL-UNNAMED --add-opens=java.base/sun.nio.fs=ALL-UNNAMED -Declipse.application=org.eclipse.jdt.ls.core.id1 -Dosgi.bundles.defaultStartLevel=4 -Declipse.product=org.eclipse.jdt.ls.core.product -Djava.import.generatesMetadataFilesAtProjectRoot=false -DDetectVMInstallationsJob.disabled=true -Dfile.encoding=utf8 -XX:+UseParallelGC -XX:GCTimeRatio=4 -XX:AdaptiveSizePolicyWeight=90 -Dsun.zip.disableMemoryMapping=true -Xmx2G -Xms100m -Xlog:disable -javaagent:c:\Users\user\.vscode\extensions\redhat.java-1.54.0-win32-x64\lombok\lombok-1.18.39-4050.jar -XX:+HeapDumpOnOutOfMemoryError -XX:HeapDumpPath=c:\Users\user\AppData\Roaming\Code\User\workspaceStorage\e95794477d9dae20136f1a5bcfe74657\redhat.java -Daether.dependencyCollector.impl=bf 
java_command: c:\Users\user\.vscode\extensions\redhat.java-1.54.0-win32-x64\server\plugins\org.eclipse.equinox.launcher_1.7.100.v20251111-0406.jar -configuration c:\Users\user\AppData\Roaming\Code\User\globalStorage\redhat.java\1.54.0\config_win -data c:\Users\user\AppData\Roaming\Code\User\workspaceStorage\e95794477d9dae20136f1a5bcfe74657\redhat.java\jdt_ws --pipe=\\.\pipe\lsp-18589cb2007d400430eb7881d5058651-sock
java_class_path (initial): c:\Users\user\.vscode\extensions\redhat.java-1.54.0-win32-x64\server\plugins\org.eclipse.equinox.launcher_1.7.100.v20251111-0406.jar
Launcher Type: SUN_STANDARD

[Global flags]
    uintx AdaptiveSizePolicyWeight                 = 90                                        {product} {command line}
     intx CICompilerCount                          = 4                                         {product} {ergonomic}
    uintx GCTimeRatio                              = 4                                         {product} {command line}
     bool HeapDumpOnOutOfMemoryError               = true                                   {manageable} {command line}
    ccstr HeapDumpPath                             = c:\Users\user\AppData\Roaming\Code\User\workspaceStorage\e95794477d9dae20136f1a5bcfe74657\redhat.java         {manageable} {command line}
   size_t InitialHeapSize                          = 104857600                                 {product} {command line}
   size_t MaxHeapSize                              = 2147483648                                {product} {command line}
   size_t MaxNewSize                               = 715653120                                 {product} {ergonomic}
   size_t MinHeapDeltaBytes                        = 524288                                    {product} {ergonomic}
   size_t MinHeapSize                              = 104857600                                 {product} {command line}
   size_t NewSize                                  = 34603008                                  {product} {ergonomic}
    uintx NonNMethodCodeHeapSize                   = 5839372                                {pd product} {ergonomic}
    uintx NonProfiledCodeHeapSize                  = 122909434                              {pd product} {ergonomic}
   size_t OldSize                                  = 70254592                                  {product} {ergonomic}
    uintx ProfiledCodeHeapSize                     = 122909434                              {pd product} {ergonomic}
    uintx ReservedCodeCacheSize                    = 251658240                              {pd product} {ergonomic}
     bool SegmentedCodeCache                       = true                                      {product} {ergonomic}
   size_t SoftMaxHeapSize                          = 2147483648                             {manageable} {ergonomic}
     bool UseCompressedOops                        = true                           {product lp64_product} {ergonomic}
     bool UseLargePagesIndividualAllocation        = false                                  {pd product} {ergonomic}
     bool UseParallelGC                            = true                                      {product} {command line}

Logging:
Log output configuration:
 #0: stdout all=off uptime,level,tags foldmultilines=false
 #1: stderr all=off uptime,level,tags foldmultilines=false

Release file:
JAVA_VERSION="21.0.10" 
MODULES="java.base java.compiler java.datatransfer java.xml java.prefs java.desktop java.instrument java.logging java.management java.security.sasl java.naming java.rmi java.management.rmi java.net.http java.scripting java.security.jgss java.transaction.xa java.sql java.sql.rowset java.xml.crypto java.se java.smartcardio jdk.accessibility jdk.internal.jvmstat jdk.attach jdk.charsets jdk.internal.opt jdk.zipfs jdk.compiler jdk.crypto.ec jdk.crypto.cryptoki jdk.crypto.mscapi jdk.dynalink jdk.internal.ed jdk.editpad jdk.hotspot.agent jdk.httpserver jdk.internal.le jdk.internal.vm.ci jdk.internal.vm.compiler jdk.internal.vm.compiler.management jdk.jartool jdk.javadoc jdk.jcmd jdk.management jdk.management.agent jdk.jconsole jdk.jdeps jdk.jdwp.agent jdk.jdi jdk.jfr jdk.jshell jdk.jsobject jdk.jstatd jdk.localedata jdk.management.jfr jdk.naming.dns jdk.naming.rmi jdk.net jdk.nio.mapmode jdk.random jdk.sctp jdk.security.auth jdk.security.jgss jdk.unsupported jdk.unsupported.desktop jdk.xml.dom" 

Environment Variables:
JAVA_HOME=C:\Program Files\Java\jdk-17
CLASSPATH=.;C:\Program Files\Java\jdk-17\lib\tools.jar
PATH=C:\Emgu\emgucv-windows-universal 2.4.10.1940\bin\x64;C:\Users\user\AppData\Local\Programs\Python\Python310;C:\Users\user\AppData\Local\Programs\Python\Python312;C:\Python313\Scripts\;C:\Python313\;C:\Program Files\Java\jdk-17\bin;C:\Program Files\Java\jdk-21\bin;C:\Program Files\Java\jdk-20\bin;C:\Program Files\Java\jdk-11.0.16.1\bin;C:\oraclexe\app\oracle\product\11.2.0\server\bin;C:\Program Files\Common Files\Oracle\Java\javapath;C:\Users\user\eclipse-workspace\.metadata\.log.;C:\windows\system32;C:\windows;C:\windows\System32\Wbem;C:\windows\System32\WindowsPowerShell\v1.0\;C:\windows\System32\OpenSSH\;C:\Program Files (x86)\NVIDIA Corporation\PhysX\Common;C:\Program Files\NVIDIA Corporation\NVIDIA NvDLISR;C:\WINDOWS\system32;C:\WINDOWS;C:\WINDOWS\System32\Wbem;C:\WINDOWS\System32\WindowsPowerShell\v1.0\;C:\WINDOWS\System32\OpenSSH\;C:\Program Files\PuTTY\;C:\Program Files (x86)\Microsoft SQL Server\160\Tools\Binn\;C:\Program Files\Microsoft SQL Server\160\Tools\Binn\;C:\Program Files\Microsoft SQL Server\Client SDK\ODBC\170\Tools\Binn\;C:\Program Files\Microsoft SQL Server\160\DTS\Binn\;C:\ProgramData\chocolatey\bin;C:\ngrok;C:\Program Files\nodejs\;C:\Program Files\Docker\Docker\resources\bin;C:\Program Files\Git\cmd;C:\Users\user\AppData\Local\Programs\Python\Python310\Scripts;C:\Emgu\emgucv-windows-universal 2.4.10.1940\bin\x64;C:\Users\user\AppData\Local\Programs\Python\Python310;C:\Users\user\AppData\Local\Programs\Python\Python312;C:\Python313\Scripts\;C:\Python313\;C:\Program Files\Java\jdk-17\bin;C:\Program Files\Java\jdk-21\bin;C:\Program Files\Java\jdk-20\bin;C:\Program Files\Java\jdk-11.0.16.1\bin;C:\oraclexe\app\oracle\product\11.2.0\server\bin;C:\Program Files\Common Files\Oracle\Java\javapath;C:\Users\user\eclipse-workspace\.metadata\.log.;C:\windows\system32;C:\windows;C:\windows\System32\Wbem;C:\windows\System32\WindowsPowerShell\v1.0\;C:\windows\System32\OpenSSH\;C:\Program Files (x86)\NVIDIA Corporation\PhysX\Common;C:\Program Files\NVIDIA Corporation\NVIDIA NvDLISR;C:\WINDOWS\system32;C:\WINDOWS;C:\WINDOWS\System32\Wbem;C:\WINDOWS\System32\WindowsPowerShell\v1.0\;C:\WINDOWS\System32\OpenSSH\;C:\Program Files\PuTTY\;C:\Program Files (x86)\Microsoft SQL Server\160\Tools\Binn\;C:\Program Files\Microsoft SQL Server\160\Tools\Binn\;C:\Program Files\Microsoft SQL Server\Client SDK\ODBC\170\Tools\Binn\;C:\Program Files\Microsoft SQL Server\160\DTS\Binn\;C:\ProgramData\chocolatey\bin;C:\ngrok;C:\Program Files\nodejs\;C:\Program Files\Docker\Docker\resources\bin;C:\Program Files\Git\cmd;C:\Users\user\AppData\Local\Programs\Python\Python310\Scripts;C:\Users\user\AppData\Local\Microsoft\WindowsApps;C:\Users\user\AppData\Local\Programs\Python\Python310;C:\Users\user\AppData\Local\Programs\Python\Python310\Scripts;C:\Users\user\AppData\Local\Programs\Python\Launcher\;C:\Users\user\AppData\Local\Programs\Microsoft VS Code\bin;C:\Users\user\AppData\Local\GitHubDesktop\bin;C:\Users\user\AppData\Roaming\npm;E:\Antigravity\bin;;D:\SignBridge\node_modules\.bin;C:\Users\user\AppData\Roaming\npm;C:\Users\user\AppData\Roaming\npm
USERNAME=user
OS=Windows_NT
PROCESSOR_IDENTIFIER=Intel64 Family 6 Model 140 Stepping 1, GenuineIntel
TMP=C:\Users\user\AppData\Local\Temp
TEMP=C:\Users\user\AppData\Local\Temp




Periodic native trim disabled

---------------  S Y S T E M  ---------------

OS:
 Windows 11 , 64 bit Build 26100 (10.0.26100.8328)
OS uptime: 0 days 8:34 hours
Hyper-V role detected

CPU: total 8 (initial active 8) (4 cores per cpu, 2 threads per core) family 6 model 140 stepping 1 microcode 0xb4, cx8, cmov, fxsr, ht, mmx, 3dnowpref, sse, sse2, sse3, ssse3, sse4.1, sse4.2, popcnt, lzcnt, tsc, tscinvbit, avx, avx2, aes, erms, clmul, bmi1, bmi2, adx, avx512f, avx512dq, avx512cd, avx512bw, avx512vl, sha, fma, vzeroupper, avx512_vpopcntdq, avx512_vpclmulqdq, avx512_vaes, avx512_vnni, clflush, clflushopt, clwb, avx512_vbmi2, avx512_vbmi, hv, rdtscp, rdpid, fsrm, gfni, avx512_bitalg, f16c, cet_ibt, cet_ss, avx512_ifma
Processor Information for processor 0
  Max Mhz: 2419, Current Mhz: 2419, Mhz Limit: 2419
Processor Information for processor 1
  Max Mhz: 2419, Current Mhz: 2419, Mhz Limit: 2419
Processor Information for processor 2
  Max Mhz: 2419, Current Mhz: 1007, Mhz Limit: 2419
Processor Information for processor 3
  Max Mhz: 2419, Current Mhz: 2419, Mhz Limit: 2419
Processor Information for processor 4
  Max Mhz: 2419, Current Mhz: 2419, Mhz Limit: 2419
Processor Information for processor 5
  Max Mhz: 2419, Current Mhz: 2419, Mhz Limit: 2419
Processor Information for processor 6
  Max Mhz: 2419, Current Mhz: 2419, Mhz Limit: 2419
Processor Information for processor 7
  Max Mhz: 2419, Current Mhz: 2419, Mhz Limit: 2419

Memory: 4k page, system-wide physical 7865M (563M free)
TotalPageFile size 32441M (AvailPageFile size 21M)
current process WorkingSet (physical memory assigned to process): 354M, peak: 395M
current process commit charge ("private bytes"): 424M, peak: 474M

vm_info: OpenJDK 64-Bit Server VM (21.0.10+7-LTS) for windows-amd64 JRE (21.0.10+7-LTS), built on 2026-01-20T00:00:00Z by "admin" with MS VC++ 17.12 (VS2022)

END.
