#
# There is insufficient memory for the Java Runtime Environment to continue.
# Native memory allocation (malloc) failed to allocate 2209776 bytes. Error detail: Chunk::new
# Possible reasons:
#   The system is out of physical RAM or swap space
#   This process is running with CompressedOops enabled, and the Java Heap may be blocking the growth of the native heap
# Possible solutions:
#   Reduce memory load on the system
#   Increase physical memory or swap space
#   Check if swap backing store is full
#   Decrease Java heap size (-Xmx/-Xms)
#   Decrease number of Java threads
#   Decrease Java thread stack sizes (-Xss)
#   Set larger code cache with -XX:ReservedCodeCacheSize=
#   JVM is running with Unscaled Compressed Oops mode in which the Java heap is
#     placed in the first 4GB address space. The Java Heap base address is the
#     maximum limit for the native heap growth. Please use -XX:HeapBaseMinAddress
#     to set the Java Heap base and to place the Java Heap above 4GB virtual address.
# This output file may be truncated or incomplete.
#
#  Out of Memory Error (arena.cpp:168), pid=18520, tid=22588
#
# JRE version: OpenJDK Runtime Environment Temurin-21.0.10+7 (21.0.10+7) (build 21.0.10+7-LTS)
# Java VM: OpenJDK 64-Bit Server VM Temurin-21.0.10+7 (21.0.10+7-LTS, mixed mode, sharing, tiered, compressed oops, compressed class ptrs, parallel gc, windows-amd64)
# No core dump will be written. Minidumps are not enabled by default on client versions of Windows
#

---------------  S U M M A R Y ------------

Command Line: --add-modules=ALL-SYSTEM --add-opens=java.base/java.util=ALL-UNNAMED --add-opens=java.base/java.lang=ALL-UNNAMED --add-opens=java.base/sun.nio.fs=ALL-UNNAMED -Declipse.application=org.eclipse.jdt.ls.core.id1 -Dosgi.bundles.defaultStartLevel=4 -Declipse.product=org.eclipse.jdt.ls.core.product -Djava.import.generatesMetadataFilesAtProjectRoot=false -DDetectVMInstallationsJob.disabled=true -Dfile.encoding=utf8 -XX:+UseParallelGC -XX:GCTimeRatio=4 -XX:AdaptiveSizePolicyWeight=90 -Dsun.zip.disableMemoryMapping=true -Xmx2G -Xms100m -Xlog:disable -javaagent:c:\Users\user\.vscode\extensions\redhat.java-1.54.0-win32-x64\lombok\lombok-1.18.39-4050.jar -XX:+HeapDumpOnOutOfMemoryError -XX:HeapDumpPath=c:\Users\user\AppData\Roaming\Code\User\workspaceStorage\e95794477d9dae20136f1a5bcfe74657\redhat.java -Daether.dependencyCollector.impl=bf c:\Users\user\.vscode\extensions\redhat.java-1.54.0-win32-x64\server\plugins\org.eclipse.equinox.launcher_1.7.100.v20251111-0406.jar -configuration c:\Users\user\AppData\Roaming\Code\User\globalStorage\redhat.java\1.54.0\config_win -data c:\Users\user\AppData\Roaming\Code\User\workspaceStorage\e95794477d9dae20136f1a5bcfe74657\redhat.java\jdt_ws --pipe=\\.\pipe\lsp-fcb41b481a978d2e7285dc316bc90daa-sock

Host: 11th Gen Intel(R) Core(TM) i5-1135G7 @ 2.40GHz, 8 cores, 7G,  Windows 11 , 64 bit Build 26100 (10.0.26100.8328)
Time: Thu May 14 18:31:59 2026 Korea Standard Time elapsed time: 29.949827 seconds (0d 0h 0m 29s)

---------------  T H R E A D  ---------------

Current thread (0x000002ac9d17e830):  JavaThread "C2 CompilerThread0" daemon [_thread_in_native, id=22588, stack(0x000000b74ed00000,0x000000b74ee00000) (1024K)]


Current CompileTask:
C2:29950 13778 %     4       org.eclipse.jdt.internal.core.search.indexing.BinaryIndexer::extractReferenceFromConstantPool @ 324 (358 bytes)

Stack: [0x000000b74ed00000,0x000000b74ee00000]
Native frames: (J=compiled Java code, j=interpreted, Vv=VM code, C=native code)
V  [jvm.dll+0x6d7a39]
V  [jvm.dll+0x8b4b26]
V  [jvm.dll+0x8b70de]
V  [jvm.dll+0x8b77c3]
V  [jvm.dll+0x284346]
V  [jvm.dll+0xc66ed]
V  [jvm.dll+0xc6c31]
V  [jvm.dll+0x3bec01]
V  [jvm.dll+0x38b162]
V  [jvm.dll+0x38a5aa]
V  [jvm.dll+0x24c560]
V  [jvm.dll+0x24bb40]
V  [jvm.dll+0x1cb34e]
V  [jvm.dll+0x25b85d]
V  [jvm.dll+0x259dea]
V  [jvm.dll+0x3f857e]
V  [jvm.dll+0x85f59d]
V  [jvm.dll+0x6d626d]
C  [ucrtbase.dll+0x37b0]
C  [KERNEL32.DLL+0x2e957]
C  [ntdll.dll+0x427c]


---------------  P R O C E S S  ---------------

Threads class SMR info:
_java_thread_list=0x000002ac89f00980, length=79, elements={
0x000002ac9d1ef4c0, 0x000002ac9d2ad660, 0x000002ac9d1652e0, 0x000002ac9d168830,
0x000002ac9d169490, 0x000002ac9d170330, 0x000002ac9d174c90, 0x000002ac9d17e830,
0x000002ac9d192610, 0x000002acf6641e10, 0x000002acfb01f290, 0x000002acfb9ed4b0,
0x000002acfba52530, 0x000002acfb95b060, 0x000002acfb95baa0, 0x000002acfb42bc40,
0x000002acfbab03f0, 0x000002acfb70cdf0, 0x000002acfb51cb30, 0x000002acfb51b780,
0x000002acfb5196b0, 0x000002acfb519d40, 0x000002acfb51aa60, 0x000002acfb51b0f0,
0x000002acfb51be10, 0x000002acfc4bcd40, 0x000002acfc4bc6b0, 0x000002acfc4bd3d0,
0x000002acfc4b9f50, 0x000002acfc4bda60, 0x000002acfc4bb990, 0x000002acfc4bac70,
0x000002acfc4bc020, 0x000002acfc4ba5e0, 0x000002acfc4bb300, 0x000002acfc4be780,
0x000002acfc4bee10, 0x000002acfc4be0f0, 0x000002acfc4c0ee0, 0x000002acfc4c01c0,
0x000002acfc4bf4a0, 0x000002acfc4bfb30, 0x000002acfc4c0850, 0x000002acff06e0c0,
0x000002acff06e750, 0x000002acff06ede0, 0x000002acff06da30, 0x000002acff06f470,
0x000002acff070820, 0x000002acff06d3a0, 0x000002acff072f80, 0x000002acff071540,
0x000002acff070eb0, 0x000002acff071bd0, 0x000002acff072260, 0x000002acff06fb00,
0x000002acff0749c0, 0x000002acff074330, 0x000002ac87babeb0, 0x000002ac87bac540,
0x000002ac87bad260, 0x000002ac87ba9de0, 0x000002ac87bacbd0, 0x000002ac87bad8f0,
0x000002ac87bab190, 0x000002ac87baa470, 0x000002ac87bae610, 0x000002ac87bb1400,
0x000002ac87baf330, 0x000002ac87baf9c0, 0x000002ac87bb0050, 0x000002ac87bb06e0,
0x000002ac87bb0d70, 0x000002ac8940fb30, 0x000002acfc630d30, 0x000002ac8940ee10,
0x000002ac894101c0, 0x000002ac89410ee0, 0x000002acfc631400
}

Java Threads: ( => current thread )
  0x000002ac9d1ef4c0 JavaThread "main"                              [_thread_blocked, id=8332, stack(0x000000b74e300000,0x000000b74e400000) (1024K)]
  0x000002ac9d2ad660 JavaThread "Reference Handler"          daemon [_thread_blocked, id=19136, stack(0x000000b74e700000,0x000000b74e800000) (1024K)]
  0x000002ac9d1652e0 JavaThread "Finalizer"                  daemon [_thread_blocked, id=26148, stack(0x000000b74e800000,0x000000b74e900000) (1024K)]
  0x000002ac9d168830 JavaThread "Signal Dispatcher"          daemon [_thread_blocked, id=22728, stack(0x000000b74e900000,0x000000b74ea00000) (1024K)]
  0x000002ac9d169490 JavaThread "Attach Listener"            daemon [_thread_blocked, id=9336, stack(0x000000b74ea00000,0x000000b74eb00000) (1024K)]
  0x000002ac9d170330 JavaThread "Service Thread"             daemon [_thread_blocked, id=24804, stack(0x000000b74eb00000,0x000000b74ec00000) (1024K)]
  0x000002ac9d174c90 JavaThread "Monitor Deflation Thread"   daemon [_thread_blocked, id=25676, stack(0x000000b74ec00000,0x000000b74ed00000) (1024K)]
=>0x000002ac9d17e830 JavaThread "C2 CompilerThread0"         daemon [_thread_in_native, id=22588, stack(0x000000b74ed00000,0x000000b74ee00000) (1024K)]
  0x000002ac9d192610 JavaThread "C1 CompilerThread0"         daemon [_thread_blocked, id=25132, stack(0x000000b74ee00000,0x000000b74ef00000) (1024K)]
  0x000002acf6641e10 JavaThread "Common-Cleaner"             daemon [_thread_blocked, id=1124, stack(0x000000b74ef00000,0x000000b74f000000) (1024K)]
  0x000002acfb01f290 JavaThread "Notification Thread"        daemon [_thread_blocked, id=15712, stack(0x000000b74f100000,0x000000b74f200000) (1024K)]
  0x000002acfb9ed4b0 JavaThread "Active Thread: Equinox Container: d520751e-194a-4e41-b473-19ec8575cbcb"        [_thread_blocked, id=23628, stack(0x000000b74f900000,0x000000b74fa00000) (1024K)]
  0x000002acfba52530 JavaThread "Refresh Thread: Equinox Container: d520751e-194a-4e41-b473-19ec8575cbcb" daemon [_thread_blocked, id=7640, stack(0x000000b74fb00000,0x000000b74fc00000) (1024K)]
  0x000002acfb95b060 JavaThread "Framework Event Dispatcher: Equinox Container: d520751e-194a-4e41-b473-19ec8575cbcb" daemon [_thread_blocked, id=18904, stack(0x000000b74fc00000,0x000000b74fd00000) (1024K)]
  0x000002acfb95baa0 JavaThread "Start Level: Equinox Container: d520751e-194a-4e41-b473-19ec8575cbcb" daemon [_thread_blocked, id=10492, stack(0x000000b74fd00000,0x000000b74fe00000) (1024K)]
  0x000002acfb42bc40 JavaThread "Bundle File Closer"         daemon [_thread_blocked, id=17336, stack(0x000000b74fe00000,0x000000b74ff00000) (1024K)]
  0x000002acfbab03f0 JavaThread "SCR Component Actor"        daemon [_thread_blocked, id=16760, stack(0x000000b74f000000,0x000000b74f100000) (1024K)]
  0x000002acfb70cdf0 JavaThread "Worker-JM"                         [_thread_blocked, id=1928, stack(0x000000b750000000,0x000000b750100000) (1024K)]
  0x000002acfb51cb30 JavaThread "JNA Cleaner"                daemon [_thread_blocked, id=4568, stack(0x000000b74ff00000,0x000000b750000000) (1024K)]
  0x000002acfb51b780 JavaThread "Worker-0: Java indexing... "        [_thread_blocked, id=20856, stack(0x000000b750100000,0x000000b750200000) (1024K)]
  0x000002acfb5196b0 JavaThread "Worker-1"                          [_thread_blocked, id=24680, stack(0x000000b750200000,0x000000b750300000) (1024K)]
  0x000002acfb519d40 JavaThread "Worker-2: Initialize Workspace"        [_thread_blocked, id=27332, stack(0x000000b750300000,0x000000b750400000) (1024K)]
  0x000002acfb51aa60 JavaThread "Java indexing"              daemon [_thread_blocked, id=12416, stack(0x000000b750400000,0x000000b750500000) (1024K)]
  0x000002acfb51b0f0 JavaThread "Worker-3"                          [_thread_blocked, id=21176, stack(0x000000b750600000,0x000000b750700000) (1024K)]
  0x000002acfb51be10 JavaThread "Worker-4"                          [_thread_blocked, id=24748, stack(0x000000b750700000,0x000000b750800000) (1024K)]
  0x000002acfc4bcd40 JavaThread "Worker-5: Initialize workspace"        [_thread_blocked, id=23100, stack(0x000000b750a00000,0x000000b750b00000) (1024K)]
  0x000002acfc4bc6b0 JavaThread "Worker-6"                          [_thread_blocked, id=18160, stack(0x000000b750b00000,0x000000b750c00000) (1024K)]
  0x000002acfc4bd3d0 JavaThread "Worker-7"                          [_thread_blocked, id=364, stack(0x000000b750c00000,0x000000b750d00000) (1024K)]
  0x000002acfc4b9f50 JavaThread "Thread-1"                   daemon [_thread_in_native, id=26056, stack(0x000000b750d00000,0x000000b750e00000) (1024K)]
  0x000002acfc4bda60 JavaThread "Thread-2"                   daemon [_thread_in_native, id=5012, stack(0x000000b750e00000,0x000000b750f00000) (1024K)]
  0x000002acfc4bb990 JavaThread "Thread-3"                   daemon [_thread_in_native, id=18252, stack(0x000000b750f00000,0x000000b751000000) (1024K)]
  0x000002acfc4bac70 JavaThread "Thread-4"                   daemon [_thread_in_native, id=1180, stack(0x000000b751000000,0x000000b751100000) (1024K)]
  0x000002acfc4bc020 JavaThread "Thread-5"                   daemon [_thread_in_native, id=26504, stack(0x000000b751100000,0x000000b751200000) (1024K)]
  0x000002acfc4ba5e0 JavaThread "Thread-6"                   daemon [_thread_in_native, id=20476, stack(0x000000b751200000,0x000000b751300000) (1024K)]
  0x000002acfc4bb300 JavaThread "Thread-7"                   daemon [_thread_in_native, id=26564, stack(0x000000b751300000,0x000000b751400000) (1024K)]
  0x000002acfc4be780 JavaThread "Thread-8"                   daemon [_thread_in_native, id=25684, stack(0x000000b751400000,0x000000b751500000) (1024K)]
  0x000002acfc4bee10 JavaThread "Thread-9"                   daemon [_thread_in_native, id=2128, stack(0x000000b751500000,0x000000b751600000) (1024K)]
  0x000002acfc4be0f0 JavaThread "pool-2-thread-1"                   [_thread_blocked, id=23276, stack(0x000000b751600000,0x000000b751700000) (1024K)]
  0x000002acfc4c0ee0 JavaThread "Worker-8"                          [_thread_blocked, id=14092, stack(0x000000b751700000,0x000000b751800000) (1024K)]
  0x000002acfc4c01c0 JavaThread "Timer-0"                           [_thread_blocked, id=3460, stack(0x000000b751800000,0x000000b751900000) (1024K)]
  0x000002acfc4bf4a0 JavaThread "Timer-1"                           [_thread_blocked, id=19184, stack(0x000000b751900000,0x000000b751a00000) (1024K)]
  0x000002acfc4bfb30 JavaThread "WorkspaceEventsHandler"            [_thread_blocked, id=9540, stack(0x000000b751b00000,0x000000b751c00000) (1024K)]
  0x000002acfc4c0850 JavaThread "pool-1-thread-1"                   [_thread_blocked, id=1840, stack(0x000000b751c00000,0x000000b751d00000) (1024K)]
  0x000002acff06e0c0 JavaThread "LocalFile Deleter"          daemon [_thread_blocked, id=19060, stack(0x000000b751d00000,0x000000b751e00000) (1024K)]
  0x000002acff06e750 JavaThread "LocalFile Deleter"          daemon [_thread_blocked, id=11952, stack(0x000000b751e00000,0x000000b751f00000) (1024K)]
  0x000002acff06ede0 JavaThread "LocalFile Deleter"          daemon [_thread_blocked, id=27312, stack(0x000000b751f00000,0x000000b752000000) (1024K)]
  0x000002acff06da30 JavaThread "LocalFile Deleter"          daemon [_thread_blocked, id=16748, stack(0x000000b752000000,0x000000b752100000) (1024K)]
  0x000002acff06f470 JavaThread "LocalFile Deleter"          daemon [_thread_blocked, id=24060, stack(0x000000b752100000,0x000000b752200000) (1024K)]
  0x000002acff070820 JavaThread "LocalFile Deleter"          daemon [_thread_blocked, id=12184, stack(0x000000b752200000,0x000000b752300000) (1024K)]
  0x000002acff06d3a0 JavaThread "Compiler Source File Reader" daemon [_thread_blocked, id=22428, stack(0x000000b752300000,0x000000b752400000) (1024K)]
  0x000002acff072f80 JavaThread "Compiler Source File Reader" daemon [_thread_blocked, id=14776, stack(0x000000b752400000,0x000000b752500000) (1024K)]
  0x000002acff071540 JavaThread "Compiler Source File Reader" daemon [_thread_blocked, id=12128, stack(0x000000b752500000,0x000000b752600000) (1024K)]
  0x000002acff070eb0 JavaThread "Compiler Source File Reader" daemon [_thread_blocked, id=18956, stack(0x000000b752600000,0x000000b752700000) (1024K)]
  0x000002acff071bd0 JavaThread "Compiler Source File Reader" daemon [_thread_blocked, id=23204, stack(0x000000b752700000,0x000000b752800000) (1024K)]
  0x000002acff072260 JavaThread "Compiler Source File Reader" daemon [_thread_blocked, id=25220, stack(0x000000b752800000,0x000000b752900000) (1024K)]
  0x000002acff06fb00 JavaThread "Timer-2"                           [_thread_blocked, id=24504, stack(0x000000b751a00000,0x000000b751b00000) (1024K)]
  0x000002acff0749c0 JavaThread "Compiler Processing Task"   daemon [_thread_blocked, id=3752, stack(0x000000b752900000,0x000000b752a00000) (1024K)]
  0x000002acff074330 JavaThread "Compiler Class File Writer" daemon [_thread_blocked, id=27360, stack(0x000000b752a00000,0x000000b752b00000) (1024K)]
  0x000002ac87babeb0 JavaThread "Compiler Class File Writer" daemon [_thread_blocked, id=10128, stack(0x000000b752b00000,0x000000b752c00000) (1024K)]
  0x000002ac87bac540 JavaThread "Compiler Class File Writer" daemon [_thread_blocked, id=18116, stack(0x000000b752c00000,0x000000b752d00000) (1024K)]
  0x000002ac87bad260 JavaThread "Compiler Class File Writer" daemon [_thread_blocked, id=27408, stack(0x000000b752d00000,0x000000b752e00000) (1024K)]
  0x000002ac87ba9de0 JavaThread "Compiler Class File Writer" daemon [_thread_blocked, id=20488, stack(0x000000b752e00000,0x000000b752f00000) (1024K)]
  0x000002ac87bacbd0 JavaThread "Compiler Class File Writer" daemon [_thread_blocked, id=27240, stack(0x000000b752f00000,0x000000b753000000) (1024K)]
  0x000002ac87bad8f0 JavaThread "Timer-3"                           [_thread_blocked, id=13944, stack(0x000000b753000000,0x000000b753100000) (1024K)]
  0x000002ac87bab190 JavaThread "Timer-4"                           [_thread_blocked, id=12412, stack(0x000000b753100000,0x000000b753200000) (1024K)]
  0x000002ac87baa470 JavaThread "Timer-5"                           [_thread_blocked, id=19788, stack(0x000000b750500000,0x000000b750600000) (1024K)]
  0x000002ac87bae610 JavaThread "Timer-6"                           [_thread_blocked, id=13012, stack(0x000000b753200000,0x000000b753300000) (1024K)]
  0x000002ac87bb1400 JavaThread "Timer-7"                           [_thread_blocked, id=4868, stack(0x000000b753600000,0x000000b753700000) (1024K)]
  0x000002ac87baf330 JavaThread "Timer-8"                           [_thread_blocked, id=21492, stack(0x000000b753400000,0x000000b753500000) (1024K)]
  0x000002ac87baf9c0 JavaThread "Timer-9"                           [_thread_blocked, id=25424, stack(0x000000b753700000,0x000000b753800000) (1024K)]
  0x000002ac87bb0050 JavaThread "Timer-10"                          [_thread_blocked, id=25092, stack(0x000000b753900000,0x000000b753a00000) (1024K)]
  0x000002ac87bb06e0 JavaThread "Timer-11"                          [_thread_blocked, id=15908, stack(0x000000b753800000,0x000000b753900000) (1024K)]
  0x000002ac87bb0d70 JavaThread "Timer-12"                          [_thread_blocked, id=23748, stack(0x000000b753a00000,0x000000b753b00000) (1024K)]
  0x000002ac8940fb30 JavaThread "Timer-13"                          [_thread_blocked, id=23976, stack(0x000000b753b00000,0x000000b753c00000) (1024K)]
  0x000002acfc630d30 JavaThread "C2 CompilerThread1"         daemon [_thread_in_native, id=26916, stack(0x000000b74f200000,0x000000b74f300000) (1024K)]
  0x000002ac8940ee10 JavaThread "LocalFile Deleter"          daemon [_thread_blocked, id=26480, stack(0x000000b753500000,0x000000b753600000) (1024K)]
  0x000002ac894101c0 JavaThread "LocalFile Deleter"          daemon [_thread_blocked, id=26320, stack(0x000000b753c00000,0x000000b753d00000) (1024K)]
  0x000002ac89410ee0 JavaThread "ForkJoinPool.commonPool-worker-1" daemon [_thread_blocked, id=10332, stack(0x000000b753d00000,0x000000b753e00000) (1024K)]
  0x000002acfc631400 JavaThread "C2 CompilerThread2"         daemon [_thread_in_native, id=17196, stack(0x000000b753e00000,0x000000b753f00000) (1024K)]
Total: 79

Other Threads:
  0x000002ac9d161d50 VMThread "VM Thread"                           [id=26008, stack(0x000000b74e600000,0x000000b74e700000) (1024K)]
  0x000002ac9d07c950 WatcherThread "VM Periodic Task Thread"        [id=25868, stack(0x000000b74e500000,0x000000b74e600000) (1024K)]
  0x000002ac9d20dc20 WorkerThread "GC Thread#0"                     [id=22252, stack(0x000000b74e400000,0x000000b74e500000) (1024K)]
  0x000002acfba1ab50 WorkerThread "GC Thread#1"                     [id=17888, stack(0x000000b74f300000,0x000000b74f400000) (1024K)]
  0x000002acfba00230 WorkerThread "GC Thread#2"                     [id=25060, stack(0x000000b74f400000,0x000000b74f500000) (1024K)]
  0x000002acfba005e0 WorkerThread "GC Thread#3"                     [id=26444, stack(0x000000b74f500000,0x000000b74f600000) (1024K)]
  0x000002acfb25f060 WorkerThread "GC Thread#4"                     [id=25828, stack(0x000000b74f600000,0x000000b74f700000) (1024K)]
  0x000002acfb25f410 WorkerThread "GC Thread#5"                     [id=25344, stack(0x000000b74f700000,0x000000b74f800000) (1024K)]
  0x000002acfb25f7c0 WorkerThread "GC Thread#6"                     [id=22376, stack(0x000000b74f800000,0x000000b74f900000) (1024K)]
  0x000002acfb96e7f0 WorkerThread "GC Thread#7"                     [id=1756, stack(0x000000b74fa00000,0x000000b74fb00000) (1024K)]
Total: 10

Threads with active compile tasks:
C2 CompilerThread0  30022 13778 %     4       org.eclipse.jdt.internal.core.search.indexing.BinaryIndexer::extractReferenceFromConstantPool @ 324 (358 bytes)
C2 CompilerThread1  30022 12972       4       org.eclipse.jdt.internal.compiler.lookup.Scope::getTypeOrPackage (1525 bytes)
C2 CompilerThread2  30022 12948   !   4       org.eclipse.jdt.internal.compiler.lookup.LookupEnvironment::askForType (576 bytes)
Total: 3

VM state: at safepoint (normal execution)

VM Mutex/Monitor currently owned by a thread:  ([mutex/lock_event])
[0x00007ffa512ee560] Threads_lock - owner thread: 0x000002ac9d161d50
[0x00007ffa512ee660] Heap_lock - owner thread: 0x000002acfb51aa60

Heap address: 0x0000000080000000, size: 2048 MB, Compressed Oops mode: 32-bit

CDS archive(s) mapped at: [0x000002acb4000000-0x000002acb4ba0000-0x000002acb4ba0000), size 12189696, SharedBaseAddress: 0x000002acb4000000, ArchiveRelocationMode: 1.
Compressed class space mapped at: 0x000002acb5000000-0x000002acf5000000, reserved size: 1073741824
Narrow klass base: 0x000002acb4000000, Narrow klass shift: 0, Narrow klass range: 0x100000000

GC Precious Log:
 CardTable entry size: 512
 CPUs: 8 total, 8 available
 Memory: 7865M
 Large Page Support: Disabled
 NUMA Support: Disabled
 Compressed Oops: Enabled (32-bit)
 Alignments: Space 512K, Generation 512K, Heap 2M
 Heap Min Capacity: 100M
 Heap Initial Capacity: 100M
 Heap Max Capacity: 2G
 Pre-touch: Disabled
 Parallel Workers: 8

Heap:
 PSYoungGen      total 3072K, used 2917K [0x00000000d5580000, 0x00000000d5980000, 0x0000000100000000)
  eden space 2560K, 98% used [0x00000000d5580000,0x00000000d57f9740,0x00000000d5800000)
  from space 512K, 75% used [0x00000000d5900000,0x00000000d5960000,0x00000000d5980000)
  to   space 512K, 93% used [0x00000000d5880000,0x00000000d58f8000,0x00000000d5900000)
 ParOldGen       total 470016K, used 469732K [0x0000000080000000, 0x000000009cb00000, 0x00000000d5580000)
  object space 470016K, 99% used [0x0000000080000000,0x000000009cab92c0,0x000000009cb00000)
 Metaspace       used 81184K, committed 82944K, reserved 1179648K
  class space    used 9663K, committed 10432K, reserved 1048576K

Card table byte_map: [0x000002ac9cb90000,0x000002ac9cfa0000] _byte_map_base: 0x000002ac9c790000

Marking Bits: (ParMarkBitMap*) 0x00007ffa512f3450
 Begin Bits: [0x000002acaf6a0000, 0x000002acb16a0000)
 End Bits:   [0x000002acb16a0000, 0x000002acb36a0000)

Polling page: 0x000002ac9b3a0000

Metaspace:

Usage:
  Non-class:     69.84 MB used.
      Class:      9.44 MB used.
       Both:     79.28 MB used.

Virtual space:
  Non-class space:      128.00 MB reserved,      70.81 MB ( 55%) committed,  2 nodes.
      Class space:        1.00 GB reserved,      10.19 MB ( <1%) committed,  1 nodes.
             Both:        1.12 GB reserved,      81.00 MB (  7%) committed. 

Chunk freelists:
   Non-Class:  8.66 MB
       Class:  5.67 MB
        Both:  14.32 MB

MaxMetaspaceSize: unlimited
CompressedClassSpaceSize: 1.00 GB
Initial GC threshold: 21.00 MB
Current GC threshold: 97.31 MB
CDS: on
 - commit_granule_bytes: 65536.
 - commit_granule_words: 8192.
 - virtual_space_node_default_size: 8388608.
 - enlarge_chunks_in_place: 1.
 - use_allocation_guard: 0.


Internal statistics:

num_allocs_failed_limit: 13.
num_arena_births: 1680.
num_arena_deaths: 38.
num_vsnodes_births: 3.
num_vsnodes_deaths: 0.
num_space_committed: 1296.
num_space_uncommitted: 0.
num_chunks_returned_to_freelist: 61.
num_chunks_taken_from_freelist: 5848.
num_chunk_merges: 19.
num_chunk_splits: 3439.
num_chunks_enlarged: 1735.
num_inconsistent_stats: 0.

CodeHeap 'non-profiled nmethods': size=120000Kb used=10710Kb max_used=10710Kb free=109289Kb
 bounds [0x000002aca7ec0000, 0x000002aca8940000, 0x000002acaf3f0000]
CodeHeap 'profiled nmethods': size=120000Kb used=30386Kb max_used=30386Kb free=89614Kb
 bounds [0x000002aca03f0000, 0x000002aca21a0000, 0x000002aca7920000]
CodeHeap 'non-nmethods': size=5760Kb used=1471Kb max_used=1582Kb free=4288Kb
 bounds [0x000002aca7920000, 0x000002aca7b90000, 0x000002aca7ec0000]
CodeCache: size=245760Kb, used=42567Kb, max_used=42678Kb, free=203191Kb
 total_blobs=13821, nmethods=13051, adapters=673, full_count=0
Compilation: enabled, stopped_count=0, restarted_count=0

Compilation events (20 events):
Event: 28.913 Thread 0x000002ac9d192610 nmethod 13860 0x000002aca2194e10 code [0x000002aca2194fa0, 0x000002aca2195110]
Event: 28.914 Thread 0x000002ac9d192610 13861       2       org.eclipse.jdt.internal.core.SourceRefElement::closing (1 bytes)
Event: 28.915 Thread 0x000002ac9d192610 nmethod 13861 0x000002aca2195210 code [0x000002aca21953a0, 0x000002aca21954a8]
Event: 28.916 Thread 0x000002ac9d192610 13862       2       org.eclipse.jdt.internal.core.JavaProject::rootID (18 bytes)
Event: 28.917 Thread 0x000002ac9d192610 nmethod 13862 0x000002aca2195510 code [0x000002aca2195760, 0x000002aca2195c50]
Event: 28.917 Thread 0x000002ac9d192610 13863       2       org.eclipse.jdt.internal.compiler.util.ObjectVector::copyInto (7 bytes)
Event: 28.917 Thread 0x000002ac9d192610 nmethod 13863 0x000002aca2196010 code [0x000002aca21961c0, 0x000002aca21962e8]
Event: 28.917 Thread 0x000002ac9d192610 13864       2       org.eclipse.jdt.internal.compiler.util.ObjectVector::copyInto (15 bytes)
Event: 28.917 Thread 0x000002ac9d192610 nmethod 13864 0x000002aca2196390 code [0x000002aca2196540, 0x000002aca21967e8]
Event: 28.922 Thread 0x000002ac9d192610 13865       2       org.eclipse.jdt.internal.compiler.util.ObjectVector::<init> (8 bytes)
Event: 28.922 Thread 0x000002ac9d192610 nmethod 13865 0x000002aca2196890 code [0x000002aca2196a40, 0x000002aca2196b70]
Event: 28.927 Thread 0x000002ac9d192610 13867   !   2       org.eclipse.jdt.internal.compiler.util.Util::getZipEntryByteContent (84 bytes)
Event: 28.927 Thread 0x000002ac9d192610 nmethod 13867 0x000002aca2196c10 code [0x000002aca2196e40, 0x000002aca2197248]
Event: 28.928 Thread 0x000002ac9d192610 13868       3       org.eclipse.jdt.internal.core.search.processing.JobManager$$Lambda/0x000002acb5a18ee8::test (12 bytes)
Event: 28.928 Thread 0x000002ac9d192610 nmethod 13868 0x000002aca2197610 code [0x000002aca21977c0, 0x000002aca2197aa8]
Event: 28.929 Thread 0x000002ac9d192610 13869       2       org.eclipse.jdt.internal.core.search.indexing.IndexAllProject::equals (26 bytes)
Event: 28.929 Thread 0x000002ac9d192610 nmethod 13869 0x000002aca2197b90 code [0x000002aca2197d40, 0x000002aca2197f68]
Event: 28.938 Thread 0x000002ac9d192610 13870       2       org.eclipse.jdt.internal.core.search.JavaSearchDocument::<init> (21 bytes)
Event: 28.940 Thread 0x000002ac9d192610 nmethod 13870 0x000002aca2198090 code [0x000002aca21982e0, 0x000002aca2198828]
Event: 28.958 Thread 0x000002ac9d192610 13871       2       org.eclipse.jdt.internal.core.DeltaProcessor::getTimeStamp (17 bytes)

GC Heap History (20 events):
Event: 28.549 GC heap before
{Heap before GC invocations=495 (full 3):
 PSYoungGen      total 3072K, used 3072K [0x00000000d5580000, 0x00000000d5a00000, 0x0000000100000000)
  eden space 2560K, 100% used [0x00000000d5580000,0x00000000d5800000,0x00000000d5800000)
  from space 512K, 100% used [0x00000000d5880000,0x00000000d5900000,0x00000000d5900000)
  to   space 1024K, 0% used [0x00000000d5900000,0x00000000d5900000,0x00000000d5a00000)
 ParOldGen       total 462848K, used 462734K [0x0000000080000000, 0x000000009c400000, 0x00000000d5580000)
  object space 462848K, 99% used [0x0000000080000000,0x000000009c3e3970,0x000000009c400000)
 Metaspace       used 81106K, committed 82880K, reserved 1179648K
  class space    used 9658K, committed 10432K, reserved 1048576K
}
Event: 28.552 GC heap after
{Heap after GC invocations=495 (full 3):
 PSYoungGen      total 3584K, used 544K [0x00000000d5580000, 0x00000000d5a00000, 0x0000000100000000)
  eden space 2560K, 0% used [0x00000000d5580000,0x00000000d5580000,0x00000000d5800000)
  from space 1024K, 53% used [0x00000000d5900000,0x00000000d5988000,0x00000000d5a00000)
  to   space 1024K, 0% used [0x00000000d5800000,0x00000000d5800000,0x00000000d5900000)
 ParOldGen       total 463360K, used 463230K [0x0000000080000000, 0x000000009c480000, 0x00000000d5580000)
  object space 463360K, 99% used [0x0000000080000000,0x000000009c45f970,0x000000009c480000)
 Metaspace       used 81106K, committed 82880K, reserved 1179648K
  class space    used 9658K, committed 10432K, reserved 1048576K
}
Event: 28.571 GC heap before
{Heap before GC invocations=496 (full 3):
 PSYoungGen      total 3584K, used 3104K [0x00000000d5580000, 0x00000000d5a00000, 0x0000000100000000)
  eden space 2560K, 100% used [0x00000000d5580000,0x00000000d5800000,0x00000000d5800000)
  from space 1024K, 53% used [0x00000000d5900000,0x00000000d5988000,0x00000000d5a00000)
  to   space 1024K, 0% used [0x00000000d5800000,0x00000000d5800000,0x00000000d5900000)
 ParOldGen       total 463360K, used 463230K [0x0000000080000000, 0x000000009c480000, 0x00000000d5580000)
  object space 463360K, 99% used [0x0000000080000000,0x000000009c45f970,0x000000009c480000)
 Metaspace       used 81109K, committed 82880K, reserved 1179648K
  class space    used 9659K, committed 10432K, reserved 1048576K
}
Event: 28.575 GC heap after
{Heap after GC invocations=496 (full 3):
 PSYoungGen      total 3584K, used 576K [0x00000000d5580000, 0x00000000d5a00000, 0x0000000100000000)
  eden space 2560K, 0% used [0x00000000d5580000,0x00000000d5580000,0x00000000d5800000)
  from space 1024K, 56% used [0x00000000d5800000,0x00000000d5890000,0x00000000d5900000)
  to   space 1024K, 0% used [0x00000000d5900000,0x00000000d5900000,0x00000000d5a00000)
 ParOldGen       total 463872K, used 463678K [0x0000000080000000, 0x000000009c500000, 0x00000000d5580000)
  object space 463872K, 99% used [0x0000000080000000,0x000000009c4cf970,0x000000009c500000)
 Metaspace       used 81109K, committed 82880K, reserved 1179648K
  class space    used 9659K, committed 10432K, reserved 1048576K
}
Event: 28.598 GC heap before
{Heap before GC invocations=497 (full 3):
 PSYoungGen      total 3584K, used 3136K [0x00000000d5580000, 0x00000000d5a00000, 0x0000000100000000)
  eden space 2560K, 100% used [0x00000000d5580000,0x00000000d5800000,0x00000000d5800000)
  from space 1024K, 56% used [0x00000000d5800000,0x00000000d5890000,0x00000000d5900000)
  to   space 1024K, 0% used [0x00000000d5900000,0x00000000d5900000,0x00000000d5a00000)
 ParOldGen       total 463872K, used 463678K [0x0000000080000000, 0x000000009c500000, 0x00000000d5580000)
  object space 463872K, 99% used [0x0000000080000000,0x000000009c4cf970,0x000000009c500000)
 Metaspace       used 81109K, committed 82880K, reserved 1179648K
  class space    used 9659K, committed 10432K, reserved 1048576K
}
Event: 28.601 GC heap after
{Heap after GC invocations=497 (full 3):
 PSYoungGen      total 3072K, used 448K [0x00000000d5580000, 0x00000000d5980000, 0x0000000100000000)
  eden space 2560K, 0% used [0x00000000d5580000,0x00000000d5580000,0x00000000d5800000)
  from space 512K, 87% used [0x00000000d5900000,0x00000000d5970000,0x00000000d5980000)
  to   space 512K, 0% used [0x00000000d5880000,0x00000000d5880000,0x00000000d5900000)
 ParOldGen       total 464384K, used 464126K [0x0000000080000000, 0x000000009c580000, 0x00000000d5580000)
  object space 464384K, 99% used [0x0000000080000000,0x000000009c53f980,0x000000009c580000)
 Metaspace       used 81109K, committed 82880K, reserved 1179648K
  class space    used 9659K, committed 10432K, reserved 1048576K
}
Event: 28.617 GC heap before
{Heap before GC invocations=498 (full 3):
 PSYoungGen      total 3072K, used 3008K [0x00000000d5580000, 0x00000000d5980000, 0x0000000100000000)
  eden space 2560K, 100% used [0x00000000d5580000,0x00000000d5800000,0x00000000d5800000)
  from space 512K, 87% used [0x00000000d5900000,0x00000000d5970000,0x00000000d5980000)
  to   space 512K, 0% used [0x00000000d5880000,0x00000000d5880000,0x00000000d5900000)
 ParOldGen       total 464384K, used 464126K [0x0000000080000000, 0x000000009c580000, 0x00000000d5580000)
  object space 464384K, 99% used [0x0000000080000000,0x000000009c53f980,0x000000009c580000)
 Metaspace       used 81109K, committed 82880K, reserved 1179648K
  class space    used 9659K, committed 10432K, reserved 1048576K
}
Event: 28.619 GC heap after
{Heap after GC invocations=498 (full 3):
 PSYoungGen      total 3072K, used 512K [0x00000000d5580000, 0x00000000d5a00000, 0x0000000100000000)
  eden space 2560K, 0% used [0x00000000d5580000,0x00000000d5580000,0x00000000d5800000)
  from space 512K, 100% used [0x00000000d5880000,0x00000000d5900000,0x00000000d5900000)
  to   space 1024K, 0% used [0x00000000d5900000,0x00000000d5900000,0x00000000d5a00000)
 ParOldGen       total 464896K, used 464414K [0x0000000080000000, 0x000000009c600000, 0x00000000d5580000)
  object space 464896K, 99% used [0x0000000080000000,0x000000009c587980,0x000000009c600000)
 Metaspace       used 81109K, committed 82880K, reserved 1179648K
  class space    used 9659K, committed 10432K, reserved 1048576K
}
Event: 28.635 GC heap before
{Heap before GC invocations=499 (full 3):
 PSYoungGen      total 3072K, used 3072K [0x00000000d5580000, 0x00000000d5a00000, 0x0000000100000000)
  eden space 2560K, 100% used [0x00000000d5580000,0x00000000d5800000,0x00000000d5800000)
  from space 512K, 100% used [0x00000000d5880000,0x00000000d5900000,0x00000000d5900000)
  to   space 1024K, 0% used [0x00000000d5900000,0x00000000d5900000,0x00000000d5a00000)
 ParOldGen       total 464896K, used 464414K [0x0000000080000000, 0x000000009c600000, 0x00000000d5580000)
  object space 464896K, 99% used [0x0000000080000000,0x000000009c587980,0x000000009c600000)
 Metaspace       used 81110K, committed 82880K, reserved 1179648K
  class space    used 9659K, committed 10432K, reserved 1048576K
}
Event: 28.638 GC heap after
{Heap after GC invocations=499 (full 3):
 PSYoungGen      total 3072K, used 496K [0x00000000d5580000, 0x00000000d5980000, 0x0000000100000000)
  eden space 2560K, 0% used [0x00000000d5580000,0x00000000d5580000,0x00000000d5800000)
  from space 512K, 96% used [0x00000000d5900000,0x00000000d597c010,0x00000000d5980000)
  to   space 512K, 0% used [0x00000000d5880000,0x00000000d5880000,0x00000000d5900000)
 ParOldGen       total 464896K, used 464766K [0x0000000080000000, 0x000000009c600000, 0x00000000d5580000)
  object space 464896K, 99% used [0x0000000080000000,0x000000009c5df990,0x000000009c600000)
 Metaspace       used 81110K, committed 82880K, reserved 1179648K
  class space    used 9659K, committed 10432K, reserved 1048576K
}
Event: 28.830 GC heap before
{Heap before GC invocations=500 (full 3):
 PSYoungGen      total 3072K, used 3056K [0x00000000d5580000, 0x00000000d5980000, 0x0000000100000000)
  eden space 2560K, 100% used [0x00000000d5580000,0x00000000d5800000,0x00000000d5800000)
  from space 512K, 96% used [0x00000000d5900000,0x00000000d597c010,0x00000000d5980000)
  to   space 512K, 0% used [0x00000000d5880000,0x00000000d5880000,0x00000000d5900000)
 ParOldGen       total 464896K, used 464766K [0x0000000080000000, 0x000000009c600000, 0x00000000d5580000)
  object space 464896K, 99% used [0x0000000080000000,0x000000009c5df990,0x000000009c600000)
 Metaspace       used 81134K, committed 82880K, reserved 1179648K
  class space    used 9659K, committed 10432K, reserved 1048576K
}
Event: 28.833 GC heap after
{Heap after GC invocations=500 (full 3):
 PSYoungGen      total 3072K, used 512K [0x00000000d5580000, 0x00000000d5a00000, 0x0000000100000000)
  eden space 2560K, 0% used [0x00000000d5580000,0x00000000d5580000,0x00000000d5800000)
  from space 512K, 100% used [0x00000000d5880000,0x00000000d5900000,0x00000000d5900000)
  to   space 1024K, 0% used [0x00000000d5900000,0x00000000d5900000,0x00000000d5a00000)
 ParOldGen       total 465408K, used 465142K [0x0000000080000000, 0x000000009c680000, 0x00000000d5580000)
  object space 465408K, 99% used [0x0000000080000000,0x000000009c63d9a0,0x000000009c680000)
 Metaspace       used 81134K, committed 82880K, reserved 1179648K
  class space    used 9659K, committed 10432K, reserved 1048576K
}
Event: 28.899 GC heap before
{Heap before GC invocations=501 (full 3):
 PSYoungGen      total 3072K, used 3072K [0x00000000d5580000, 0x00000000d5a00000, 0x0000000100000000)
  eden space 2560K, 100% used [0x00000000d5580000,0x00000000d5800000,0x00000000d5800000)
  from space 512K, 100% used [0x00000000d5880000,0x00000000d5900000,0x00000000d5900000)
  to   space 1024K, 0% used [0x00000000d5900000,0x00000000d5900000,0x00000000d5a00000)
 ParOldGen       total 465408K, used 465142K [0x0000000080000000, 0x000000009c680000, 0x00000000d5580000)
  object space 465408K, 99% used [0x0000000080000000,0x000000009c63d9a0,0x000000009c680000)
 Metaspace       used 81164K, committed 82880K, reserved 1179648K
  class space    used 9662K, committed 10432K, reserved 1048576K
}
Event: 28.901 GC heap after
{Heap after GC invocations=501 (full 3):
 PSYoungGen      total 3584K, used 512K [0x00000000d5580000, 0x00000000d5a00000, 0x0000000100000000)
  eden space 2560K, 0% used [0x00000000d5580000,0x00000000d5580000,0x00000000d5800000)
  from space 1024K, 50% used [0x00000000d5900000,0x00000000d5980000,0x00000000d5a00000)
  to   space 1024K, 0% used [0x00000000d5800000,0x00000000d5800000,0x00000000d5900000)
 ParOldGen       total 465920K, used 465494K [0x0000000080000000, 0x000000009c700000, 0x00000000d5580000)
  object space 465920K, 99% used [0x0000000080000000,0x000000009c6959a0,0x000000009c700000)
 Metaspace       used 81164K, committed 82880K, reserved 1179648K
  class space    used 9662K, committed 10432K, reserved 1048576K
}
Event: 28.919 GC heap before
{Heap before GC invocations=502 (full 3):
 PSYoungGen      total 3584K, used 3064K [0x00000000d5580000, 0x00000000d5a00000, 0x0000000100000000)
  eden space 2560K, 99% used [0x00000000d5580000,0x00000000d57fe088,0x00000000d5800000)
  from space 1024K, 50% used [0x00000000d5900000,0x00000000d5980000,0x00000000d5a00000)
  to   space 1024K, 0% used [0x00000000d5800000,0x00000000d5800000,0x00000000d5900000)
 ParOldGen       total 465920K, used 465494K [0x0000000080000000, 0x000000009c700000, 0x00000000d5580000)
  object space 465920K, 99% used [0x0000000080000000,0x000000009c6959a0,0x000000009c700000)
 Metaspace       used 81169K, committed 82944K, reserved 1179648K
  class space    used 9662K, committed 10432K, reserved 1048576K
}
Event: 28.921 GC heap after
{Heap after GC invocations=502 (full 3):
 PSYoungGen      total 3584K, used 224K [0x00000000d5580000, 0x00000000d5980000, 0x0000000100000000)
  eden space 2560K, 0% used [0x00000000d5580000,0x00000000d5580000,0x00000000d5800000)
  from space 1024K, 21% used [0x00000000d5800000,0x00000000d5838000,0x00000000d5900000)
  to   space 512K, 0% used [0x00000000d5900000,0x00000000d5900000,0x00000000d5980000)
 ParOldGen       total 465920K, used 465782K [0x0000000080000000, 0x000000009c700000, 0x00000000d5580000)
  object space 465920K, 99% used [0x0000000080000000,0x000000009c6dd9a0,0x000000009c700000)
 Metaspace       used 81169K, committed 82944K, reserved 1179648K
  class space    used 9662K, committed 10432K, reserved 1048576K
}
Event: 28.929 GC heap before
{Heap before GC invocations=503 (full 3):
 PSYoungGen      total 3584K, used 2784K [0x00000000d5580000, 0x00000000d5980000, 0x0000000100000000)
  eden space 2560K, 100% used [0x00000000d5580000,0x00000000d5800000,0x00000000d5800000)
  from space 1024K, 21% used [0x00000000d5800000,0x00000000d5838000,0x00000000d5900000)
  to   space 512K, 0% used [0x00000000d5900000,0x00000000d5900000,0x00000000d5980000)
 ParOldGen       total 465920K, used 465782K [0x0000000080000000, 0x000000009c700000, 0x00000000d5580000)
  object space 465920K, 99% used [0x0000000080000000,0x000000009c6dd9a0,0x000000009c700000)
 Metaspace       used 81176K, committed 82944K, reserved 1179648K
  class space    used 9663K, committed 10432K, reserved 1048576K
}
Event: 28.931 GC heap after
{Heap after GC invocations=503 (full 3):
 PSYoungGen      total 3072K, used 416K [0x00000000d5580000, 0x00000000d5980000, 0x0000000100000000)
  eden space 2560K, 0% used [0x00000000d5580000,0x00000000d5580000,0x00000000d5800000)
  from space 512K, 81% used [0x00000000d5900000,0x00000000d5968000,0x00000000d5980000)
  to   space 512K, 0% used [0x00000000d5880000,0x00000000d5880000,0x00000000d5900000)
 ParOldGen       total 465920K, used 465902K [0x0000000080000000, 0x000000009c700000, 0x00000000d5580000)
  object space 465920K, 99% used [0x0000000080000000,0x000000009c6fb9a0,0x000000009c700000)
 Metaspace       used 81176K, committed 82944K, reserved 1179648K
  class space    used 9663K, committed 10432K, reserved 1048576K
}
Event: 28.940 GC heap before
{Heap before GC invocations=504 (full 3):
 PSYoungGen      total 3072K, used 2976K [0x00000000d5580000, 0x00000000d5980000, 0x0000000100000000)
  eden space 2560K, 100% used [0x00000000d5580000,0x00000000d5800000,0x00000000d5800000)
  from space 512K, 81% used [0x00000000d5900000,0x00000000d5968000,0x00000000d5980000)
  to   space 512K, 0% used [0x00000000d5880000,0x00000000d5880000,0x00000000d5900000)
 ParOldGen       total 465920K, used 465902K [0x0000000080000000, 0x000000009c700000, 0x00000000d5580000)
  object space 465920K, 99% used [0x0000000080000000,0x000000009c6fb9a0,0x000000009c700000)
 Metaspace       used 81176K, committed 82944K, reserved 1179648K
  class space    used 9663K, committed 10432K, reserved 1048576K
}
Event: 28.942 GC heap after
{Heap after GC invocations=504 (full 3):
 PSYoungGen      total 3072K, used 507K [0x00000000d5580000, 0x00000000d5a00000, 0x0000000100000000)
  eden space 2560K, 0% used [0x00000000d5580000,0x00000000d5580000,0x00000000d5800000)
  from space 512K, 99% used [0x00000000d5880000,0x00000000d58fec08,0x00000000d5900000)
  to   space 1024K, 0% used [0x00000000d5900000,0x00000000d5900000,0x00000000d5a00000)
 ParOldGen       total 466432K, used 466222K [0x0000000080000000, 0x000000009c780000, 0x00000000d5580000)
  object space 466432K, 99% used [0x0000000080000000,0x000000009c74b9a0,0x000000009c780000)
 Metaspace       used 81176K, committed 82944K, reserved 1179648K
  class space    used 9663K, committed 10432K, reserved 1048576K
}

Dll operation events (15 events):
Event: 0.028 Loaded shared library c:\Users\user\.vscode\extensions\redhat.java-1.54.0-win32-x64\jre\21.0.10-win32-x86_64\bin\java.dll
Event: 0.099 Loaded shared library c:\Users\user\.vscode\extensions\redhat.java-1.54.0-win32-x64\jre\21.0.10-win32-x86_64\bin\zip.dll
Event: 0.179 Loaded shared library C:\Users\user\.vscode\extensions\redhat.java-1.54.0-win32-x64\jre\21.0.10-win32-x86_64\bin\instrument.dll
Event: 0.188 Loaded shared library C:\Users\user\.vscode\extensions\redhat.java-1.54.0-win32-x64\jre\21.0.10-win32-x86_64\bin\net.dll
Event: 0.191 Loaded shared library C:\Users\user\.vscode\extensions\redhat.java-1.54.0-win32-x64\jre\21.0.10-win32-x86_64\bin\nio.dll
Event: 0.196 Loaded shared library C:\Users\user\.vscode\extensions\redhat.java-1.54.0-win32-x64\jre\21.0.10-win32-x86_64\bin\zip.dll
Event: 0.215 Loaded shared library C:\Users\user\.vscode\extensions\redhat.java-1.54.0-win32-x64\jre\21.0.10-win32-x86_64\bin\jimage.dll
Event: 0.294 Loaded shared library c:\Users\user\.vscode\extensions\redhat.java-1.54.0-win32-x64\jre\21.0.10-win32-x86_64\bin\verify.dll
Event: 1.552 Loaded shared library C:\Users\user\AppData\Roaming\Code\User\globalStorage\redhat.java\1.54.0\config_win\org.eclipse.equinox.launcher\org.eclipse.equinox.launcher.win32.win32.x86_64_1.3.0.v20260203-2149\eclipse_11919.dll
Event: 6.013 Loaded shared library C:\Users\user\AppData\Local\Temp\jna-3599307\jna8027645212547143845.dll
Event: 9.288 Loaded shared library C:\Users\user\.gradle\native\1def1411415f61bf3af743bc5b6707747c0891f09f0c88961ee8f79bc544acac\windows-amd64\native-platform.dll
Event: 11.547 Loaded shared library C:\Users\user\.vscode\extensions\redhat.java-1.54.0-win32-x64\jre\21.0.10-win32-x86_64\bin\management.dll
Event: 11.557 Loaded shared library C:\Users\user\.vscode\extensions\redhat.java-1.54.0-win32-x64\jre\21.0.10-win32-x86_64\bin\management_ext.dll
Event: 17.199 Loaded shared library C:\Users\user\.vscode\extensions\redhat.java-1.54.0-win32-x64\jre\21.0.10-win32-x86_64\bin\extnet.dll
Event: 17.495 Loaded shared library C:\Users\user\.vscode\extensions\redhat.java-1.54.0-win32-x64\jre\21.0.10-win32-x86_64\bin\sunmscapi.dll

Deoptimization events (20 events):
Event: 28.490 Thread 0x000002acfb51aa60 DEOPT PACKING pc=0x000002aca85e7690 sp=0x000000b7504fee20
Event: 28.490 Thread 0x000002acfb51aa60 DEOPT UNPACKING pc=0x000002aca7976da2 sp=0x000000b7504fedb8 mode 2
Event: 28.511 Thread 0x000002acfb51aa60 DEOPT PACKING pc=0x000002aca1ba72fe sp=0x000000b7504fead0
Event: 28.511 Thread 0x000002acfb51aa60 DEOPT UNPACKING pc=0x000002aca79778e2 sp=0x000000b7504fdfb0 mode 0
Event: 28.927 Thread 0x000002acfb51b0f0 Uncommon trap: trap_request=0xffffffc6 fr.pc=0x000002aca88183a0 relative=0x0000000000000420
Event: 28.927 Thread 0x000002acfb51b0f0 Uncommon trap: reason=bimorphic_or_optimized_type_check action=maybe_recompile pc=0x000002aca88183a0 method=org.eclipse.jdt.internal.core.search.processing.JobManager$$Lambda/0x000002acb5a18ee8.test(Ljava/lang/Object;)Z @ 8 c2
Event: 28.927 Thread 0x000002acfb51b0f0 DEOPT PACKING pc=0x000002aca88183a0 sp=0x000000b7506fe950
Event: 28.927 Thread 0x000002acfb51b0f0 DEOPT UNPACKING pc=0x000002aca7976da2 sp=0x000000b7506fe8e8 mode 2
Event: 28.927 Thread 0x000002acfb51b0f0 Uncommon trap: trap_request=0xffffffc6 fr.pc=0x000002aca88183a0 relative=0x0000000000000420
Event: 28.927 Thread 0x000002acfb51b0f0 Uncommon trap: reason=bimorphic_or_optimized_type_check action=maybe_recompile pc=0x000002aca88183a0 method=org.eclipse.jdt.internal.core.search.processing.JobManager$$Lambda/0x000002acb5a18ee8.test(Ljava/lang/Object;)Z @ 8 c2
Event: 28.927 Thread 0x000002acfb51b0f0 DEOPT PACKING pc=0x000002aca88183a0 sp=0x000000b7506fe950
Event: 28.927 Thread 0x000002acfb51b0f0 DEOPT UNPACKING pc=0x000002aca7976da2 sp=0x000000b7506fe8e8 mode 2
Event: 28.927 Thread 0x000002acfb51b0f0 Uncommon trap: trap_request=0xffffffc6 fr.pc=0x000002aca88183a0 relative=0x0000000000000420
Event: 28.927 Thread 0x000002acfb51b0f0 Uncommon trap: reason=bimorphic_or_optimized_type_check action=maybe_recompile pc=0x000002aca88183a0 method=org.eclipse.jdt.internal.core.search.processing.JobManager$$Lambda/0x000002acb5a18ee8.test(Ljava/lang/Object;)Z @ 8 c2
Event: 28.927 Thread 0x000002acfb51b0f0 DEOPT PACKING pc=0x000002aca88183a0 sp=0x000000b7506fe950
Event: 28.927 Thread 0x000002acfb51b0f0 DEOPT UNPACKING pc=0x000002aca7976da2 sp=0x000000b7506fe8e8 mode 2
Event: 28.927 Thread 0x000002acfb51b0f0 Uncommon trap: trap_request=0xffffffc6 fr.pc=0x000002aca88183a0 relative=0x0000000000000420
Event: 28.927 Thread 0x000002acfb51b0f0 Uncommon trap: reason=bimorphic_or_optimized_type_check action=maybe_recompile pc=0x000002aca88183a0 method=org.eclipse.jdt.internal.core.search.processing.JobManager$$Lambda/0x000002acb5a18ee8.test(Ljava/lang/Object;)Z @ 8 c2
Event: 28.928 Thread 0x000002acfb51b0f0 DEOPT PACKING pc=0x000002aca88183a0 sp=0x000000b7506fe950
Event: 28.928 Thread 0x000002acfb51b0f0 DEOPT UNPACKING pc=0x000002aca7976da2 sp=0x000000b7506fe8e8 mode 2

Classes loaded (20 events):
Event: 21.914 Loading class sun/nio/fs/Globs
Event: 21.914 Loading class sun/nio/fs/Globs done
Event: 21.915 Loading class java/util/regex/Pattern$SliceU
Event: 21.915 Loading class java/util/regex/Pattern$SliceU done
Event: 21.915 Loading class sun/nio/fs/WindowsFileSystem$2
Event: 21.915 Loading class sun/nio/fs/WindowsFileSystem$2 done
Event: 25.167 Loading class java/security/DigestInputStream
Event: 25.167 Loading class java/security/DigestInputStream done
Event: 26.227 Loading class sun/nio/fs/WindowsFileCopy
Event: 26.228 Loading class sun/nio/fs/WindowsFileCopy done
Event: 26.445 Loading class java/util/Collections$SynchronizedRandomAccessList
Event: 26.445 Loading class java/util/Collections$SynchronizedList
Event: 26.445 Loading class java/util/Collections$SynchronizedList done
Event: 26.445 Loading class java/util/Collections$SynchronizedRandomAccessList done
Event: 26.455 Loading class java/util/concurrent/CompletableFuture$Signaller
Event: 26.456 Loading class java/util/concurrent/CompletableFuture$Signaller done
Event: 27.695 Loading class jdk/internal/module/IllegalAccessLogger
Event: 27.695 Loading class jdk/internal/module/IllegalAccessLogger done
Event: 28.535 Loading class jdk/internal/module/IllegalAccessLogger
Event: 28.535 Loading class jdk/internal/module/IllegalAccessLogger done

Classes unloaded (19 events):
Event: 6.560 Thread 0x000002ac9d161d50 Unloading class 0x000002acb51ab000 'java/lang/invoke/LambdaForm$MH+0x000002acb51ab000'
Event: 6.560 Thread 0x000002ac9d161d50 Unloading class 0x000002acb51aac00 'java/lang/invoke/LambdaForm$MH+0x000002acb51aac00'
Event: 6.560 Thread 0x000002ac9d161d50 Unloading class 0x000002acb51aa800 'java/lang/invoke/LambdaForm$MH+0x000002acb51aa800'
Event: 6.560 Thread 0x000002ac9d161d50 Unloading class 0x000002acb51aa400 'java/lang/invoke/LambdaForm$MH+0x000002acb51aa400'
Event: 6.560 Thread 0x000002ac9d161d50 Unloading class 0x000002acb51aa000 'java/lang/invoke/LambdaForm$BMH+0x000002acb51aa000'
Event: 6.560 Thread 0x000002ac9d161d50 Unloading class 0x000002acb51a9c00 'java/lang/invoke/LambdaForm$DMH+0x000002acb51a9c00'
Event: 6.560 Thread 0x000002ac9d161d50 Unloading class 0x000002acb51a8c00 'java/lang/invoke/LambdaForm$DMH+0x000002acb51a8c00'
Event: 7.853 Thread 0x000002ac9d161d50 Unloading class 0x000002acb536e000 'java/lang/invoke/LambdaForm$MH+0x000002acb536e000'
Event: 7.853 Thread 0x000002ac9d161d50 Unloading class 0x000002acb536d800 'java/lang/invoke/LambdaForm$MH+0x000002acb536d800'
Event: 7.853 Thread 0x000002ac9d161d50 Unloading class 0x000002acb536d400 'java/lang/invoke/LambdaForm$DMH+0x000002acb536d400'
Event: 7.853 Thread 0x000002ac9d161d50 Unloading class 0x000002acb536c400 'java/lang/invoke/LambdaForm$MH+0x000002acb536c400'
Event: 7.853 Thread 0x000002ac9d161d50 Unloading class 0x000002acb5367400 'java/lang/invoke/LambdaForm$MH+0x000002acb5367400'
Event: 7.853 Thread 0x000002ac9d161d50 Unloading class 0x000002acb5366c00 'java/lang/invoke/LambdaForm$MH+0x000002acb5366c00'
Event: 7.853 Thread 0x000002ac9d161d50 Unloading class 0x000002acb5366800 'java/lang/invoke/LambdaForm$MH+0x000002acb5366800'
Event: 7.853 Thread 0x000002ac9d161d50 Unloading class 0x000002acb5366000 'java/lang/invoke/LambdaForm$MH+0x000002acb5366000'
Event: 7.853 Thread 0x000002ac9d161d50 Unloading class 0x000002acb5365400 'java/lang/invoke/LambdaForm$MH+0x000002acb5365400'
Event: 7.853 Thread 0x000002ac9d161d50 Unloading class 0x000002acb5365000 'java/lang/invoke/LambdaForm$MH+0x000002acb5365000'
Event: 7.853 Thread 0x000002ac9d161d50 Unloading class 0x000002acb5364800 'java/lang/invoke/LambdaForm$MH+0x000002acb5364800'
Event: 7.853 Thread 0x000002ac9d161d50 Unloading class 0x000002acb5364000 'java/lang/invoke/LambdaForm$MH+0x000002acb5364000'

Classes redefined (0 events):
No events

Internal exceptions (20 events):
Event: 26.927 Thread 0x000002acfb51b0f0 Exception <a 'sun/nio/fs/WindowsException'{0x00000000d5580038}> (0x00000000d5580038) 
thrown [s\src\hotspot\share\prims\jni.cpp, line 520]
Event: 27.249 Thread 0x000002acfb51b0f0 Implicit null exception at 0x000002aca85a1a63 to 0x000002aca85a20b4
Event: 27.644 Thread 0x000002acfb51aa60 Implicit null exception at 0x000002aca889e1a6 to 0x000002aca889e624
Event: 27.692 Thread 0x000002acfb51aa60 Implicit null exception at 0x000002aca83d79cf to 0x000002aca83d7e44
Event: 27.710 Thread 0x000002acff0749c0 Exception <a 'java/lang/NoSuchMethodError'{0x00000000d591f768}: 'void java.lang.invoke.DirectMethodHandle$Holder.invokeStatic(java.lang.Object, int, java.lang.Object)'> (0x00000000d591f768) 
thrown [s\src\hotspot\share\interpreter\linkResolver.cpp, line 773]
Event: 28.449 Thread 0x000002acfb51aa60 Exception <a 'sun/nio/fs/WindowsException'{0x00000000d56108e8}> (0x00000000d56108e8) 
thrown [s\src\hotspot\share\prims\jni.cpp, line 520]
Event: 28.451 Thread 0x000002acfb51b0f0 Exception <a 'sun/nio/fs/WindowsException'{0x00000000d57bd6b8}> (0x00000000d57bd6b8) 
thrown [s\src\hotspot\share\prims\jni.cpp, line 520]
Event: 28.451 Thread 0x000002acff06e0c0 Exception <a 'sun/nio/fs/WindowsException'{0x00000000d57bec80}> (0x00000000d57bec80) 
thrown [s\src\hotspot\share\prims\jni.cpp, line 520]
Event: 28.537 Thread 0x000002acfb51aa60 Exception <a 'sun/nio/fs/WindowsException'{0x00000000d56481d0}> (0x00000000d56481d0) 
thrown [s\src\hotspot\share\prims\jni.cpp, line 520]
Event: 28.632 Thread 0x000002acfb51aa60 Exception <a 'sun/nio/fs/WindowsException'{0x00000000d5779d48}> (0x00000000d5779d48) 
thrown [s\src\hotspot\share\prims\jni.cpp, line 520]
Event: 28.703 Thread 0x000002acfb51aa60 Exception <a 'sun/nio/fs/WindowsException'{0x00000000d56ec978}> (0x00000000d56ec978) 
thrown [s\src\hotspot\share\prims\jni.cpp, line 520]
Event: 28.737 Thread 0x000002acfb51aa60 Exception <a 'sun/nio/fs/WindowsException'{0x00000000d5705ed8}> (0x00000000d5705ed8) 
thrown [s\src\hotspot\share\prims\jni.cpp, line 520]
Event: 28.783 Thread 0x000002acfb51aa60 Exception <a 'sun/nio/fs/WindowsException'{0x00000000d571cc18}> (0x00000000d571cc18) 
thrown [s\src\hotspot\share\prims\jni.cpp, line 520]
Event: 28.823 Thread 0x000002acfb51aa60 Exception <a 'sun/nio/fs/WindowsException'{0x00000000d57b68f8}> (0x00000000d57b68f8) 
thrown [s\src\hotspot\share\prims\jni.cpp, line 520]
Event: 28.859 Thread 0x000002acfb51b0f0 Exception <a 'sun/nio/fs/WindowsException'{0x00000000d56f73d0}> (0x00000000d56f73d0) 
thrown [s\src\hotspot\share\prims\jni.cpp, line 520]
Event: 28.859 Thread 0x000002acfb51b0f0 Exception <a 'sun/nio/fs/WindowsException'{0x00000000d56f7c70}> (0x00000000d56f7c70) 
thrown [s\src\hotspot\share\prims\jni.cpp, line 520]
Event: 28.866 Thread 0x000002acfb51aa60 Exception <a 'sun/nio/fs/WindowsException'{0x00000000d5702920}> (0x00000000d5702920) 
thrown [s\src\hotspot\share\prims\jni.cpp, line 520]
Event: 28.892 Thread 0x000002acfb51b0f0 Exception <a 'sun/nio/fs/WindowsException'{0x00000000d57a60a8}> (0x00000000d57a60a8) 
thrown [s\src\hotspot\share\prims\jni.cpp, line 520]
Event: 28.892 Thread 0x000002acfb51b0f0 Exception <a 'sun/nio/fs/WindowsException'{0x00000000d57a6e48}> (0x00000000d57a6e48) 
thrown [s\src\hotspot\share\prims\jni.cpp, line 520]
Event: 28.898 Thread 0x000002acfb51aa60 Exception <a 'sun/nio/fs/WindowsException'{0x00000000d574a178}> (0x00000000d574a178) 
thrown [s\src\hotspot\share\prims\jni.cpp, line 520]

ZGC Phase Switch (0 events):
No events

VM Operations (20 events):
Event: 28.571 Executing safepoint VM operation: ParallelGCFailedAllocation (Allocation Failure)
Event: 28.575 Executing safepoint VM operation: ParallelGCFailedAllocation (Allocation Failure) done
Event: 28.598 Executing safepoint VM operation: ParallelGCFailedAllocation (Allocation Failure)
Event: 28.601 Executing safepoint VM operation: ParallelGCFailedAllocation (Allocation Failure) done
Event: 28.617 Executing safepoint VM operation: ParallelGCFailedAllocation (Allocation Failure)
Event: 28.619 Executing safepoint VM operation: ParallelGCFailedAllocation (Allocation Failure) done
Event: 28.635 Executing safepoint VM operation: ParallelGCFailedAllocation (Allocation Failure)
Event: 28.638 Executing safepoint VM operation: ParallelGCFailedAllocation (Allocation Failure) done
Event: 28.827 Executing non-safepoint VM operation: HandshakeAllThreads (Deoptimize)
Event: 28.827 Executing non-safepoint VM operation: HandshakeAllThreads (Deoptimize) done
Event: 28.830 Executing safepoint VM operation: ParallelGCFailedAllocation (Allocation Failure)
Event: 28.833 Executing safepoint VM operation: ParallelGCFailedAllocation (Allocation Failure) done
Event: 28.898 Executing safepoint VM operation: ParallelGCFailedAllocation (Allocation Failure)
Event: 28.901 Executing safepoint VM operation: ParallelGCFailedAllocation (Allocation Failure) done
Event: 28.919 Executing safepoint VM operation: ParallelGCFailedAllocation (Allocation Failure)
Event: 28.921 Executing safepoint VM operation: ParallelGCFailedAllocation (Allocation Failure) done
Event: 28.929 Executing safepoint VM operation: ParallelGCFailedAllocation (Allocation Failure)
Event: 28.931 Executing safepoint VM operation: ParallelGCFailedAllocation (Allocation Failure) done
Event: 28.940 Executing safepoint VM operation: ParallelGCFailedAllocation (Allocation Failure)
Event: 28.942 Executing safepoint VM operation: ParallelGCFailedAllocation (Allocation Failure) done

Memory protections (0 events):
No events

Nmethod flushes (20 events):
Event: 10.994 Thread 0x000002ac9d161d50 flushing  nmethod 0x000002aca0c99290
Event: 10.994 Thread 0x000002ac9d161d50 flushing  nmethod 0x000002aca0cb9c90
Event: 10.994 Thread 0x000002ac9d161d50 flushing  nmethod 0x000002aca0cc4c90
Event: 10.994 Thread 0x000002ac9d161d50 flushing  nmethod 0x000002aca0cd0090
Event: 10.994 Thread 0x000002ac9d161d50 flushing  nmethod 0x000002aca0cd0410
Event: 10.994 Thread 0x000002ac9d161d50 flushing  nmethod 0x000002aca0cd0a10
Event: 10.994 Thread 0x000002ac9d161d50 flushing  nmethod 0x000002aca0cd3490
Event: 10.994 Thread 0x000002ac9d161d50 flushing  nmethod 0x000002aca0cd4790
Event: 10.994 Thread 0x000002ac9d161d50 flushing  nmethod 0x000002aca0cf0c90
Event: 10.994 Thread 0x000002ac9d161d50 flushing  nmethod 0x000002aca0d05190
Event: 10.994 Thread 0x000002ac9d161d50 flushing  nmethod 0x000002aca0d14890
Event: 10.994 Thread 0x000002ac9d161d50 flushing  nmethod 0x000002aca0d14e90
Event: 10.994 Thread 0x000002ac9d161d50 flushing  nmethod 0x000002aca0d16110
Event: 10.994 Thread 0x000002ac9d161d50 flushing  nmethod 0x000002aca0d17210
Event: 10.994 Thread 0x000002ac9d161d50 flushing  nmethod 0x000002aca0d1ef90
Event: 10.994 Thread 0x000002ac9d161d50 flushing  nmethod 0x000002aca0d28390
Event: 10.994 Thread 0x000002ac9d161d50 flushing  nmethod 0x000002aca0d2d710
Event: 10.994 Thread 0x000002ac9d161d50 flushing  nmethod 0x000002aca0d40090
Event: 10.994 Thread 0x000002ac9d161d50 flushing  nmethod 0x000002aca0d4bc10
Event: 10.994 Thread 0x000002ac9d161d50 flushing  nmethod 0x000002aca0d67890

Events (20 events):
Event: 24.741 Thread 0x000002ac9d192610 Thread added: 0x000002acfc62f1f0
Event: 24.815 Thread 0x000002ac87bb0d70 Thread exited: 0x000002ac87bb0d70
Event: 24.816 Thread 0x000002ac87bb06e0 Thread exited: 0x000002ac87bb06e0
Event: 24.820 Thread 0x000002acfb519d40 Thread added: 0x000002ac87bb06e0
Event: 24.821 Thread 0x000002acfb519d40 Thread added: 0x000002ac87bb0d70
Event: 24.865 Thread 0x000002ac87bb0d70 Thread exited: 0x000002ac87bb0d70
Event: 24.865 Thread 0x000002acfb519d40 Thread added: 0x000002ac87bb0d70
Event: 24.867 Thread 0x000002acfb519d40 Thread added: 0x000002ac89410850
Event: 24.893 Thread 0x000002ac89410850 Thread exited: 0x000002ac89410850
Event: 25.141 Thread 0x000002acfb519d40 Thread added: 0x000002ac8940fb30
Event: 25.149 Thread 0x000002acfb519d40 Thread added: 0x000002ac89410ee0
Event: 25.178 Thread 0x000002ac89410ee0 Thread added: 0x000002ac89410850
Event: 25.310 Thread 0x000002acfc62f1f0 Thread exited: 0x000002acfc62f1f0
Event: 26.287 Thread 0x000002ac9d192610 Thread added: 0x000002acfc630d30
Event: 26.390 Thread 0x000002ac89410850 Thread exited: 0x000002ac89410850
Event: 26.392 Thread 0x000002ac89410ee0 Thread exited: 0x000002ac89410ee0
Event: 26.411 Thread 0x000002ac87bab820 Thread exited: 0x000002ac87bab820
Event: 26.900 Thread 0x000002acff06ede0 Thread added: 0x000002ac8940ee10
Event: 26.900 Thread 0x000002acff06f470 Thread added: 0x000002ac894101c0
Event: 27.584 Thread 0x000002acfb51aa60 Thread added: 0x000002ac89410ee0


Dynamic libraries:
0x00007ff61e960000 - 0x00007ff61e96e000 	c:\Users\user\.vscode\extensions\redhat.java-1.54.0-win32-x64\jre\21.0.10-win32-x86_64\bin\java.exe
0x00007ffb09b60000 - 0x00007ffb09dc7000 	C:\WINDOWS\SYSTEM32\ntdll.dll
0x00007ffb083f0000 - 0x00007ffb084b9000 	C:\WINDOWS\System32\KERNEL32.DLL
0x00007ffb06590000 - 0x00007ffb06987000 	C:\WINDOWS\System32\KERNELBASE.dll
0x00007ffb06e40000 - 0x00007ffb06f8b000 	C:\WINDOWS\System32\ucrtbase.dll
0x00007ffadf830000 - 0x00007ffadf848000 	c:\Users\user\.vscode\extensions\redhat.java-1.54.0-win32-x64\jre\21.0.10-win32-x86_64\bin\jli.dll
0x00007ffb096e0000 - 0x00007ffb098a6000 	C:\WINDOWS\System32\USER32.dll
0x00007ffb078b0000 - 0x00007ffb078d7000 	C:\WINDOWS\System32\win32u.dll
0x00007ffb08370000 - 0x00007ffb0839b000 	C:\WINDOWS\System32\GDI32.dll
0x00007ffb06a40000 - 0x00007ffb06b6c000 	C:\WINDOWS\System32\gdi32full.dll
0x00007ffb06990000 - 0x00007ffb06a33000 	C:\WINDOWS\System32\msvcp_win.dll
0x00007ffae9e70000 - 0x00007ffaea102000 	C:\WINDOWS\WinSxS\amd64_microsoft.windows.common-controls_6595b64144ccf1df_6.0.26100.8457_none_3e0b2faee331e92d\COMCTL32.dll
0x00007ffb07f70000 - 0x00007ffb08019000 	C:\WINDOWS\System32\msvcrt.dll
0x00007ffadfa60000 - 0x00007ffadfa7e000 	c:\Users\user\.vscode\extensions\redhat.java-1.54.0-win32-x64\jre\21.0.10-win32-x86_64\bin\VCRUNTIME140.dll
0x00007ffb08020000 - 0x00007ffb08052000 	C:\WINDOWS\System32\IMM32.DLL
0x00007ffb01720000 - 0x00007ffb0172c000 	c:\Users\user\.vscode\extensions\redhat.java-1.54.0-win32-x64\jre\21.0.10-win32-x86_64\bin\vcruntime140_1.dll
0x00007ffa8d790000 - 0x00007ffa8d81d000 	c:\Users\user\.vscode\extensions\redhat.java-1.54.0-win32-x64\jre\21.0.10-win32-x86_64\bin\msvcp140.dll
0x00007ffa50630000 - 0x00007ffa513d1000 	c:\Users\user\.vscode\extensions\redhat.java-1.54.0-win32-x64\jre\21.0.10-win32-x86_64\bin\server\jvm.dll
0x00007ffb09090000 - 0x00007ffb09146000 	C:\WINDOWS\System32\ADVAPI32.dll
0x00007ffb08700000 - 0x00007ffb087a7000 	C:\WINDOWS\System32\sechost.dll
0x00007ffb098c0000 - 0x00007ffb099d8000 	C:\WINDOWS\System32\RPCRT4.dll
0x00007ffb08250000 - 0x00007ffb082d0000 	C:\WINDOWS\System32\WS2_32.dll
0x00007ffafe210000 - 0x00007ffafe21b000 	C:\WINDOWS\SYSTEM32\VERSION.dll
0x00007ffafeaf0000 - 0x00007ffafeb26000 	C:\WINDOWS\SYSTEM32\WINMM.dll
0x00007ffb063f0000 - 0x00007ffb0644e000 	C:\WINDOWS\SYSTEM32\POWRPROF.dll
0x00007ffb063d0000 - 0x00007ffb063e4000 	C:\WINDOWS\SYSTEM32\UMPDC.dll
0x00007ffb05320000 - 0x00007ffb0533b000 	C:\WINDOWS\SYSTEM32\kernel.appcore.dll
0x00007ffaf7800000 - 0x00007ffaf780a000 	c:\Users\user\.vscode\extensions\redhat.java-1.54.0-win32-x64\jre\21.0.10-win32-x86_64\bin\jimage.dll
0x00007ffb04500000 - 0x00007ffb04742000 	C:\WINDOWS\SYSTEM32\DBGHELP.DLL
0x00007ffb09350000 - 0x00007ffb096d3000 	C:\WINDOWS\System32\combase.dll
0x00007ffb079d0000 - 0x00007ffb07aa9000 	C:\WINDOWS\System32\OLEAUT32.dll
0x00007ffad7e10000 - 0x00007ffad7e4b000 	C:\WINDOWS\SYSTEM32\dbgcore.DLL
0x00007ffb07800000 - 0x00007ffb078a8000 	C:\WINDOWS\System32\bcryptPrimitives.dll
0x00007ffaf7740000 - 0x00007ffaf774f000 	c:\Users\user\.vscode\extensions\redhat.java-1.54.0-win32-x64\jre\21.0.10-win32-x86_64\bin\instrument.dll
0x00007ffadf190000 - 0x00007ffadf1b0000 	c:\Users\user\.vscode\extensions\redhat.java-1.54.0-win32-x64\jre\21.0.10-win32-x86_64\bin\java.dll
0x00007ffb08910000 - 0x00007ffb0907e000 	C:\WINDOWS\System32\SHELL32.dll
0x00007ffb06f90000 - 0x00007ffb077fc000 	C:\WINDOWS\System32\windows.storage.dll
0x00007ffb09150000 - 0x00007ffb09246000 	C:\WINDOWS\System32\SHCORE.dll
0x00007ffb07960000 - 0x00007ffb079c6000 	C:\WINDOWS\System32\shlwapi.dll
0x00007ffb064b0000 - 0x00007ffb064d9000 	C:\WINDOWS\SYSTEM32\profapi.dll
0x00007ffadf170000 - 0x00007ffadf188000 	c:\Users\user\.vscode\extensions\redhat.java-1.54.0-win32-x64\jre\21.0.10-win32-x86_64\bin\zip.dll
0x00007ffae8b00000 - 0x00007ffae8b10000 	C:\Users\user\.vscode\extensions\redhat.java-1.54.0-win32-x64\jre\21.0.10-win32-x86_64\bin\net.dll
0x00007ffaf8ca0000 - 0x00007ffaf8dc9000 	C:\WINDOWS\SYSTEM32\WINHTTP.dll
0x00007ffb05890000 - 0x00007ffb058fc000 	C:\WINDOWS\system32\mswsock.dll
0x00007ffadf050000 - 0x00007ffadf066000 	C:\Users\user\.vscode\extensions\redhat.java-1.54.0-win32-x64\jre\21.0.10-win32-x86_64\bin\nio.dll
0x00007ffaf7730000 - 0x00007ffaf7740000 	c:\Users\user\.vscode\extensions\redhat.java-1.54.0-win32-x64\jre\21.0.10-win32-x86_64\bin\verify.dll
0x00007ffad7690000 - 0x00007ffad76d5000 	C:\Users\user\AppData\Roaming\Code\User\globalStorage\redhat.java\1.54.0\config_win\org.eclipse.equinox.launcher\org.eclipse.equinox.launcher.win32.win32.x86_64_1.3.0.v20260203-2149\eclipse_11919.dll
0x00007ffb08550000 - 0x00007ffb086e7000 	C:\WINDOWS\System32\ole32.dll
0x00007ffb05b70000 - 0x00007ffb05b8b000 	C:\WINDOWS\SYSTEM32\CRYPTSP.dll
0x00007ffb05280000 - 0x00007ffb052b9000 	C:\WINDOWS\system32\rsaenh.dll
0x00007ffb05940000 - 0x00007ffb05973000 	C:\WINDOWS\SYSTEM32\USERENV.dll
0x00007ffb06480000 - 0x00007ffb064aa000 	C:\WINDOWS\SYSTEM32\bcrypt.dll
0x00007ffb05b90000 - 0x00007ffb05b9c000 	C:\WINDOWS\SYSTEM32\CRYPTBASE.dll
0x00007ffb04e60000 - 0x00007ffb04e92000 	C:\WINDOWS\SYSTEM32\IPHLPAPI.DLL
0x00007ffb08240000 - 0x00007ffb0824a000 	C:\WINDOWS\System32\NSI.dll
0x00007ffad1e80000 - 0x00007ffad1ec9000 	C:\Users\user\AppData\Local\Temp\jna-3599307\jna8027645212547143845.dll
0x00007ffb086f0000 - 0x00007ffb086f8000 	C:\WINDOWS\System32\PSAPI.DLL
0x00007ffafe900000 - 0x00007ffafe91d000 	C:\WINDOWS\SYSTEM32\dhcpcsvc6.DLL
0x00007ffafe300000 - 0x00007ffafe325000 	C:\WINDOWS\SYSTEM32\dhcpcsvc.DLL
0x00007ffadd240000 - 0x00007ffadd267000 	C:\Users\user\.gradle\native\1def1411415f61bf3af743bc5b6707747c0891f09f0c88961ee8f79bc544acac\windows-amd64\native-platform.dll
0x00007ffadc2c0000 - 0x00007ffadc2ca000 	C:\Users\user\.vscode\extensions\redhat.java-1.54.0-win32-x64\jre\21.0.10-win32-x86_64\bin\management.dll
0x00007ffadc2b0000 - 0x00007ffadc2bc000 	C:\Users\user\.vscode\extensions\redhat.java-1.54.0-win32-x64\jre\21.0.10-win32-x86_64\bin\management_ext.dll
0x00007ffaea230000 - 0x00007ffaea239000 	C:\Users\user\.vscode\extensions\redhat.java-1.54.0-win32-x64\jre\21.0.10-win32-x86_64\bin\extnet.dll
0x00007ffad0fe0000 - 0x00007ffad0fee000 	C:\Users\user\.vscode\extensions\redhat.java-1.54.0-win32-x64\jre\21.0.10-win32-x86_64\bin\sunmscapi.dll
0x00007ffb06b70000 - 0x00007ffb06ce8000 	C:\WINDOWS\System32\CRYPT32.dll
0x00007ffb05d90000 - 0x00007ffb05dc0000 	C:\WINDOWS\SYSTEM32\ncrypt.dll
0x00007ffb05d40000 - 0x00007ffb05d7f000 	C:\WINDOWS\SYSTEM32\NTASN1.dll
0x00007ffaf73a0000 - 0x00007ffaf73a8000 	C:\WINDOWS\system32\wshunix.dll

JVMTI agents:
c:\Users\user\.vscode\extensions\redhat.java-1.54.0-win32-x64\lombok\lombok-1.18.39-4050.jar path:c:\Users\user\.vscode\extensions\redhat.java-1.54.0-win32-x64\jre\21.0.10-win32-x86_64\bin\instrument.dll, loaded, initialized, instrumentlib options:none

dbghelp: loaded successfully - version: 4.0.5 - missing functions: none
symbol engine: initialized successfully - sym options: 0x614 - pdb path: .;c:\Users\user\.vscode\extensions\redhat.java-1.54.0-win32-x64\jre\21.0.10-win32-x86_64\bin;C:\WINDOWS\SYSTEM32;C:\WINDOWS\WinSxS\amd64_microsoft.windows.common-controls_6595b64144ccf1df_6.0.26100.8457_none_3e0b2faee331e92d;c:\Users\user\.vscode\extensions\redhat.java-1.54.0-win32-x64\jre\21.0.10-win32-x86_64\bin\server;C:\Users\user\AppData\Roaming\Code\User\globalStorage\redhat.java\1.54.0\config_win\org.eclipse.equinox.launcher\org.eclipse.equinox.launcher.win32.win32.x86_64_1.3.0.v20260203-2149;C:\Users\user\AppData\Local\Temp\jna-3599307;C:\Users\user\.gradle\native\1def1411415f61bf3af743bc5b6707747c0891f09f0c88961ee8f79bc544acac\windows-amd64

VM Arguments:
jvm_args: --add-modules=ALL-SYSTEM --add-opens=java.base/java.util=ALL-UNNAMED --add-opens=java.base/java.lang=ALL-UNNAMED --add-opens=java.base/sun.nio.fs=ALL-UNNAMED -Declipse.application=org.eclipse.jdt.ls.core.id1 -Dosgi.bundles.defaultStartLevel=4 -Declipse.product=org.eclipse.jdt.ls.core.product -Djava.import.generatesMetadataFilesAtProjectRoot=false -DDetectVMInstallationsJob.disabled=true -Dfile.encoding=utf8 -XX:+UseParallelGC -XX:GCTimeRatio=4 -XX:AdaptiveSizePolicyWeight=90 -Dsun.zip.disableMemoryMapping=true -Xmx2G -Xms100m -Xlog:disable -javaagent:c:\Users\user\.vscode\extensions\redhat.java-1.54.0-win32-x64\lombok\lombok-1.18.39-4050.jar -XX:+HeapDumpOnOutOfMemoryError -XX:HeapDumpPath=c:\Users\user\AppData\Roaming\Code\User\workspaceStorage\e95794477d9dae20136f1a5bcfe74657\redhat.java -Daether.dependencyCollector.impl=bf 
java_command: c:\Users\user\.vscode\extensions\redhat.java-1.54.0-win32-x64\server\plugins\org.eclipse.equinox.launcher_1.7.100.v20251111-0406.jar -configuration c:\Users\user\AppData\Roaming\Code\User\globalStorage\redhat.java\1.54.0\config_win -data c:\Users\user\AppData\Roaming\Code\User\workspaceStorage\e95794477d9dae20136f1a5bcfe74657\redhat.java\jdt_ws --pipe=\\.\pipe\lsp-fcb41b481a978d2e7285dc316bc90daa-sock
java_class_path (initial): c:\Users\user\.vscode\extensions\redhat.java-1.54.0-win32-x64\server\plugins\org.eclipse.equinox.launcher_1.7.100.v20251111-0406.jar
Launcher Type: SUN_STANDARD

[Global flags]
    uintx AdaptiveSizePolicyWeight                 = 90                                        {product} {command line}
     intx CICompilerCount                          = 4                                         {product} {ergonomic}
    uintx GCTimeRatio                              = 4                                         {product} {command line}
     bool HeapDumpOnOutOfMemoryError               = true                                   {manageable} {command line}
    ccstr HeapDumpPath                             = c:\Users\user\AppData\Roaming\Code\User\workspaceStorage\e95794477d9dae20136f1a5bcfe74657\redhat.java         {manageable} {command line}
   size_t InitialHeapSize                          = 104857600                                 {product} {command line}
   size_t MaxHeapSize                              = 2147483648                                {product} {command line}
   size_t MaxNewSize                               = 715653120                                 {product} {ergonomic}
   size_t MinHeapDeltaBytes                        = 524288                                    {product} {ergonomic}
   size_t MinHeapSize                              = 104857600                                 {product} {command line}
   size_t NewSize                                  = 34603008                                  {product} {ergonomic}
    uintx NonNMethodCodeHeapSize                   = 5839372                                {pd product} {ergonomic}
    uintx NonProfiledCodeHeapSize                  = 122909434                              {pd product} {ergonomic}
   size_t OldSize                                  = 70254592                                  {product} {ergonomic}
    uintx ProfiledCodeHeapSize                     = 122909434                              {pd product} {ergonomic}
    uintx ReservedCodeCacheSize                    = 251658240                              {pd product} {ergonomic}
     bool SegmentedCodeCache                       = true                                      {product} {ergonomic}
   size_t SoftMaxHeapSize                          = 2147483648                             {manageable} {ergonomic}
     bool UseCompressedOops                        = true                           {product lp64_product} {ergonomic}
     bool UseLargePagesIndividualAllocation        = false                                  {pd product} {ergonomic}
     bool UseParallelGC                            = true                                      {product} {command line}

Logging:
Log output configuration:
 #0: stdout all=off uptime,level,tags foldmultilines=false
 #1: stderr all=off uptime,level,tags foldmultilines=false

Release file:
JAVA_VERSION="21.0.10" 
MODULES="java.base java.compiler java.datatransfer java.xml java.prefs java.desktop java.instrument java.logging java.management java.security.sasl java.naming java.rmi java.management.rmi java.net.http java.scripting java.security.jgss java.transaction.xa java.sql java.sql.rowset java.xml.crypto java.se java.smartcardio jdk.accessibility jdk.internal.jvmstat jdk.attach jdk.charsets jdk.internal.opt jdk.zipfs jdk.compiler jdk.crypto.ec jdk.crypto.cryptoki jdk.crypto.mscapi jdk.dynalink jdk.internal.ed jdk.editpad jdk.hotspot.agent jdk.httpserver jdk.internal.le jdk.internal.vm.ci jdk.internal.vm.compiler jdk.internal.vm.compiler.management jdk.jartool jdk.javadoc jdk.jcmd jdk.management jdk.management.agent jdk.jconsole jdk.jdeps jdk.jdwp.agent jdk.jdi jdk.jfr jdk.jshell jdk.jsobject jdk.jstatd jdk.localedata jdk.management.jfr jdk.naming.dns jdk.naming.rmi jdk.net jdk.nio.mapmode jdk.random jdk.sctp jdk.security.auth jdk.security.jgss jdk.unsupported jdk.unsupported.desktop jdk.xml.dom" 

Environment Variables:
JAVA_HOME=C:\Program Files\Java\jdk-17
CLASSPATH=.;C:\Program Files\Java\jdk-17\lib\tools.jar
PATH=C:\Emgu\emgucv-windows-universal 2.4.10.1940\bin\x64;C:\Users\user\AppData\Local\Programs\Python\Python310;C:\Users\user\AppData\Local\Programs\Python\Python312;C:\Python313\Scripts\;C:\Python313\;C:\Program Files\Java\jdk-17\bin;C:\Program Files\Java\jdk-21\bin;C:\Program Files\Java\jdk-20\bin;C:\Program Files\Java\jdk-11.0.16.1\bin;C:\oraclexe\app\oracle\product\11.2.0\server\bin;C:\Program Files\Common Files\Oracle\Java\javapath;C:\Users\user\eclipse-workspace\.metadata\.log.;C:\windows\system32;C:\windows;C:\windows\System32\Wbem;C:\windows\System32\WindowsPowerShell\v1.0\;C:\windows\System32\OpenSSH\;C:\Program Files (x86)\NVIDIA Corporation\PhysX\Common;C:\Program Files\NVIDIA Corporation\NVIDIA NvDLISR;C:\WINDOWS\system32;C:\WINDOWS;C:\WINDOWS\System32\Wbem;C:\WINDOWS\System32\WindowsPowerShell\v1.0\;C:\WINDOWS\System32\OpenSSH\;C:\Program Files\PuTTY\;C:\Program Files (x86)\Microsoft SQL Server\160\Tools\Binn\;C:\Program Files\Microsoft SQL Server\160\Tools\Binn\;C:\Program Files\Microsoft SQL Server\Client SDK\ODBC\170\Tools\Binn\;C:\Program Files\Microsoft SQL Server\160\DTS\Binn\;C:\ProgramData\chocolatey\bin;C:\ngrok;C:\Program Files\nodejs\;C:\Program Files\Docker\Docker\resources\bin;C:\Program Files\Git\cmd;C:\Users\user\AppData\Local\Programs\Python\Python310\Scripts;C:\Emgu\emgucv-windows-universal 2.4.10.1940\bin\x64;C:\Users\user\AppData\Local\Programs\Python\Python310;C:\Users\user\AppData\Local\Programs\Python\Python312;C:\Python313\Scripts\;C:\Python313\;C:\Program Files\Java\jdk-17\bin;C:\Program Files\Java\jdk-21\bin;C:\Program Files\Java\jdk-20\bin;C:\Program Files\Java\jdk-11.0.16.1\bin;C:\oraclexe\app\oracle\product\11.2.0\server\bin;C:\Program Files\Common Files\Oracle\Java\javapath;C:\Users\user\eclipse-workspace\.metadata\.log.;C:\windows\system32;C:\windows;C:\windows\System32\Wbem;C:\windows\System32\WindowsPowerShell\v1.0\;C:\windows\System32\OpenSSH\;C:\Program Files (x86)\NVIDIA Corporation\PhysX\Common;C:\Program Files\NVIDIA Corporation\NVIDIA NvDLISR;C:\WINDOWS\system32;C:\WINDOWS;C:\WINDOWS\System32\Wbem;C:\WINDOWS\System32\WindowsPowerShell\v1.0\;C:\WINDOWS\System32\OpenSSH\;C:\Program Files\PuTTY\;C:\Program Files (x86)\Microsoft SQL Server\160\Tools\Binn\;C:\Program Files\Microsoft SQL Server\160\Tools\Binn\;C:\Program Files\Microsoft SQL Server\Client SDK\ODBC\170\Tools\Binn\;C:\Program Files\Microsoft SQL Server\160\DTS\Binn\;C:\ProgramData\chocolatey\bin;C:\ngrok;C:\Program Files\nodejs\;C:\Program Files\Docker\Docker\resources\bin;C:\Program Files\Git\cmd;C:\Users\user\AppData\Local\Programs\Python\Python310\Scripts;C:\Users\user\AppData\Local\Microsoft\WindowsApps;C:\Users\user\AppData\Local\Programs\Python\Python310;C:\Users\user\AppData\Local\Programs\Python\Python310\Scripts;C:\Users\user\AppData\Local\Programs\Python\Launcher\;C:\Users\user\AppData\Local\Programs\Microsoft VS Code\bin;C:\Users\user\AppData\Local\GitHubDesktop\bin;C:\Users\user\AppData\Roaming\npm;E:\Antigravity\bin;;D:\SignBridge\node_modules\.bin;C:\Users\user\AppData\Roaming\npm;C:\Users\user\AppData\Roaming\npm
USERNAME=user
OS=Windows_NT
PROCESSOR_IDENTIFIER=Intel64 Family 6 Model 140 Stepping 1, GenuineIntel
TMP=C:\Users\user\AppData\Local\Temp
TEMP=C:\Users\user\AppData\Local\Temp




Periodic native trim disabled

---------------  S Y S T E M  ---------------

OS:
 Windows 11 , 64 bit Build 26100 (10.0.26100.8328)
OS uptime: 0 days 8:26 hours
Hyper-V role detected

CPU: total 8 (initial active 8) (4 cores per cpu, 2 threads per core) family 6 model 140 stepping 1 microcode 0xb4, cx8, cmov, fxsr, ht, mmx, 3dnowpref, sse, sse2, sse3, ssse3, sse4.1, sse4.2, popcnt, lzcnt, tsc, tscinvbit, avx, avx2, aes, erms, clmul, bmi1, bmi2, adx, avx512f, avx512dq, avx512cd, avx512bw, avx512vl, sha, fma, vzeroupper, avx512_vpopcntdq, avx512_vpclmulqdq, avx512_vaes, avx512_vnni, clflush, clflushopt, clwb, avx512_vbmi2, avx512_vbmi, hv, rdtscp, rdpid, fsrm, gfni, avx512_bitalg, f16c, cet_ibt, cet_ss, avx512_ifma
Processor Information for the first 8 processors :
  Max Mhz: 2419, Current Mhz: 2419, Mhz Limit: 2419

Memory: 4k page, system-wide physical 7865M (656M free)
TotalPageFile size 32441M (AvailPageFile size 10M)
current process WorkingSet (physical memory assigned to process): 833M, peak: 836M
current process commit charge ("private bytes"): 879M, peak: 884M

vm_info: OpenJDK 64-Bit Server VM (21.0.10+7-LTS) for windows-amd64 JRE (21.0.10+7-LTS), built on 2026-01-20T00:00:00Z by "admin" with MS VC++ 17.12 (VS2022)

END.
